PRT2
274
266
622
4 0 22 (1056 1088 1184) (1056 1088 1168) (1056 1024 1168) (1056 1024 1184) 
4 0 3 (1056 1024 1184) (1056 1024 1168) (1328 1024 1168) (1328 1024 1184) 
4 1 8 (1328 896 1216) (1328 896 1168) (1408 896 1168) (1408 896 1216) 
4 1 4 (1408 896 1168) (1328 896 1168) (1328 1024 1168) (1408 1024 1168) 
4 1 3 (1328 1024 1184) (1328 1024 1168) (1328 896 1168) (1328 896 1184) 
4 1 2 (1328 1024 1216) (1328 1024 1184) (1328 896 1184) (1328 896 1216) 
4 2 23 (1056 1024 1216) (1056 1024 1184) (1056 896 1184) (1056 896 1216) 
4 2 9 (1280 896 1184) (1328 896 1184) (1328 896 1216) (1280 896 1216) 
4 2 3 (1056 1024 1184) (1328 1024 1184) (1328 896 1184) (1056 896 1184) 
4 3 24 (1056 1024 1184) (1056 1024 1168) (1056 896 1168) (1056 896 1184) 
4 3 11 (1056 896 1184) (1056 896 1168) (1280 896 1168) (1280 896 1184) 
4 3 10 (1280 896 1168) (1328 896 1168) (1328 896 1184) (1280 896 1184) 
4 3 4 (1328 896 1168) (1056 896 1168) (1056 1024 1168) (1328 1024 1168) 
4 4 28 (1056 1024 -1072) (1056 896 -1072) (1056 896 312) (1056 1024 312) 
4 4 25 (1056 896 312) (1056 896 1168) (1056 1024 1168) (1056 1024 312) 
4 4 12 (1280 896 -1072) (1408 896 -1072) (1408 896 1168) (1280 896 1168) 
4 4 7 (1328 896 -1072) (1056 896 -1072) (1056 1024 -1072) (1328 1024 -1072) 
4 4 6 (1408 896 -1072) (1328 896 -1072) (1328 1024 -1072) (1408 1024 -1072) 
4 5 29 (1056 1088 -1088) (1056 1024 -1088) (1056 1024 -1072) (1056 1088 -1072) 
4 5 7 (1056 1024 -1088) (1328 1024 -1088) (1328 1024 -1072) (1056 1024 -1072) 
4 6 13 (1328 896 -1088) (1408 896 -1088) (1408 896 -1072) (1328 896 -1072) 
4 6 7 (1328 1024 -1072) (1328 1024 -1088) (1328 896 -1088) (1328 896 -1072) 
4 7 30 (1056 1024 -1088) (1056 896 -1088) (1056 896 -1072) (1056 1024 -1072) 
4 7 21 (1056 896 -1072) (1056 896 -1088) (1280 896 -1088) (1280 896 -1072) 
4 7 14 (1280 896 -1088) (1328 896 -1088) (1328 896 -1072) (1280 896 -1072) 
4 8 82 (1328 -608 1280) (1328 -608 1168) (1408 -608 1168) (1408 -608 1280) 
4 8 12 (1408 -608 1168) (1328 -608 1168) (1328 896 1168) (1408 896 1168) 
4 8 10 (1328 896 1184) (1328 896 1168) (1328 -608 1168) (1328 -608 1184) 
4 8 9 (1328 896 1280) (1328 896 1184) (1328 -608 1184) (1328 -608 1280) 
4 9 83 (1280 -608 1280) (1280 -608 1184) (1328 -608 1184) (1328 -608 1280) 
4 9 10 (1280 -608 1184) (1280 896 1184) (1328 896 1184) (1328 -608 1184) 
4 10 84 (1280 -608 1184) (1280 -608 1168) (1328 -608 1168) (1328 -608 1184) 
4 10 12 (1328 -608 1168) (1280 -608 1168) (1280 896 1168) (1328 896 1168) 
4 10 11 (1280 896 1184) (1280 896 1168) (1280 -608 1168) (1280 -608 1184) 
4 11 86 (1056 -608 1184) (1056 -608 1168) (1280 -608 1168) (1280 -608 1184) 
4 11 71 (1056 -320 1168) (1056 -608 1168) (1056 -608 1184) (1056 -320 1184) 
4 11 68 (1056 -288 1168) (1056 -320 1168) (1056 -320 1184) (1056 -288 1184) 
4 11 26 (1056 896 1184) (1056 896 1168) (1056 -288 1168) (1056 -288 1184) 
4 12 101 (1280 -608 152) (1280 -608 -1072) (1408 -608 -1072) (1408 -608 152) 
4 12 91 (1280 -608 160) (1280 -608 152) (1408 -608 152) (1408 -608 160) 
4 12 85 (1408 -608 1168) (1280 -608 1168) (1280 -608 160) (1408 -608 160) 
4 12 14 (1328 -608 -1072) (1280 -608 -1072) (1280 896 -1072) (1328 896 -1072) 
4 12 13 (1408 -608 -1072) (1328 -608 -1072) (1328 896 -1072) (1408 896 -1072) 
4 13 102 (1408 -608 -1152) (1408 -608 -1072) (1328 -608 -1072) (1328 -608 -1152) 
4 13 15 (1328 -608 -1152) (1328 -608 -1088) (1328 896 -1088) (1328 896 -1152) 
4 13 14 (1328 -608 -1088) (1328 -608 -1072) (1328 896 -1072) (1328 896 -1088) 
4 14 103 (1328 -608 -1088) (1328 -608 -1072) (1280 -608 -1072) (1280 -608 -1088) 
4 14 21 (1280 -608 -1088) (1280 -608 -1072) (1280 896 -1072) (1280 896 -1088) 
4 14 15 (1280 -608 -1088) (1280 896 -1088) (1328 896 -1088) (1328 -608 -1088) 
4 15 104 (1328 -608 -1152) (1328 -608 -1088) (1280 -608 -1088) (1280 -608 -1152) 
4 16 105 (1128 -608 -1072) (1280 -608 -1072) (1280 -608 152) (1128 -608 152) 
4 16 92 (1280 -608 152) (1280 -608 160) (1128 -608 160) (1128 -608 152) 
4 16 87 (1280 -608 160) (1280 -608 1168) (1128 -608 1168) (1128 -608 160) 
4 16 20 (1128 -272 -1072) (1128 -608 -1072) (1128 -608 1168) (1128 -272 1168) 
4 16 19 (1128 880 -1072) (1128 -272 -1072) (1128 -272 -920) (1128 880 -920) 
4 16 18 (1128 -272 312) (1128 -272 1168) (1128 880 1168) (1128 880 312) 
4 16 17 (1128 896 -1072) (1128 880 -1072) (1128 880 1168) (1128 896 1168) 
4 17 32 (1056 896 -928) (1056 896 -1072) (1056 880 -1072) (1056 880 -928) 
4 17 27 (1056 896 1168) (1056 896 384) (1056 880 384) (1056 880 1168) 
4 17 19 (1056 880 -1072) (1128 880 -1072) (1128 880 -920) (1056 880 -920) 
4 17 18 (1128 880 312) (1128 880 1168) (1056 880 1168) (1056 880 312) 
4 18 27 (1056 -272 384) (1056 -272 1168) (1056 880 1168) (1056 880 384) 
4 18 20 (1128 -272 312) (1128 -272 1168) (1056 -272 1168) (1056 -272 312) 
4 19 65 (1056 264 -1072) (1056 -272 -1072) (1056 -272 -928) (1056 264 -928) 
4 19 48 (1056 848 -1072) (1056 264 -1072) (1056 264 -928) (1056 848 -928) 
4 19 32 (1056 880 -1072) (1056 848 -1072) (1056 848 -928) (1056 880 -928) 
4 19 20 (1056 -272 -1072) (1128 -272 -1072) (1128 -272 -920) (1056 -272 -920) 
4 20 105 (1056 -608 152) (1056 -608 -1072) (1128 -608 -1072) (1128 -608 152) 
4 20 92 (1056 -608 160) (1056 -608 152) (1128 -608 152) (1128 -608 160) 
4 20 87 (1056 -608 1168) (1056 -608 160) (1128 -608 160) (1128 -608 1168) 
4 20 80 (1056 -288 -1072) (1056 -608 -1072) (1056 -608 -16) (1056 -288 -16) 
4 20 77 (1056 -608 -16) (1056 -608 56) (1056 -320 56) (1056 -320 -16) 
4 20 72 (1056 -608 56) (1056 -608 1168) (1056 -320 1168) (1056 -320 56) 
4 20 69 (1056 -320 1168) (1056 -288 1168) (1056 -288 -16) (1056 -320 -16) 
4 20 66 (1056 -272 -1072) (1056 -288 -1072) (1056 -288 -920) (1056 -272 -920) 
4 20 27 (1056 -288 384) (1056 -288 1168) (1056 -272 1168) (1056 -272 384) 
4 21 107 (1056 -608 -1072) (1056 -608 -1088) (1280 -608 -1088) (1280 -608 -1072) 
4 21 81 (1056 -288 -1088) (1056 -608 -1088) (1056 -608 -1072) (1056 -288 -1072) 
4 21 67 (1056 264 -1088) (1056 -288 -1088) (1056 -288 -1072) (1056 264 -1072) 
4 21 49 (1056 848 -1088) (1056 264 -1088) (1056 264 -1072) (1056 848 -1072) 
4 21 33 (1056 896 -1072) (1056 896 -1088) (1056 848 -1088) (1056 848 -1072) 
4 22 157 (440 1088 1184) (440 1088 1168) (440 1024 1168) (440 1024 1184) 
4 22 24 (440 1024 1184) (440 1024 1168) (1056 1024 1168) (1056 1024 1184) 
4 23 158 (440 1024 1216) (440 1024 1184) (440 896 1184) (440 896 1216) 
4 23 24 (1056 896 1184) (440 896 1184) (440 1024 1184) (1056 1024 1184) 
4 24 159 (440 1024 1184) (440 1024 1168) (440 896 1168) (440 896 1184) 
4 24 26 (440 896 1184) (440 896 1168) (1056 896 1168) (1056 896 1184) 
4 24 25 (1056 896 1168) (440 896 1168) (440 1024 1168) (1056 1024 1168) 
4 25 161 (440 1024 312) (440 896 312) (440 896 1168) (440 1024 1168) 
4 25 28 (440 896 312) (440 1024 312) (1056 1024 312) (1056 896 312) 
4 26 162 (440 896 1184) (440 896 1168) (440 -288 1168) (440 -288 1184) 
4 26 78 (440 -288 1184) (440 -288 1168) (720 -288 1168) (720 -288 1184) 
4 26 68 (720 -288 1168) (1056 -288 1168) (1056 -288 1184) (720 -288 1184) 
4 27 163 (440 896 1168) (440 896 384) (440 -288 384) (440 -288 1168) 
4 27 79 (440 -288 1168) (440 -288 480) (720 -288 480) (720 -288 1168) 
4 27 70 (968 -288 480) (968 -288 1168) (720 -288 1168) (720 -288 480) 
4 27 69 (968 -288 384) (1056 -288 384) (1056 -288 1168) (968 -288 1168) 
4 28 250 (440 1024 -1072) (440 896 -1072) (440 896 -920) (440 1024 -920) 
4 28 175 (440 896 -920) (440 896 312) (440 1024 312) (440 1024 -920) 
4 28 30 (1056 896 -1072) (440 896 -1072) (440 1024 -1072) (1056 1024 -1072) 
4 29 251 (440 1088 -1088) (440 1024 -1088) (440 1024 -1072) (440 1088 -1072) 
4 29 30 (440 1024 -1088) (1056 1024 -1088) (1056 1024 -1072) (440 1024 -1072) 
4 30 252 (440 1024 -1088) (440 896 -1088) (440 896 -1072) (440 1024 -1072) 
4 30 33 (1056 896 -1088) (1056 896 -1072) (440 896 -1072) (440 896 -1088) 
4 31 177 (440 848 -920) (440 848 -192) (440 880 -192) (440 880 -920) 
4 31 176 (440 848 -168) (440 848 312) (440 880 312) (440 880 -168) 
4 31 36 (1056 848 -920) (1056 848 -168) (512 848 -168) (512 848 -920) 
4 31 35 (600 848 104) (600 848 -48) (968 848 -48) (968 848 104) 
4 31 34 (1056 848 152) (1056 848 312) (512 848 312) (512 848 152) 
4 32 254 (440 848 -1072) (440 848 -928) (440 896 -928) (440 896 -1072) 
4 32 48 (1056 848 -1072) (1056 848 -928) (440 848 -928) (440 848 -1072) 
4 33 257 (440 848 -1088) (440 848 -1072) (440 896 -1072) (440 896 -1088) 
4 33 49 (1056 848 -1088) (1056 848 -1072) (440 848 -1072) (440 848 -1088) 
4 34 37 (512 672 312) (512 672 152) (1056 672 152) (1056 672 312) 
4 35 37 (600 672 -48) (968 672 -48) (968 672 104) (600 672 104) 
4 36 37 (512 672 -168) (512 672 -920) (1056 672 -920) (1056 672 -168) 
4 37 39 (512 488 -80) (512 488 -920) (1056 488 -920) (1056 488 -80) 
4 37 38 (512 488 312) (512 488 -40) (1056 488 -40) (1056 488 312) 
4 38 40 (512 456 312) (512 456 -40) (1056 456 -40) (1056 456 312) 
4 39 40 (512 456 -80) (512 456 -920) (1056 456 -920) (1056 456 -80) 
4 40 46 (512 448 -368) (512 448 -920) (600 448 -920) (600 448 -368) 
3 40 45 (584 448 -368) (600 448 -368) (600 448 -352.00000000000006) 
4 40 44 (600 448 -920) (1056 448 -920) (1056 448 -336) (600 448 -336) 
4 40 43 (512 448 312) (512 448 -336) (568 448 -336) (568 448 312) 
4 40 41 (600 448 -336) (1056 448 -336) (1056 448 312) (600 448 312) 
4 41 59 (1056 264 -336) (1056 264 -168) (600 264 -168) (600 264 -336) 
4 41 54 (600 264 104) (600 264 -48) (968 264 -48) (968 264 104) 
4 41 52 (968 264 312) (600 264 312) (600 264 152) (968 264 152) 
4 41 50 (1056 264 152) (1056 264 312) (968 264 312) (968 264 152) 
4 41 44 (1056 264 -336) (600 264 -336) (600 448 -336) (1056 448 -336) 
4 41 42 (600 408 -336) (600 264 -336) (600 264 312) (600 408 312) 
4 42 59 (568 264 -168) (568 264 -336) (600 264 -336) (600 264 -168) 
4 42 56 (600 264 312) (568 264 312) (568 264 152) (600 264 152) 
4 42 47 (600 264 -336) (568 264 -336) (568 408 -336) (600 408 -336) 
4 42 43 (568 408 -336) (568 264 -336) (568 264 312) (568 408 312) 
4 43 59 (512 264 -168) (512 264 -336) (568 264 -336) (568 264 -168) 
4 43 56 (568 264 312) (512 264 312) (512 264 152) (568 264 152) 
4 43 47 (568 264 -336) (512 264 -336) (512 408 -336) (568 408 -336) 
4 44 59 (1056 264 -920) (1056 264 -336) (600 264 -336) (600 264 -920) 
4 44 47 (600 264 -336) (600 408 -336) (600 408 -920) (600 264 -920) 
4 44 46 (600 448 -368) (600 448 -920) (600 408 -920) (600 408 -368) 
4 44 45 (600 448 -352.00000000000006) (600 448 -368) (600 408 -368) (600 408 -352.00000000000006) 
3 45 47 (600 408 -368) (600 408 -352.00000000000006) (584 408 -368) 
4 45 46 (600 408 -368) (584 408 -368) (584 448 -368) (600 448 -368) 
4 46 47 (600 408 -920) (600 408 -368) (512 408 -368) (512 408 -920) 
4 47 59 (600 264 -336) (512 264 -336) (512 264 -920) (600 264 -920) 
4 48 254 (440 264 -1072) (440 264 -928) (440 848 -928) (440 848 -1072) 
4 48 65 (1056 264 -1072) (1056 264 -928) (440 264 -928) (440 264 -1072) 
4 49 257 (440 264 -1088) (440 264 -1072) (440 848 -1072) (440 848 -1088) 
4 49 67 (1056 264 -1088) (1056 264 -1072) (440 264 -1072) (440 264 -1088) 
4 50 52 (968 264 312) (968 264 152) (968 88 152) (968 88 312) 
4 50 51 (968 88 312) (968 88 152) (1056 88 152) (1056 88 312) 
4 51 62 (968 -168 -48) (968 72 -48) (1056 72 -48) (1056 -168 -48) 
4 51 60 (968 80 -48) (968 88 -48) (1056 88 -48) (1056 80 -48) 
4 51 55 (968 88 -48) (968 -272 -48) (968 -272 104) (968 88 104) 
4 51 53 (968 -272 104) (968 -272 312) (968 88 312) (968 88 104) 
4 52 56 (600 264 312) (600 264 152) (600 88 152) (600 88 312) 
4 52 53 (600 88 312) (600 88 152) (968 88 152) (968 88 312) 
4 53 57 (600 88 104) (600 -272 104) (600 -272 312) (600 88 312) 
4 53 55 (600 -272 104) (600 88 104) (968 88 104) (968 -272 104) 
4 55 62 (600 -168 -48) (600 72 -48) (968 72 -48) (968 -168 -48) 
4 55 60 (600 80 -48) (600 88 -48) (968 88 -48) (968 80 -48) 
4 55 57 (600 88 -48) (600 -272 -48) (600 -272 104) (600 88 104) 
4 56 57 (512 88 312) (512 88 152) (600 88 152) (600 88 312) 
4 57 62 (512 -168 -48) (512 72 -48) (600 72 -48) (600 -168 -48) 
4 57 60 (512 80 -48) (512 88 -48) (600 88 -48) (600 80 -48) 
4 57 58 (512 -176 -48) (512 -272 -48) (512 -272 312) (512 -176 312) 
4 58 179 (440 -272 312) (440 -176 312) (440 -176 -48) (440 -272 -48) 
4 59 60 (512 88 -168) (512 88 -920) (1056 88 -920) (1056 88 -168) 
4 60 61 (512 80 -56) (512 80 -920) (1056 80 -920) (1056 80 -56) 
4 61 62 (512 72 -56) (512 72 -920) (1056 72 -920) (1056 72 -56) 
4 62 63 (512 -168 -56) (512 -168 -920) (1056 -168 -920) (1056 -168 -56) 
4 63 64 (512 -176 -920) (1056 -176 -920) (1056 -176 -72) (512 -176 -72) 
4 64 183 (440 -176 -72) (440 -176 -920) (440 -272 -920) (440 -272 -72) 
4 65 254 (440 264 -928) (440 264 -1072) (440 -272 -1072) (440 -272 -928) 
4 65 66 (440 -272 -1072) (1056 -272 -1072) (1056 -272 -928) (440 -272 -928) 
4 66 255 (440 -288 -1072) (440 -288 -920) (440 -272 -920) (440 -272 -1072) 
4 66 80 (440 -288 -920) (440 -288 -1072) (1056 -288 -1072) (1056 -288 -920) 
4 67 257 (440 -288 -1088) (440 -288 -1072) (440 264 -1072) (440 264 -1088) 
4 67 81 (440 -288 -1072) (440 -288 -1088) (1056 -288 -1088) (1056 -288 -1072) 
4 68 78 (720 -288 1184) (720 -288 1168) (720 -320 1168) (720 -320 1184) 
4 68 75 (720 -320 1184) (720 -320 1168) (856 -320 1168) (856 -320 1184) 
4 68 71 (856 -320 1168) (1056 -320 1168) (1056 -320 1184) (856 -320 1184) 
4 69 80 (968 -288 -16) (1056 -288 -16) (1056 -320 -16) (968 -320 -16) 
4 69 77 (968 -320 -16) (1056 -320 -16) (1056 -320 56) (968 -320 56) 
4 69 73 (1016 -320 1168) (968 -320 1168) (968 -320 56) (1016 -320 56) 
4 69 72 (1056 -320 56) (1056 -320 1168) (1016 -320 1168) (1016 -320 56) 
4 69 70 (968 -320 480) (968 -320 1168) (968 -288 1168) (968 -288 480) 
4 70 79 (720 -288 1168) (720 -288 480) (720 -320 480) (720 -320 1168) 
4 70 76 (720 -320 1168) (720 -320 480) (856 -320 480) (856 -320 1168) 
4 70 73 (856 -320 480) (968 -320 480) (968 -320 1168) (856 -320 1168) 
4 71 86 (856 -608 1184) (856 -608 1168) (1056 -608 1168) (1056 -608 1184) 
4 71 75 (856 -320 1184) (856 -320 1168) (856 -608 1168) (856 -608 1184) 
4 72 105 (1016 -608 56) (1056 -608 56) (1056 -608 152) (1016 -608 152) 
4 72 92 (1056 -608 152) (1056 -608 160) (1016 -608 160) (1016 -608 152) 
4 72 87 (1056 -608 160) (1056 -608 1168) (1016 -608 1168) (1016 -608 160) 
4 72 77 (1016 -320 56) (1056 -320 56) (1056 -608 56) (1016 -608 56) 
4 72 74 (1016 -608 216) (1016 -608 1168) (1016 -408 1168) (1016 -408 216) 
4 72 73 (1016 -320 56) (1016 -408 56) (1016 -408 1168) (1016 -320 1168) 
4 73 77 (856 -320 56) (1016 -320 56) (1016 -408 56) (856 -408 56) 
4 73 76 (856 -320 1168) (856 -320 160) (856 -408 160) (856 -408 1168) 
4 73 74 (1016 -408 216) (1016 -408 1168) (856 -408 1168) (856 -408 216) 
4 74 88 (856 -608 1168) (856 -608 216) (1016 -608 216) (1016 -608 1168) 
4 74 76 (856 -608 216) (856 -608 1168) (856 -408 1168) (856 -408 216) 
4 75 86 (720 -608 1184) (720 -608 1168) (856 -608 1168) (856 -608 1184) 
4 75 78 (720 -320 1184) (720 -320 1168) (720 -608 1168) (720 -608 1184) 
4 76 89 (720 -608 1168) (720 -608 160) (856 -608 160) (856 -608 1168) 
4 76 79 (720 -320 1168) (720 -320 480) (720 -608 480) (720 -608 1168) 
4 77 106 (856 -608 -16) (1016 -608 -16) (1016 -608 56) (856 -608 56) 
4 77 105 (1016 -608 -16) (1056 -608 -16) (1056 -608 56) (1016 -608 56) 
4 77 80 (1056 -320 -16) (1056 -608 -16) (720 -608 -16) (720 -320 -16) 
4 78 162 (440 -288 1184) (440 -288 1168) (440 -608 1168) (440 -608 1184) 
4 78 86 (440 -608 1184) (440 -608 1168) (720 -608 1168) (720 -608 1184) 
4 79 163 (440 -288 1168) (440 -288 480) (440 -608 480) (440 -608 1168) 
4 79 90 (440 -608 1168) (440 -608 480) (720 -608 480) (720 -608 1168) 
4 80 255 (440 -288 -920) (440 -288 -1072) (440 -608 -1072) (440 -608 -920) 
4 80 109 (440 -608 -16) (440 -608 -1072) (856 -608 -1072) (856 -608 -16) 
4 80 106 (856 -608 -1072) (1016 -608 -1072) (1016 -608 -16) (856 -608 -16) 
4 80 105 (1016 -608 -1072) (1056 -608 -1072) (1056 -608 -16) (1016 -608 -16) 
4 81 257 (440 -288 -1072) (440 -288 -1088) (440 -608 -1088) (440 -608 -1072) 
4 81 110 (440 -608 -1072) (440 -608 -1088) (856 -608 -1088) (856 -608 -1072) 
4 81 107 (856 -608 -1088) (1056 -608 -1088) (1056 -608 -1072) (856 -608 -1072) 
4 82 111 (1328 -728 1280) (1328 -728 1168) (1408 -728 1168) (1408 -728 1280) 
4 82 85 (1408 -728 1168) (1328 -728 1168) (1328 -608 1168) (1408 -608 1168) 
4 82 84 (1328 -608 1184) (1328 -608 1168) (1328 -728 1168) (1328 -728 1184) 
4 82 83 (1328 -608 1280) (1328 -608 1184) (1328 -728 1184) (1328 -728 1280) 
4 83 112 (1280 -728 1280) (1280 -728 1184) (1328 -728 1184) (1328 -728 1280) 
4 83 84 (1280 -728 1184) (1280 -608 1184) (1328 -608 1184) (1328 -728 1184) 
4 84 113 (1280 -728 1184) (1280 -728 1168) (1328 -728 1168) (1328 -728 1184) 
4 84 86 (1280 -608 1184) (1280 -608 1168) (1280 -728 1168) (1280 -728 1184) 
4 84 85 (1328 -728 1168) (1280 -728 1168) (1280 -608 1168) (1328 -608 1168) 
4 85 114 (1280 -728 1168) (1280 -728 160) (1408 -728 160) (1408 -728 1168) 
4 85 91 (1408 -728 160) (1280 -728 160) (1280 -608 160) (1408 -608 160) 
4 86 162 (440 -608 1184) (440 -608 1168) (440 -728 1168) (440 -728 1184) 
4 86 146 (440 -728 1184) (440 -728 1168) (720 -728 1168) (720 -728 1184) 
4 86 115 (720 -728 1168) (1280 -728 1168) (1280 -728 1184) (720 -728 1184) 
4 87 116 (1016 -728 160) (1280 -728 160) (1280 -728 1168) (1016 -728 1168) 
4 87 92 (1280 -728 160) (1016 -728 160) (1016 -608 160) (1280 -608 160) 
4 87 88 (1016 -728 216) (1016 -728 1168) (1016 -608 1168) (1016 -608 216) 
4 88 116 (1016 -728 216) (1016 -728 1168) (856 -728 1168) (856 -728 216) 
4 88 89 (856 -728 216) (856 -728 1168) (856 -608 1168) (856 -608 216) 
4 89 116 (720 -728 160) (856 -728 160) (856 -728 1168) (720 -728 1168) 
4 89 100 (736 -728 160) (728 -728 160) (728 -608 160) (736 -608 160) 
4 89 99 (752 -728 160) (744 -728 160) (744 -608 160) (752 -608 160) 
4 89 98 (768 -728 160) (760 -728 160) (760 -608 160) (768 -608 160) 
4 89 97 (784 -728 160) (776 -728 160) (776 -608 160) (784 -608 160) 
4 89 96 (800 -728 160) (792 -728 160) (792 -608 160) (800 -608 160) 
4 89 95 (816 -728 160) (808 -728 160) (808 -608 160) (816 -608 160) 
4 89 94 (832 -728 160) (824 -728 160) (824 -608 160) (832 -608 160) 
4 89 93 (848 -728 160) (840 -728 160) (840 -608 160) (848 -608 160) 
4 89 90 (720 -728 480) (720 -728 1168) (720 -608 1168) (720 -608 480) 
4 90 163 (440 -608 1168) (440 -608 480) (440 -728 480) (440 -728 1168) 
4 90 150 (440 -728 1168) (440 -728 480) (720 -728 480) (720 -728 1168) 
4 91 117 (1280 -728 152) (1408 -728 152) (1408 -728 160) (1280 -728 160) 
4 91 101 (1408 -728 152) (1280 -728 152) (1280 -608 152) (1408 -608 152) 
4 92 118 (1016 -728 152) (1280 -728 152) (1280 -728 160) (1016 -728 160) 
4 92 105 (1280 -728 152) (1016 -728 152) (1016 -608 152) (1280 -608 152) 
4 93 108 (848 -728 152) (840 -728 152) (840 -608 152) (848 -608 152) 
4 94 108 (832 -728 152) (824 -728 152) (824 -608 152) (832 -608 152) 
4 95 108 (816 -728 152) (808 -728 152) (808 -608 152) (816 -608 152) 
4 96 108 (800 -728 152) (792 -728 152) (792 -608 152) (800 -608 152) 
4 97 108 (784 -728 152) (776 -728 152) (776 -608 152) (784 -608 152) 
4 98 108 (768 -728 152) (760 -728 152) (760 -608 152) (768 -608 152) 
4 99 108 (752 -728 152) (744 -728 152) (744 -608 152) (752 -608 152) 
4 100 108 (736 -728 152) (728 -728 152) (728 -608 152) (736 -608 152) 
4 101 119 (1280 -728 56) (1280 -728 -1072) (1408 -728 -1072) (1408 -728 56) 
4 101 117 (1408 -728 152) (1280 -728 152) (1280 -728 56) (1408 -728 56) 
4 101 103 (1328 -728 -1072) (1280 -728 -1072) (1280 -608 -1072) (1328 -608 -1072) 
4 101 102 (1408 -728 -1072) (1328 -728 -1072) (1328 -608 -1072) (1408 -608 -1072) 
4 102 120 (1408 -728 -1152) (1408 -728 -1072) (1328 -728 -1072) (1328 -728 -1152) 
4 102 104 (1328 -728 -1152) (1328 -728 -1088) (1328 -608 -1088) (1328 -608 -1152) 
4 102 103 (1328 -728 -1088) (1328 -728 -1072) (1328 -608 -1072) (1328 -608 -1088) 
4 103 121 (1328 -728 -1088) (1328 -728 -1072) (1280 -728 -1072) (1280 -728 -1088) 
4 103 107 (1280 -728 -1088) (1280 -728 -1072) (1280 -608 -1072) (1280 -608 -1088) 
4 103 104 (1280 -728 -1088) (1280 -608 -1088) (1328 -608 -1088) (1328 -728 -1088) 
4 104 122 (1328 -728 -1152) (1328 -728 -1088) (1280 -728 -1088) (1280 -728 -1152) 
4 105 123 (1280 -728 -1072) (1280 -728 56) (1016 -728 56) (1016 -728 -1072) 
4 105 118 (1280 -728 56) (1280 -728 152) (1016 -728 152) (1016 -728 56) 
4 105 106 (1016 -608 -1072) (1016 -728 -1072) (1016 -728 56) (1016 -608 56) 
4 106 123 (856 -728 56) (856 -728 -1072) (1016 -728 -1072) (1016 -728 56) 
4 106 109 (856 -728 -1072) (856 -728 -16) (856 -608 -16) (856 -608 -1072) 
4 107 124 (1280 -728 -1088) (1280 -728 -1072) (856 -728 -1072) (856 -728 -1088) 
4 107 110 (856 -728 -1088) (856 -728 -1072) (856 -608 -1072) (856 -608 -1088) 
4 108 208 (440 -672 56) (440 -728 56) (440 -728 152) (440 -672 152) 
4 108 205 (440 -608 152) (440 -608 56) (440 -672 56) (440 -672 152) 
4 109 255 (440 -608 -920) (440 -608 -1072) (440 -728 -1072) (440 -728 -920) 
4 109 152 (440 -728 -16) (440 -728 -1072) (720 -728 -1072) (720 -728 -16) 
4 109 123 (720 -728 -1072) (856 -728 -1072) (856 -728 -16) (720 -728 -16) 
4 110 257 (440 -608 -1072) (440 -608 -1088) (440 -728 -1088) (440 -728 -1072) 
4 110 153 (440 -728 -1072) (440 -728 -1088) (720 -728 -1088) (720 -728 -1072) 
4 110 124 (720 -728 -1088) (856 -728 -1088) (856 -728 -1072) (720 -728 -1072) 
4 111 125 (1328 -816 1280) (1328 -816 1168) (1408 -816 1168) (1408 -816 1280) 
4 111 114 (1408 -816 1168) (1328 -816 1168) (1328 -728 1168) (1408 -728 1168) 
4 111 113 (1328 -728 1184) (1328 -728 1168) (1328 -816 1168) (1328 -816 1184) 
4 111 112 (1328 -728 1280) (1328 -728 1184) (1328 -816 1184) (1328 -816 1280) 
4 112 126 (1280 -816 1280) (1280 -816 1184) (1328 -816 1184) (1328 -816 1280) 
4 112 113 (1280 -816 1184) (1280 -728 1184) (1328 -728 1184) (1328 -816 1184) 
4 113 127 (1280 -816 1184) (1280 -816 1168) (1328 -816 1168) (1328 -816 1184) 
4 113 115 (1280 -728 1184) (1280 -728 1168) (1280 -816 1168) (1280 -816 1184) 
4 113 114 (1328 -816 1168) (1280 -816 1168) (1280 -728 1168) (1328 -728 1168) 
4 114 129 (1280 -816 1168) (1280 -816 160) (1408 -816 160) (1408 -816 1168) 
4 114 117 (1408 -816 160) (1280 -816 160) (1280 -728 160) (1408 -728 160) 
4 115 146 (720 -728 1184) (720 -728 1168) (720 -816 1168) (720 -816 1184) 
4 115 128 (720 -816 1184) (720 -816 1168) (1280 -816 1168) (1280 -816 1184) 
4 116 150 (720 -728 1168) (720 -728 480) (720 -816 480) (720 -816 1168) 
4 116 134 (720 -816 1168) (720 -816 480) (968 -816 480) (968 -816 1168) 
4 116 133 (968 -816 160) (1280 -816 160) (1280 -816 1168) (968 -816 1168) 
4 116 118 (1280 -816 160) (896 -816 160) (896 -728 160) (1280 -728 160) 
4 117 129 (1280 -816 56) (1408 -816 56) (1408 -816 160) (1280 -816 160) 
4 117 119 (1408 -816 56) (1280 -816 56) (1280 -728 56) (1408 -728 56) 
4 118 133 (968 -816 56) (1280 -816 56) (1280 -816 160) (968 -816 160) 
4 118 123 (1280 -816 56) (896 -816 56) (896 -728 56) (1280 -728 56) 
4 119 129 (1408 -816 56) (1280 -816 56) (1280 -816 -1072) (1408 -816 -1072) 
4 119 121 (1328 -816 -1072) (1280 -816 -1072) (1280 -728 -1072) (1328 -728 -1072) 
4 119 120 (1408 -816 -1072) (1328 -816 -1072) (1328 -728 -1072) (1408 -728 -1072) 
4 120 130 (1408 -816 -1152) (1408 -816 -1072) (1328 -816 -1072) (1328 -816 -1152) 
4 120 122 (1328 -816 -1152) (1328 -816 -1088) (1328 -728 -1088) (1328 -728 -1152) 
4 120 121 (1328 -816 -1088) (1328 -816 -1072) (1328 -728 -1072) (1328 -728 -1088) 
4 121 131 (1328 -816 -1088) (1328 -816 -1072) (1280 -816 -1072) (1280 -816 -1088) 
4 121 124 (1280 -816 -1088) (1280 -816 -1072) (1280 -728 -1072) (1280 -728 -1088) 
4 121 122 (1280 -816 -1088) (1280 -728 -1088) (1328 -728 -1088) (1328 -816 -1088) 
4 122 132 (1328 -816 -1152) (1328 -816 -1088) (1280 -816 -1088) (1280 -816 -1152) 
4 123 152 (720 -728 -16) (720 -728 -1072) (720 -816 -1072) (720 -816 -16) 
4 123 136 (720 -816 -16) (720 -816 -1072) (1280 -816 -1072) (1280 -816 -16) 
4 123 133 (968 -816 -16) (1280 -816 -16) (1280 -816 56) (968 -816 56) 
4 124 153 (720 -728 -1072) (720 -728 -1088) (720 -816 -1088) (720 -816 -1072) 
4 124 137 (720 -816 -1072) (720 -816 -1088) (1280 -816 -1088) (1280 -816 -1072) 
4 125 138 (1328 -2688 1216) (1328 -2688 1168) (1408 -2688 1168) (1408 -2688 1216) 
4 125 129 (1408 -2688 1168) (1328 -2688 1168) (1328 -816 1168) (1408 -816 1168) 
4 125 127 (1328 -816 1184) (1328 -816 1168) (1328 -2688 1168) (1328 -2688 1184) 
4 125 126 (1328 -816 1280) (1328 -816 1184) (1328 -2688 1184) (1328 -2688 1280) 
4 126 139 (1280 -2688 1216) (1280 -2688 1184) (1328 -2688 1184) (1328 -2688 1216) 
4 126 127 (1280 -2688 1184) (1280 -816 1184) (1328 -816 1184) (1328 -2688 1184) 
4 127 140 (1280 -2688 1184) (1280 -2688 1168) (1328 -2688 1168) (1328 -2688 1184) 
4 127 129 (1328 -2688 1168) (1280 -2688 1168) (1280 -816 1168) (1328 -816 1168) 
4 127 128 (1280 -816 1184) (1280 -816 1168) (1280 -2688 1168) (1280 -2688 1184) 
4 128 146 (720 -816 1184) (720 -816 1168) (720 -2688 1168) (720 -2688 1184) 
4 128 140 (720 -2688 1184) (720 -2688 1168) (1280 -2688 1168) (1280 -2688 1184) 
4 129 142 (1408 -2688 1168) (1280 -2688 1168) (1280 -2688 -1072) (1408 -2688 -1072) 
4 129 131 (1328 -2688 -1072) (1280 -2688 -1072) (1280 -816 -1072) (1328 -816 -1072) 
4 129 130 (1408 -2688 -1072) (1328 -2688 -1072) (1328 -816 -1072) (1408 -816 -1072) 
4 130 143 (1408 -2688 -1088) (1408 -2688 -1072) (1328 -2688 -1072) (1328 -2688 -1088) 
4 130 132 (1328 -2688 -1152) (1328 -2688 -1088) (1328 -816 -1088) (1328 -816 -1152) 
4 130 131 (1328 -2688 -1088) (1328 -2688 -1072) (1328 -816 -1072) (1328 -816 -1088) 
4 131 144 (1328 -2688 -1088) (1328 -2688 -1072) (1280 -2688 -1072) (1280 -2688 -1088) 
4 131 137 (1280 -2688 -1088) (1280 -2688 -1072) (1280 -816 -1072) (1280 -816 -1088) 
4 131 132 (1280 -2688 -1088) (1280 -816 -1088) (1328 -816 -1088) (1328 -2688 -1088) 
4 133 136 (968 -816 -16) (1280 -816 -16) (1280 -2688 -16) (968 -2688 -16) 
4 133 135 (968 -848 -16) (968 -2688 -16) (968 -2688 1168) (968 -848 1168) 
4 133 134 (968 -848 480) (968 -848 1168) (968 -816 1168) (968 -816 480) 
4 134 150 (720 -816 1168) (720 -816 480) (720 -848 480) (720 -848 1168) 
4 134 135 (968 -848 480) (968 -848 1168) (720 -848 1168) (720 -848 480) 
4 135 151 (720 -856 -16) (720 -2688 -16) (720 -2688 1168) (720 -856 1168) 
4 135 150 (720 -856 480) (720 -856 1168) (720 -848 1168) (720 -848 480) 
4 135 136 (968 -848 -16) (968 -2688 -16) (720 -2688 -16) (720 -848 -16) 
4 136 152 (720 -816 -16) (720 -816 -1072) (720 -2688 -1072) (720 -2688 -16) 
4 137 153 (720 -816 -1072) (720 -816 -1088) (720 -2688 -1088) (720 -2688 -1072) 
4 137 144 (720 -2688 -1072) (720 -2688 -1088) (1280 -2688 -1088) (1280 -2688 -1072) 
4 138 142 (1408 -2816 1168) (1328 -2816 1168) (1328 -2688 1168) (1408 -2688 1168) 
4 138 140 (1328 -2688 1184) (1328 -2688 1168) (1328 -2816 1168) (1328 -2816 1184) 
4 138 139 (1328 -2688 1216) (1328 -2688 1184) (1328 -2816 1184) (1328 -2816 1216) 
4 139 147 (720 -2688 1216) (720 -2688 1184) (720 -2816 1184) (720 -2816 1216) 
4 139 140 (720 -2688 1184) (1328 -2688 1184) (1328 -2816 1184) (720 -2816 1184) 
4 140 148 (720 -2688 1184) (720 -2688 1168) (720 -2816 1168) (720 -2816 1184) 
4 140 142 (1328 -2816 1168) (720 -2816 1168) (720 -2688 1168) (1328 -2688 1168) 
4 140 141 (720 -2816 1184) (720 -2816 1168) (1328 -2816 1168) (1328 -2816 1184) 
4 141 149 (720 -2816 1184) (720 -2816 1168) (720 -2848 1168) (720 -2848 1184) 
4 142 154 (720 -2688 1168) (720 -2688 -1072) (720 -2816 -1072) (720 -2816 1168) 
4 142 144 (720 -2816 -1072) (720 -2688 -1072) (1328 -2688 -1072) (1328 -2816 -1072) 
4 142 143 (1328 -2688 -1072) (1408 -2688 -1072) (1408 -2816 -1072) (1328 -2816 -1072) 
4 143 144 (1328 -2688 -1088) (1328 -2816 -1088) (1328 -2816 -1072) (1328 -2688 -1072) 
4 144 155 (720 -2688 -1072) (720 -2688 -1088) (720 -2816 -1088) (720 -2816 -1072) 
4 144 145 (720 -2816 -1088) (1328 -2816 -1088) (1328 -2816 -1072) (720 -2816 -1072) 
4 145 156 (720 -2816 -1088) (720 -2848 -1088) (720 -2848 -1072) (720 -2816 -1072) 
4 146 162 (440 -728 1184) (440 -728 1168) (440 -2688 1168) (440 -2688 1184) 
4 146 148 (440 -2688 1184) (440 -2688 1168) (720 -2688 1168) (720 -2688 1184) 
4 147 170 (440 -2688 1216) (440 -2688 1184) (440 -2816 1184) (440 -2816 1216) 
4 147 148 (720 -2816 1184) (440 -2816 1184) (440 -2688 1184) (720 -2688 1184) 
4 148 171 (440 -2688 1184) (440 -2688 1168) (440 -2816 1168) (440 -2816 1184) 
4 148 154 (440 -2816 1168) (440 -2688 1168) (720 -2688 1168) (720 -2816 1168) 
4 148 149 (440 -2816 1184) (440 -2816 1168) (720 -2816 1168) (720 -2816 1184) 
4 149 173 (440 -2816 1184) (440 -2816 1168) (440 -2848 1168) (440 -2848 1184) 
4 150 163 (440 -728 1168) (440 -728 480) (440 -856 480) (440 -856 1168) 
4 150 151 (720 -856 480) (720 -856 1168) (440 -856 1168) (440 -856 480) 
4 151 241 (440 -856 -16) (440 -2688 -16) (440 -2688 312) (440 -856 312) 
4 151 164 (440 -2688 312) (440 -2688 1168) (440 -856 1168) (440 -856 312) 
4 151 152 (720 -2688 -16) (440 -2688 -16) (440 -856 -16) (720 -856 -16) 
4 152 255 (440 -728 -920) (440 -728 -1072) (440 -2688 -1072) (440 -2688 -920) 
4 152 241 (440 -856 -920) (440 -2688 -920) (440 -2688 -16) (440 -856 -16) 
4 153 257 (440 -728 -1072) (440 -728 -1088) (440 -2688 -1088) (440 -2688 -1072) 
4 153 155 (720 -2688 -1088) (720 -2688 -1072) (440 -2688 -1072) (440 -2688 -1088) 
4 154 262 (440 -2688 -920) (440 -2688 -1072) (440 -2816 -1072) (440 -2816 -920) 
4 154 242 (440 -2688 312) (440 -2688 -920) (440 -2816 -920) (440 -2816 312) 
4 154 174 (440 -2816 1168) (440 -2688 1168) (440 -2688 312) (440 -2816 312) 
4 154 155 (440 -2816 -1072) (440 -2688 -1072) (720 -2688 -1072) (720 -2816 -1072) 
4 155 263 (440 -2816 -1072) (440 -2688 -1072) (440 -2688 -1088) (440 -2816 -1088) 
4 155 156 (440 -2816 -1088) (720 -2816 -1088) (720 -2816 -1072) (440 -2816 -1072) 
4 156 265 (440 -2848 -1072) (440 -2816 -1072) (440 -2816 -1088) (440 -2848 -1088) 
4 157 159 (-1344 1024 1184) (-1344 1024 1168) (440 1024 1168) (440 1024 1184) 
4 158 166 (-1344 896 1216) (-1344 896 1184) (-1280 896 1184) (-1280 896 1216) 
4 158 160 (-1344 1024 1216) (-1344 1024 1184) (-1344 896 1184) (-1344 896 1216) 
4 158 159 (440 896 1184) (-1344 896 1184) (-1344 1024 1184) (440 1024 1184) 
4 159 167 (-1344 896 1184) (-1344 896 1168) (-1280 896 1168) (-1280 896 1184) 
4 159 162 (-1280 896 1168) (440 896 1168) (440 896 1184) (-1280 896 1184) 
4 159 161 (440 896 1168) (-1344 896 1168) (-1344 1024 1168) (440 1024 1168) 
4 159 160 (-1344 1024 1184) (-1344 1024 1168) (-1344 896 1168) (-1344 896 1184) 
4 160 168 (-1408 896 1216) (-1408 896 1168) (-1344 896 1168) (-1344 896 1216) 
4 160 161 (-1344 896 1168) (-1408 896 1168) (-1408 1024 1168) (-1344 1024 1168) 
4 161 243 (-904 896 312) (-1408 896 312) (-1408 1024 312) (-904 1024 312) 
4 161 228 (-680 896 312) (-904 896 312) (-904 1024 312) (-680 1024 312) 
4 161 184 (-456 896 312) (-680 896 312) (-680 1024 312) (-456 1024 312) 
4 161 175 (440 1024 312) (440 896 312) (-456 896 312) (-456 1024 312) 
4 161 169 (-1408 896 312) (-1280 896 312) (-1280 896 1168) (-1408 896 1168) 
4 162 171 (-1280 -2688 1184) (-1280 -2688 1168) (440 -2688 1168) (440 -2688 1184) 
4 162 167 (-1280 896 1184) (-1280 896 1168) (-1280 -2688 1168) (-1280 -2688 1184) 
4 163 165 (-920 -856 1168) (-920 896 1168) (-920 896 384) (-920 -856 384) 
4 163 164 (-920 -856 1168) (-920 -856 384) (440 -856 384) (440 -856 1168) 
4 164 246 (-904 -2688 312) (-920 -2688 312) (-920 -856 312) (-904 -856 312) 
4 164 241 (440 -856 312) (440 -2688 312) (-904 -2688 312) (-904 -856 312) 
4 164 165 (-920 -2688 312) (-920 -2688 1168) (-920 -856 1168) (-920 -856 312) 
4 165 247 (-1280 896 312) (-928 896 312) (-928 -2688 312) (-1280 -2688 312) 
4 165 246 (-920 -856 312) (-920 -2688 312) (-928 -2688 312) (-928 -856 312) 
4 165 244 (-928 896 312) (-920 896 312) (-920 256 312) (-928 256 312) 
4 166 170 (-1344 -2688 1216) (-1344 -2688 1184) (-1280 -2688 1184) (-1280 -2688 1216) 
4 166 168 (-1344 896 1352) (-1344 896 1184) (-1344 -2688 1184) (-1344 -2688 1352) 
4 166 167 (-1344 -2688 1184) (-1344 896 1184) (-1280 896 1184) (-1280 -2688 1184) 
4 167 171 (-1344 -2688 1184) (-1344 -2688 1168) (-1280 -2688 1168) (-1280 -2688 1184) 
4 167 169 (-1344 896 1168) (-1280 896 1168) (-1280 -2688 1168) (-1344 -2688 1168) 
4 167 168 (-1344 896 1184) (-1344 896 1168) (-1344 -2688 1168) (-1344 -2688 1184) 
4 168 172 (-1408 -2688 1216) (-1408 -2688 1168) (-1344 -2688 1168) (-1344 -2688 1216) 
4 168 169 (-1408 896 1168) (-1344 896 1168) (-1344 -2688 1168) (-1408 -2688 1168) 
4 169 248 (-1408 896 312) (-1280 896 312) (-1280 -2688 312) (-1408 -2688 312) 
4 169 174 (-1408 -2688 312) (-1280 -2688 312) (-1280 -2688 1168) (-1408 -2688 1168) 
4 170 172 (-1344 -2688 1216) (-1344 -2688 1184) (-1344 -2816 1184) (-1344 -2816 1216) 
4 170 171 (440 -2816 1184) (-1344 -2816 1184) (-1344 -2688 1184) (440 -2688 1184) 
4 171 174 (-1344 -2688 1168) (440 -2688 1168) (440 -2816 1168) (-1344 -2816 1168) 
4 171 173 (-1344 -2816 1184) (-1344 -2816 1168) (440 -2816 1168) (440 -2816 1184) 
4 171 172 (-1344 -2688 1184) (-1344 -2688 1168) (-1344 -2816 1168) (-1344 -2816 1184) 
4 172 174 (-1408 -2688 1168) (-1344 -2688 1168) (-1344 -2816 1168) (-1408 -2816 1168) 
4 174 249 (-1408 -2816 312) (-1408 -2688 312) (-904 -2688 312) (-904 -2816 312) 
4 174 242 (-904 -2688 312) (440 -2688 312) (440 -2816 312) (-904 -2816 312) 
4 175 250 (440 1024 -920) (440 896 -920) (-456 896 -920) (-456 1024 -920) 
4 175 184 (-456 1024 -920) (-456 896 -920) (-456 896 312) (-456 1024 312) 
4 176 185 (-456 728 -168) (-456 728 312) (-456 880 312) (-456 880 -168) 
4 176 178 (-456 728 312) (-456 728 -168) (440 728 -168) (440 728 312) 
4 177 185 (-456 880 -920) (-456 728 -920) (-456 728 -192) (-456 880 -192) 
4 177 178 (-456 728 -192) (-456 728 -920) (440 728 -920) (440 728 -192) 
4 178 199 (-456 -176 -48) (-456 -176 312) (-456 152 312) (-456 152 -48) 
4 178 188 (-456 152 -48) (-456 152 312) (-456 240 312) (-456 240 -48) 
4 178 187 (-456 240 312) (-456 248 312) (-456 248 160) (-456 240 160) 
4 178 186 (-456 248 312) (-456 256 312) (-456 256 -48) (-456 248 -48) 
4 178 185 (-456 728 -920) (-456 272 -920) (-456 272 312) (-456 728 312) 
4 178 183 (-456 -176 -72) (-456 -176 -920) (440 -176 -920) (440 -176 -72) 
4 178 182 (-456 -176 312) (-456 -176 -48) (424 -176 -48) (424 -176 312) 
4 178 180 (432 -176 160) (432 -176 312) (424 -176 312) (424 -176 160) 
4 178 179 (432 -176 -48) (440 -176 -48) (440 -176 312) (432 -176 312) 
4 179 181 (432 -184 -48) (432 -272 -48) (432 -272 312) (432 -184 312) 
4 179 180 (432 -176 312) (432 -176 160) (432 -184 160) (432 -184 312) 
4 180 182 (424 -176 312) (424 -176 160) (424 -184 160) (424 -184 312) 
4 180 181 (424 -184 312) (424 -184 160) (432 -184 160) (432 -184 312) 
4 181 182 (424 -184 -48) (424 -272 -48) (424 -272 312) (424 -184 312) 
4 182 201 (-456 -272 -48) (-456 -272 312) (-456 -184 312) (-456 -184 -48) 
4 182 200 (-456 -184 312) (-456 -176 312) (-456 -176 160) (-456 -184 160) 
4 184 250 (-456 1024 -920) (-456 896 -920) (-680 896 -920) (-680 1024 -920) 
4 184 228 (-680 1024 -920) (-680 896 -920) (-680 896 312) (-680 1024 312) 
4 185 229 (-680 880 -920) (-680 272 -920) (-680 272 312) (-680 880 312) 
4 186 189 (-464 256 312) (-464 256 -48) (-464 248 -48) (-464 248 312) 
4 186 187 (-464 248 312) (-464 248 160) (-456 248 160) (-456 248 312) 
4 187 189 (-464 240 160) (-464 240 312) (-464 248 312) (-464 248 160) 
4 187 188 (-464 240 312) (-464 240 160) (-456 240 160) (-456 240 312) 
4 188 199 (-464 152 -48) (-456 152 -48) (-456 152 312) (-464 152 312) 
4 188 189 (-464 240 -48) (-464 152 -48) (-464 152 312) (-464 240 312) 
4 189 202 (-560 152 -48) (-464 152 -48) (-464 152 312) (-560 152 312) 
4 189 190 (-560 256 312) (-560 256 -31.980812792835707) (-560 152 -31.980812792835714) (-560 152 312) 
4 190 203 (-560 152 -31.980812792835714) (-560 152 312) (-584 152 312) (-584 152 -32.00000511590645) 
4 190 191 (-584 256 312) (-584 256 -23.980812792835707) (-584 152 -23.980812792835714) (-584 152 312) 
4 191 203 (-584 152 -23.980812792835707) (-584 152 312) (-608 152 312) (-608 152 -24.000005115906447) 
4 191 193 (-608 256 312) (-608 256 -15.980812792835707) (-608 152 -15.980812792835717) (-608 152 312) 
4 192 203 (-608 152 -48) (-584 152 -48) (-584 152 -39.98082302464863) (-608 152 -40.0000153477194) 
4 192 194 (-608 256 -40.0000153477194) (-608 256 -48) (-608 152 -48) (-608 152 -40.00001534771937) 
4 193 203 (-608 152 -15.980812792835717) (-608 152 312) (-632 152 312) (-632 152 -16.000005115906447) 
4 193 195 (-632 256 312) (-632 256 -7.98081279283565) (-632 152 -7.980812792835719) (-632 152 312) 
4 194 203 (-632 152 -48) (-608 152 -48) (-608 152 -31.98082302464863) (-632 152 -32.00001534771934) 
4 194 196 (-632 256 -32.00001534771934) (-632 256 -48) (-632 152 -48) (-632 152 -32.00001534771937) 
4 195 203 (-632 152 -7.980812792835717) (-632 152 312) (-656 152 312) (-656 152 -8.000005115906447) 
4 195 197 (-656 256 312) (-656 256 0.019187207164350184) (-656 152 0.01918720716428446) (-656 152 312) 
4 196 203 (-656 152 -48) (-632 152 -48) (-632 152 -23.98082302464863) (-656 152 -24.000015347719398) 
4 196 198 (-656 256 -24.000015347719398) (-656 256 -48) (-656 152 -48) (-656 152 -24.000015347719366) 
4 197 230 (-680 152 -5.1159064575756474e-06) (-680 152 312) (-680 256 312) (-680 256 -5.115906446917506e-06) 
4 197 203 (-680 152 312) (-680 152 -5.115906446917506e-06) (-656 152 0.019187207164286235) (-656 152 312) 
4 198 203 (-680 152 -16.00001534771934) (-680 152 -48) (-656 152 -48) (-656 152 -15.980823024648629) 
4 199 202 (-464 152 312) (-464 152 -48) (-464 -176 -48) (-464 -176 312) 
4 199 200 (-464 -176 312) (-464 -176 160) (-456 -176 160) (-456 -176 312) 
4 200 202 (-464 -184 160) (-464 -184 312) (-464 -176 312) (-464 -176 160) 
4 200 201 (-464 -184 312) (-464 -184 160) (-456 -184 160) (-456 -184 312) 
4 201 202 (-464 -184 -48) (-464 -272 -48) (-464 -272 312) (-464 -184 312) 
4 202 203 (-560 152 312) (-560 152 -48) (-560 16 -48) (-560 16 312) 
4 203 230 (-680 16 312) (-680 152 312) (-680 152 0) (-680 16 0) 
4 204 237 (-680 -304 312) (-680 -288.2047181127548 312) (-680 -288 56) (-680 -304 56) 
3 204 235 (-680 -288.2047181127548 312) (-680 -288 312) (-680 -288 56) 
4 204 225 (-552 -288 56) (-192 -288 56) (-192 -304 56) (-552 -304 56) 
4 204 221 (-56 -288 56) (304 -288 56) (304 -296 56) (-56 -296 56) 
4 204 207 (-680 -304 312) (-680 -304 56) (-192 -304 56) (-192 -304 312) 
4 204 205 (-184 -304 56) (440 -304 56) (440 -304 312) (-184 -304 312) 
4 205 223 (304 -456 56) (304 -672 56) (-56 -672 56) (-56 -456 56) 
4 205 222 (-56 -304 56) (304 -304 56) (304 -448 56) (-56 -448 56) 
4 205 211 (-184 -672 56) (-176 -672 56) (-176 -672 312) (-184 -672 312) 
4 205 209 (-152 -672 80) (-152 -672 312) (-176 -672 312) (-176 -672 80) 
4 205 208 (-152 -672 56) (440 -672 56) (440 -672 312) (-152 -672 312) 
4 205 206 (-184 -312 56) (-184 -672 56) (-184 -672 312) (-184 -312 312) 
4 206 207 (-192 -312 56) (-192 -672 56) (-192 -672 312) (-192 -312 312) 
4 207 237 (-680 -672 312) (-680 -304 312) (-680 -304 56) (-680 -672 56) 
4 207 225 (-552 -304 56) (-192 -304 56) (-192 -672 56) (-552 -672 56) 
4 207 213 (-680 -672 312) (-680 -672 56) (-192 -672 56) (-192 -672 312) 
4 208 223 (-56 -672 56) (304 -672 56) (304 -760 56) (-56 -760 56) 
4 208 220 (-152 -760 56) (328 -760 56) (328 -760 96) (-152 -760 96) 
4 208 218 (328 -760 56) (368 -760 56) (368 -760 96) (328 -760 96) 
4 208 217 (368 -760 56) (376 -760 56) (376 -760 96) (368 -760 96) 
4 208 215 (416 -760 56) (440 -760 56) (440 -760 96) (416 -760 96) 
4 208 214 (440 -760 96) (440 -760 312) (-152 -760 312) (-152 -760 96) 
4 208 210 (-152 -728 56) (-152 -760 56) (-152 -760 312) (-152 -728 312) 
4 208 209 (-152 -672 312) (-152 -672 80) (-152 -728 80) (-152 -728 312) 
4 209 211 (-176 -672 312) (-176 -672 80) (-176 -728 80) (-176 -728 312) 
4 209 210 (-176 -728 312) (-176 -728 80) (-152 -728 80) (-152 -728 312) 
4 210 220 (-176 -760 56) (-152 -760 56) (-152 -760 96) (-176 -760 96) 
4 210 214 (-152 -760 96) (-152 -760 312) (-176 -760 312) (-176 -760 96) 
4 210 211 (-176 -728 56) (-176 -760 56) (-176 -760 312) (-176 -728 312) 
4 211 220 (-184 -760 56) (-176 -760 56) (-176 -760 96) (-184 -760 96) 
4 211 214 (-176 -760 96) (-176 -760 312) (-184 -760 312) (-184 -760 96) 
4 211 212 (-184 -680 56) (-184 -760 56) (-184 -760 312) (-184 -680 312) 
4 212 220 (-192 -760 56) (-184 -760 56) (-184 -760 96) (-192 -760 96) 
4 212 214 (-184 -760 96) (-184 -760 312) (-192 -760 312) (-192 -760 96) 
4 212 213 (-192 -680 56) (-192 -760 56) (-192 -760 312) (-192 -680 312) 
4 213 237 (-680 -760 312) (-680 -672 312) (-680 -672 56) (-680 -760 56) 
4 213 226 (-192 -688 56) (-192 -760 56) (-552 -760 56) (-552 -688 56) 
4 213 225 (-552 -672 56) (-192 -672 56) (-192 -680 56) (-552 -680 56) 
4 213 220 (-680 -760 96) (-680 -760 56) (-192 -760 56) (-192 -760 96) 
4 213 214 (-680 -760 312) (-680 -760 96) (-192 -760 96) (-192 -760 312) 
4 214 237 (-680 -840 96) (-680 -840 312) (-680 -760 312) (-680 -760 96) 
4 214 220 (328 -840 96) (-680 -840 96) (-680 -760 96) (328 -760 96) 
4 214 219 (368 -840 96) (328 -840 96) (328 -824 96) (368 -824 96) 
4 214 218 (328 -784 96) (328 -760 96) (368 -760 96) (368 -784 96) 
4 214 217 (376 -840 96) (368 -840 96) (368 -760 96) (376 -760 96) 
4 214 216 (416 -840 96) (376 -840 96) (376 -800 96) (416 -800 96) 
4 214 215 (440 -840 96) (416 -840 96) (416 -760 96) (440 -760 96) 
4 215 216 (416 -840 96) (416 -800 96) (416 -800 56) (416 -840 56) 
4 216 217 (376 -840 96) (376 -800 96) (376 -800 56) (376 -840 56) 
4 217 219 (368 -840 96) (368 -824 96) (368 -824 56) (368 -840 56) 
4 217 218 (368 -784 96) (368 -760 96) (368 -760 56) (368 -784 56) 
4 218 220 (328 -784 96) (328 -760 96) (328 -760 56) (328 -784 56) 
4 219 220 (328 -840 96) (328 -824 96) (328 -824 56) (328 -840 56) 
4 220 237 (-680 -840 56) (-680 -840 96) (-680 -760 96) (-680 -760 56) 
4 220 226 (-552 -832 56) (-552 -760 56) (-192 -760 56) (-192 -832 56) 
4 220 223 (304 -840 56) (-56 -840 56) (-56 -760 56) (304 -760 56) 
4 221 224 (-56 -296 32) (-56 -288 32) (304 -288 32) (304 -296 32) 
4 222 224 (-56 -448 32) (-56 -304 32) (304 -304 32) (304 -448 32) 
4 223 224 (-56 -840 32) (-56 -456 32) (304 -456 32) (304 -840 32) 
4 225 227 (-552 -680 32) (-552 -288 32) (-192 -288 32) (-192 -680 32) 
4 226 227 (-552 -832 32) (-552 -688 32) (-192 -688 32) (-192 -832 32) 
4 228 250 (-904 896 -920) (-904 1024 -920) (-680 1024 -920) (-680 896 -920) 
4 228 243 (-904 1024 -920) (-904 896 -920) (-904 896 312) (-904 1024 312) 
4 229 244 (-904 880 -920) (-904 272 -920) (-904 272 312) (-904 880 312) 
4 230 238 (-784 256 0) (-784 0 0) (-784 0 312) (-784 256 312) 
4 230 231 (-784 -168 312) (-784 -168 16.019187207164293) (-680 -168 16.019187207164283) (-680 -168 312) 
4 231 232 (-784 -192 312) (-784 -192 24.019187207164293) (-680 -192 24.01918720716428) (-680 -192 312) 
4 232 233 (-784 -216 312) (-784 -216 32.01918720716429) (-680 -216 32.01918720716428) (-680 -216 312) 
4 233 234 (-784 -240 312) (-784 -240 40.01918720716429) (-680 -240 40.019187207164286) (-680 -240 312) 
4 234 235 (-784 -264 312) (-784 -264 48.01918720716424) (-680 -264 48.01918720716428) (-680 -264 312) 
3 235 239 (-784 -288.00000000000006 56) (-784 -288.2047181127548 312) (-784 -288 312) 
4 235 237 (-784 -288.20471811275473 312) (-784 -288 56) (-680 -288 56) (-680 -288.20471811275473 312) 
4 236 255 (-680 -272 -920) (-680 -287.2195121951228 -920) (-784 -287.2195121951228 -920) (-784 -272 -920) 
3 236 240 (-784 256 -920) (-784 -287.2195121951228 -920) (-784 256 -919.6869751662284) 
4 237 239 (-784 -840 56) (-784 -840 312) (-784 -288.2047181127548 312) (-784 -288.0000000000001 56) 
4 240 255 (-904 -287.2195121951228 -920) (-904 -272 -920) (-784 -272 -920) (-784 -287.2195121951228 -920) 
3 240 245 (-904 256 -920) (-904 -287.2195121951228 -920) (-904 256 -919.6869751662284) 
4 241 255 (-904 -2688 -920) (-904 -856 -920) (440 -856 -920) (440 -2688 -920) 
4 241 246 (-904 -856 -920) (-904 -2688 -920) (-904 -2688 312) (-904 -856 312) 
4 242 262 (-904 -2816 -920) (-904 -2688 -920) (440 -2688 -920) (440 -2816 -920) 
4 242 249 (-904 -2688 -920) (-904 -2816 -920) (-904 -2816 312) (-904 -2688 312) 
4 243 250 (-904 1024 -920) (-904 896 -920) (-1408 896 -920) (-1408 1024 -920) 
4 243 248 (-1408 896 -920) (-1280 896 -920) (-1280 896 312) (-1408 896 312) 
4 244 256 (-928 896 -920) (-912 896 -920) (-912 256 -920) (-928 256 -920) 
4 244 247 (-928 896 312) (-928 896 -920) (-928 256 -920) (-928 256 312) 
4 244 245 (-928 256 -120) (-928 256 -920) (-904 256 -920) (-904 256 -120) 
4 245 256 (-912 -856 -920) (-928 -856 -920) (-928 256 -920) (-912 256 -920) 
4 245 255 (-904 -272 -920) (-904 -856 -920) (-912 -856 -920) (-912 -272 -920) 
4 245 247 (-928 256 -920) (-928 -856 -920) (-928 -856 -120) (-928 256 -120) 
4 245 246 (-928 -856 -120) (-928 -856 -920) (-904 -856 -920) (-904 -856 -120) 
4 246 256 (-912 -2688 -920) (-928 -2688 -920) (-928 -856 -920) (-912 -856 -920) 
4 246 255 (-904 -856 -920) (-904 -2688 -920) (-912 -2688 -920) (-912 -856 -920) 
4 246 247 (-928 -856 -920) (-928 -2688 -920) (-928 -2688 312) (-928 -856 312) 
4 247 256 (-1280 896 -920) (-928 896 -920) (-928 -2688 -920) (-1280 -2688 -920) 
4 248 258 (-1408 896 -920) (-1280 896 -920) (-1280 -2688 -920) (-1408 -2688 -920) 
4 248 249 (-1408 -2688 -920) (-1280 -2688 -920) (-1280 -2688 312) (-1408 -2688 312) 
4 249 262 (-1408 -2816 -920) (-1408 -2688 -920) (-904 -2688 -920) (-904 -2816 -920) 
4 250 258 (-1408 896 -1072) (-1280 896 -1072) (-1280 896 -920) (-1408 896 -920) 
4 250 253 (-1344 896 -1072) (-1408 896 -1072) (-1408 1024 -1072) (-1344 1024 -1072) 
4 250 252 (440 896 -1072) (-1344 896 -1072) (-1344 1024 -1072) (440 1024 -1072) 
4 251 252 (-1344 1024 -1088) (440 1024 -1088) (440 1024 -1072) (-1344 1024 -1072) 
4 252 261 (-1344 896 -1088) (-1280 896 -1088) (-1280 896 -1080) (-1344 896 -1080) 
4 252 259 (-1280 896 -1080) (-1280 896 -1072) (-1344 896 -1072) (-1344 896 -1080) 
4 252 257 (-1280 896 -1088) (440 896 -1088) (440 896 -1072) (-1280 896 -1072) 
4 252 253 (-1344 1024 -1072) (-1344 1024 -1088) (-1344 896 -1088) (-1344 896 -1072) 
4 253 260 (-1344 896 -1080) (-1344 896 -1072) (-1408 896 -1072) (-1408 896 -1080) 
4 254 256 (-912 896 -928) (-912 896 -1072) (-912 -272 -1072) (-912 -272 -928) 
4 254 255 (-912 -272 -928) (-912 -272 -1072) (440 -272 -1072) (440 -272 -928) 
4 255 256 (-912 -272 -1072) (-912 -2688 -1072) (-912 -2688 -920) (-912 -272 -920) 
4 257 263 (440 -2688 -1088) (440 -2688 -1072) (-1280 -2688 -1072) (-1280 -2688 -1088) 
4 257 261 (-1280 896 -1080) (-1280 896 -1088) (-1280 -2688 -1088) (-1280 -2688 -1080) 
4 257 259 (-1280 896 -1072) (-1280 896 -1080) (-1280 -2688 -1080) (-1280 -2688 -1072) 
4 258 262 (-1408 -2688 -1072) (-1280 -2688 -1072) (-1280 -2688 -920) (-1408 -2688 -920) 
4 258 260 (-1408 896 -1072) (-1344 896 -1072) (-1344 -2688 -1072) (-1408 -2688 -1072) 
4 258 259 (-1344 896 -1072) (-1280 896 -1072) (-1280 -2688 -1072) (-1344 -2688 -1072) 
4 259 263 (-1344 -2688 -1080) (-1280 -2688 -1080) (-1280 -2688 -1072) (-1344 -2688 -1072) 
4 259 261 (-1344 896 -1080) (-1280 896 -1080) (-1280 -2688 -1080) (-1344 -2688 -1080) 
4 259 260 (-1344 896 -1080) (-1344 -2688 -1080) (-1344 -2688 -1072) (-1344 896 -1072) 
4 260 264 (-1408 -2688 -1080) (-1344 -2688 -1080) (-1344 -2688 -1072) (-1408 -2688 -1072) 
4 261 263 (-1280 -2688 -1088) (-1280 -2688 -1080) (-1344 -2688 -1080) (-1344 -2688 -1088) 
4 262 264 (-1408 -2816 -1072) (-1408 -2688 -1072) (-1344 -2688 -1072) (-1344 -2816 -1072) 
4 262 263 (-1344 -2688 -1072) (440 -2688 -1072) (440 -2816 -1072) (-1344 -2816 -1072) 
4 263 265 (-1344 -2816 -1088) (440 -2816 -1088) (440 -2816 -1072) (-1344 -2816 -1072) 
4 263 264 (-1344 -2688 -1088) (-1344 -2816 -1088) (-1344 -2816 -1072) (-1344 -2688 -1072) 
0 -1
1 -1
2 -1
3 -1
4 -1
5 -1
6 -1
7 -1
8 -1
9 -1
10 -1
11 -1
12 -1
13 -1
14 -1
15 -1
16 -1
17 -1
18 -1
19 -1
20 -1
21 -1
22 -1
23 -1
24 -1
25 -1
26 -1
27 -1
28 -1
29 -1
30 -1
31 -1
32 -1
33 -1
34 -1
35 -1
36 -1
37 -1
38 -1
39 -1
40 -1
41 -1
42 -1
43 -1
44 -1
45 -1
46 -1
47 -1
48 -1
49 -1
50 -1
51 -1
52 -1
53 -1
54 -1
55 -1
56 -1
57 -1
58 -1
59 -1
60 -1
61 -1
62 63 -1
64 -1
65 -1
66 -1
67 -1
68 -1
69 -1
70 -1
71 -1
72 -1
73 -1
74 -1
75 -1
76 -1
77 -1
78 -1
79 -1
80 -1
81 -1
82 -1
83 -1
84 -1
85 -1
86 -1
87 -1
88 -1
89 -1
90 -1
91 -1
92 -1
93 -1
94 -1
95 -1
96 -1
97 -1
98 -1
99 -1
100 -1
101 -1
102 -1
103 -1
104 -1
105 -1
106 -1
107 -1
108 -1
109 -1
110 -1
111 -1
112 -1
113 -1
114 -1
115 -1
116 -1
117 -1
118 -1
119 -1
120 -1
121 -1
122 -1
123 -1
124 -1
125 -1
126 -1
127 -1
128 -1
129 -1
130 -1
131 -1
132 -1
133 -1
134 -1
135 -1
136 -1
137 -1
138 -1
139 -1
140 -1
141 -1
142 -1
143 -1
144 -1
145 -1
146 -1
147 -1
148 -1
149 -1
150 -1
151 -1
152 -1
153 -1
154 -1
155 -1
156 -1
157 -1
158 -1
159 -1
160 -1
161 -1
162 -1
163 -1
164 -1
165 -1
166 -1
167 -1
168 -1
169 -1
170 -1
171 -1
172 -1
173 -1
174 -1
175 -1
176 -1
177 -1
178 -1
179 -1
180 -1
181 -1
182 -1
183 184 185 186 -1
187 -1
188 -1
189 -1
190 -1
191 -1
192 193 194 -1
195 -1
196 -1
197 -1
198 -1
199 -1
200 -1
201 -1
202 -1
203 -1
204 -1
205 206 207 -1
208 -1
209 -1
210 -1
211 -1
212 -1
213 -1
214 -1
215 -1
216 -1
217 -1
218 -1
219 -1
220 -1
221 -1
222 -1
223 -1
224 -1
225 -1
226 -1
227 -1
228 -1
229 -1
230 -1
231 -1
232 -1
233 -1
234 -1
235 -1
236 -1
237 -1
238 -1
239 -1
240 -1
241 -1
242 -1
243 -1
244 -1
245 -1
246 -1
247 -1
248 -1
249 -1
250 -1
251 -1
252 -1
253 -1
254 -1
255 -1
256 -1
257 -1
258 -1
259 -1
260 -1
261 -1
262 -1
263 -1
264 -1
265 -1
266 -1
267 -1
268 -1
269 -1
270 -1
271 -1
272 -1
273 -1
