PRT2
358
302
768
4 0 41 (1408 896 1040) (1328 896 1040) (1328 1024 1040) (1408 1024 1040) 
4 0 4 (1328 896 1040) (1408 896 1040) (1408 896 2112) (1328 896 2112) 
4 0 3 (1328 1024 1040) (1328 896 1040) (1328 896 2096) (1328 1024 2096) 
4 0 2 (1328 896 2096) (1328 896 2112) (1328 1024 2112) (1328 1024 2096) 
4 1 48 (-928 1088 2096) (-928 1024 2096) (-928 1024 2112) (-928 1088 2112) 
4 1 2 (-928 1024 2096) (1328 1024 2096) (1328 1024 2112) (-928 1024 2112) 
4 2 49 (-928 1024 2096) (-928 896 2096) (-928 896 2112) (-928 1024 2112) 
4 2 8 (-928 896 2112) (-928 896 2096) (1280 896 2096) (1280 896 2112) 
4 2 6 (1280 896 2096) (1328 896 2096) (1328 896 2112) (1280 896 2112) 
4 2 3 (1328 1024 2096) (1328 896 2096) (-928 896 2096) (-928 1024 2096) 
4 3 50 (-928 1024 1040) (-928 896 1040) (-928 896 2096) (-928 1024 2096) 
4 3 41 (1328 896 1040) (-928 896 1040) (-928 1024 1040) (1328 1024 1040) 
4 3 7 (1280 896 1040) (1328 896 1040) (1328 896 2096) (1280 896 2096) 
4 4 42 (1408 360 1040) (1328 360 1040) (1328 896 1040) (1408 896 1040) 
4 4 9 (1328 360 2176) (1328 360 1040) (1408 360 1040) (1408 360 2176) 
4 4 7 (1328 896 2096) (1328 896 1040) (1328 360 1040) (1328 360 2096) 
4 4 6 (1328 896 2112) (1328 896 2096) (1328 360 2096) (1328 360 2112) 
4 4 5 (1328 896 2176) (1328 896 2112) (1328 360 2112) (1328 360 2176) 
4 5 10 (1280 360 2176) (1280 360 2112) (1328 360 2112) (1328 360 2176) 
4 5 6 (1280 360 2112) (1280 896 2112) (1328 896 2112) (1328 360 2112) 
4 6 11 (1280 360 2112) (1280 360 2096) (1328 360 2096) (1328 360 2112) 
4 6 8 (1280 896 2112) (1280 896 2096) (1280 360 2096) (1280 360 2112) 
4 6 7 (1280 360 2096) (1280 896 2096) (1328 896 2096) (1328 360 2096) 
4 7 42 (1328 360 1040) (1280 360 1040) (1280 896 1040) (1328 896 1040) 
4 7 12 (1280 360 2096) (1280 360 1040) (1328 360 1040) (1328 360 2096) 
4 8 52 (-928 896 2112) (-928 896 2096) (-928 360 2096) (-928 360 2112) 
4 8 14 (-928 360 2112) (-928 360 2096) (-448 360 2096) (-448 360 2112) 
4 8 13 (-448 360 2096) (1280 360 2096) (1280 360 2112) (-448 360 2112) 
4 9 43 (1408 -496 1040) (1328 -496 1040) (1328 -448 1040) (1408 -448 1040) 
4 9 42 (1328 -448 1040) (1328 360 1040) (1408 360 1040) (1408 -448 1040) 
4 9 19 (1328 -496 2176) (1328 -496 1040) (1408 -496 1040) (1408 -496 2176) 
4 9 12 (1328 360 2096) (1328 360 1040) (1328 -496 1040) (1328 -496 2096) 
4 9 11 (1328 360 2112) (1328 360 2096) (1328 -496 2096) (1328 -496 2112) 
4 9 10 (1328 360 2176) (1328 360 2112) (1328 -496 2112) (1328 -496 2176) 
4 10 20 (1280 -496 2176) (1280 -496 2112) (1328 -496 2112) (1328 -496 2176) 
4 10 11 (1280 -496 2112) (1280 360 2112) (1328 360 2112) (1328 -496 2112) 
4 11 21 (1280 -496 2112) (1280 -496 2096) (1328 -496 2096) (1328 -496 2112) 
4 11 13 (1280 360 2112) (1280 360 2096) (1280 -496 2096) (1280 -496 2112) 
4 11 12 (1280 -496 2096) (1280 360 2096) (1328 360 2096) (1328 -496 2096) 
4 12 43 (1328 -496 1040) (1280 -496 1040) (1280 -448 1040) (1328 -448 1040) 
4 12 42 (1280 -448 1040) (1280 360 1040) (1328 360 1040) (1328 -448 1040) 
4 12 22 (1280 -496 2096) (1280 -496 1040) (1328 -496 1040) (1328 -496 2096) 
4 13 23 (-448 -496 2112) (-448 -496 2096) (1280 -496 2096) (1280 -496 2112) 
4 13 14 (-448 360 2112) (-448 360 2096) (-448 -496 2096) (-448 -496 2112) 
4 14 52 (-928 360 2112) (-928 360 2096) (-928 -496 2096) (-928 -496 2112) 
4 14 24 (-928 -496 2112) (-928 -496 2096) (-808 -496 2096) (-808 -496 2112) 
4 14 23 (-808 -496 2096) (-448 -496 2096) (-448 -496 2112) (-808 -496 2112) 
4 15 25 (-928 -496 1256) (-928 -496 1160) (-808 -496 1160) (-808 -496 1256) 
4 15 18 (-928 360 1160) (-920 360 1160) (-920 -496 1160) (-928 -496 1160) 
4 15 17 (-920 360 1160) (-808 360 1160) (-808 -128 1160) (-920 -128 1160) 
4 15 16 (-808 360 1160) (-448 360 1160) (-448 -496 1160) (-808 -496 1160) 
4 16 17 (-808 -128 1160) (-808 360 1160) (-808 360 1040) (-808 -128 1040) 
4 17 18 (-920 -128 1160) (-920 360 1160) (-920 360 1040) (-920 -128 1040) 
4 18 25 (-928 -496 1160) (-928 -496 1040) (-920 -496 1040) (-920 -496 1160) 
4 19 143 (1328 -920 2176) (1328 -920 1040) (1408 -920 1040) (1408 -920 2176) 
4 19 44 (1408 -920 1040) (1328 -920 1040) (1328 -904 1040) (1408 -904 1040) 
4 19 43 (1328 -904 1040) (1328 -496 1040) (1408 -496 1040) (1408 -904 1040) 
4 19 22 (1328 -496 2096) (1328 -496 1040) (1328 -920 1040) (1328 -920 2096) 
4 19 21 (1328 -496 2112) (1328 -496 2096) (1328 -920 2096) (1328 -920 2112) 
4 19 20 (1328 -496 2176) (1328 -496 2112) (1328 -920 2112) (1328 -920 2176) 
4 20 144 (1280 -920 2176) (1280 -920 2112) (1328 -920 2112) (1328 -920 2176) 
4 20 21 (1280 -920 2112) (1280 -496 2112) (1328 -496 2112) (1328 -920 2112) 
4 21 145 (1280 -920 2112) (1280 -920 2096) (1328 -920 2096) (1328 -920 2112) 
4 21 23 (1280 -496 2112) (1280 -496 2096) (1280 -920 2096) (1280 -920 2112) 
4 21 22 (1280 -920 2096) (1280 -496 2096) (1328 -496 2096) (1328 -920 2096) 
4 22 146 (1280 -920 2096) (1280 -920 1040) (1328 -920 1040) (1328 -920 2096) 
4 22 44 (1328 -920 1040) (1280 -920 1040) (1280 -904 1040) (1328 -904 1040) 
4 22 43 (1280 -904 1040) (1280 -496 1040) (1328 -496 1040) (1328 -904 1040) 
4 23 151 (-808 -920 2112) (-808 -920 2096) (80 -920 2096) (80 -920 2112) 
4 23 149 (80 -920 2096) (1280 -920 2096) (1280 -920 2112) (80 -920 2112) 
4 23 24 (-808 -496 2112) (-808 -496 2096) (-808 -920 2096) (-808 -920 2112) 
4 24 153 (-928 -920 2112) (-928 -920 2096) (-808 -920 2096) (-808 -920 2112) 
4 24 52 (-928 -496 2112) (-928 -496 2096) (-928 -920 2096) (-928 -920 2112) 
4 25 31 (-928 -512 1040) (-808 -512 1040) (-808 -512 1192) (-928 -512 1192) 
4 25 28 (-808 -512 1216) (-808 -512 1224) (-928 -512 1224) (-928 -512 1216) 
4 25 27 (-808 -512 1192) (-808 -512 1200) (-928 -512 1200) (-928 -512 1192) 
4 25 26 (-808 -512 1224) (-808 -512 1256) (-928 -512 1256) (-928 -512 1224) 
4 26 32 (-808 -544 1224) (-808 -544 1256) (-928 -544 1256) (-928 -544 1224) 
4 26 30 (-808 -544 1224) (-928 -544 1224) (-928 -536.0000000000002 1224) (-808 -536.0000000000002 1224) 
4 26 28 (-928 -520.0000000000001 1224) (-928 -512 1224) (-808 -512 1224) (-808 -520.0000000000001 1224) 
4 27 31 (-928 -520 1192) (-928 -512 1192) (-808 -512 1192) (-808 -520 1192) 
4 29 32 (-808 -544 1192) (-808 -544 1200) (-928 -544 1200) (-928 -544 1192) 
4 29 31 (-808 -544 1192) (-928 -544 1192) (-928 -536 1192) (-808 -536 1192) 
4 30 32 (-808 -544 1216.0000000000002) (-808 -544 1224) (-928 -544 1224) (-928 -544 1216.0000000000002) 
4 31 32 (-928 -544 1040) (-808 -544 1040) (-808 -544 1192) (-928 -544 1192) 
4 32 39 (-928 -560 1040) (-896 -560 1040) (-896 -560 1256) (-928 -560 1256) 
4 32 37 (-896 -560 1040) (-888 -560 1040) (-888 -560 1256) (-896 -560 1256) 
4 32 35 (-872.0000000000001 -560 1040) (-864 -560 1040) (-864 -560 1256) (-872.0000000000001 -560 1256) 
4 32 33 (-864 -560 1040) (-808 -560 1040) (-808 -560 1256) (-864 -560 1256) 
4 33 40 (-864 -904 1040) (-808 -904 1040) (-808 -904 1144) (-864 -904 1144) 
4 33 38 (-864 -592 1040) (-864 -904 1040) (-864 -904 1256) (-864 -592 1256) 
4 33 35 (-864 -560 1256) (-864 -560 1040) (-864 -568.0000000000001 1040) (-864 -568.0000000000001 1256) 
4 33 34 (-864 -584 1040) (-864 -592 1040) (-864 -592 1256) (-864 -584 1256) 
4 34 38 (-872 -592 1040) (-864 -592 1040) (-864 -592 1256) (-872 -592 1256) 
4 36 39 (-896 -584 1040) (-896 -592 1040) (-896 -592 1256) (-896 -584 1256) 
4 36 38 (-896 -592 1256) (-896 -592 1040) (-887.9999999999999 -592 1040) (-887.9999999999999 -592 1256) 
4 37 39 (-896 -560 1256) (-896 -560 1040) (-896 -568 1040) (-896 -568 1256) 
4 38 40 (-896 -904 1040) (-864 -904 1040) (-864 -904 1144) (-896 -904 1144) 
4 38 39 (-896 -592 1040) (-896 -904 1040) (-896 -904 1256) (-896 -592 1256) 
4 39 40 (-928 -904 1040) (-896 -904 1040) (-896 -904 1144) (-928 -904 1144) 
4 40 154 (-928 -920 1144) (-928 -920 1040) (-808 -920 1040) (-808 -920 1144) 
4 41 50 (-928 1024 1032) (-928 896 1032) (-928 896 1040) (-928 1024 1040) 
4 41 45 (1408 896 1032) (-928 896 1032) (-928 1024 1032) (1408 1024 1032) 
4 41 42 (1280 896 1032) (1408 896 1032) (1408 896 1040) (1280 896 1040) 
4 42 46 (1408 -448 1032) (1280 -448 1032) (1280 896 1032) (1408 896 1032) 
4 42 43 (1280 -448 1032) (1408 -448 1032) (1408 -448 1040) (1280 -448 1040) 
4 43 46 (1408 -904 1032) (1280 -904 1032) (1280 -448 1032) (1408 -448 1032) 
4 43 44 (1280 -904 1032) (1408 -904 1032) (1408 -904 1040) (1280 -904 1040) 
4 44 146 (1280 -920 1032) (1328 -920 1032) (1328 -920 1040) (1280 -920 1040) 
4 44 143 (1328 -920 1032) (1408 -920 1032) (1408 -920 1040) (1328 -920 1040) 
4 44 47 (1408 -920 1032) (1280 -920 1032) (1280 -904 1032) (1408 -904 1032) 
4 45 59 (-920 896 1024) (-928 896 1024) (-928 1024 1024) (-920 1024 1024) 
4 45 57 (1408 896 1024) (-920 896 1024) (-920 1024 1024) (1408 1024 1024) 
4 45 50 (-928 1024 1024) (-928 896 1024) (-928 896 1032) (-928 1024 1032) 
4 45 46 (1408 896 1032) (1280 896 1032) (1280 896 1024) (1408 896 1024) 
4 46 84 (1408 -904 1024) (1280 -904 1024) (1280 -768 1024) (1408 -768 1024) 
4 46 82 (1280 -768 1024) (1280 -640 1024) (1408 -640 1024) (1408 -768 1024) 
4 46 81 (1280 -640 1024) (1280 -448 1024) (1408 -448 1024) (1408 -640 1024) 
4 46 73 (1280 -448 1024) (1280 -400 1024) (1408 -400 1024) (1408 -448 1024) 
4 46 61 (1280 -400 1024) (1280 -248 1024) (1408 -248 1024) (1408 -400 1024) 
4 46 58 (1280 -248 1024) (1280 896 1024) (1408 896 1024) (1408 -248 1024) 
4 46 47 (1408 -904 1032) (1280 -904 1032) (1280 -904 1024) (1408 -904 1024) 
4 47 146 (1280 -920 1024) (1328 -920 1024) (1328 -920 1032) (1280 -920 1032) 
4 47 143 (1328 -920 1024) (1408 -920 1024) (1408 -920 1032) (1328 -920 1032) 
4 47 108 (1408 -920 1024) (1280 -920 1024) (1280 -904 1024) (1408 -904 1024) 
4 48 49 (-1344 1024 2112) (-1344 1024 2096) (-928 1024 2096) (-928 1024 2112) 
4 49 54 (-1280 896 2112) (-1344 896 2112) (-1344 896 2096) (-1280 896 2096) 
4 49 52 (-928 896 2096) (-928 896 2112) (-1280 896 2112) (-1280 896 2096) 
4 49 51 (-1344 1024 2096) (-1344 896 2096) (-1344 896 2112) (-1344 1024 2112) 
4 49 50 (-928 896 2096) (-1344 896 2096) (-1344 1024 2096) (-928 1024 2096) 
4 50 59 (-928 1024 1024) (-928 896 1024) (-1344 896 1024) (-1344 1024 1024) 
4 50 55 (-1344 896 1024) (-1280 896 1024) (-1280 896 2096) (-1344 896 2096) 
4 50 51 (-1344 1024 1024) (-1344 896 1024) (-1344 896 2096) (-1344 1024 2096) 
4 51 59 (-1344 1024 1024) (-1344 896 1024) (-1408 896 1024) (-1408 1024 1024) 
4 51 56 (-1408 896 1024) (-1344 896 1024) (-1344 896 2112) (-1408 896 2112) 
4 52 165 (-1280 -920 2112) (-1280 -920 2096) (-944 -920 2096) (-944 -920 2112) 
4 52 163 (-944 -920 2096) (-928 -920 2096) (-928 -920 2112) (-944 -920 2112) 
4 52 54 (-1280 896 2112) (-1280 896 2096) (-1280 -920 2096) (-1280 -920 2112) 
4 53 166 (-1344 -920 2176) (-1344 -920 2112) (-1280 -920 2112) (-1280 -920 2176) 
4 53 56 (-1344 896 2176) (-1344 896 2112) (-1344 -920 2112) (-1344 -920 2176) 
4 53 54 (-1344 -920 2112) (-1344 896 2112) (-1280 896 2112) (-1280 -920 2112) 
4 54 167 (-1344 -920 2112) (-1344 -920 2096) (-1280 -920 2096) (-1280 -920 2112) 
4 54 56 (-1344 896 2112) (-1344 896 2096) (-1344 -920 2096) (-1344 -920 2112) 
4 54 55 (-1344 -920 2096) (-1344 896 2096) (-1280 896 2096) (-1280 -920 2096) 
4 55 169 (-1344 -920 2096) (-1344 -920 1024) (-1280 -920 1024) (-1280 -920 2096) 
4 55 110 (-1280 -920 1024) (-1344 -920 1024) (-1344 -904 1024) (-1280 -904 1024) 
4 55 107 (-1344 -904 1024) (-1344 -448 1024) (-1280 -448 1024) (-1280 -904 1024) 
4 55 80 (-1344 -448 1024) (-1344 -400 1024) (-1280 -400 1024) (-1280 -448 1024) 
4 55 69 (-1344 -400 1024) (-1344 -248 1024) (-1280 -248 1024) (-1280 -400 1024) 
4 55 60 (-1344 -248 1024) (-1344 896 1024) (-1280 896 1024) (-1280 -248 1024) 
4 55 56 (-1344 896 2096) (-1344 896 1024) (-1344 -920 1024) (-1344 -920 2096) 
4 56 172 (-1408 -920 2176) (-1408 -920 1024) (-1344 -920 1024) (-1344 -920 2176) 
4 56 110 (-1344 -920 1024) (-1408 -920 1024) (-1408 -904 1024) (-1344 -904 1024) 
4 56 107 (-1408 -904 1024) (-1408 -448 1024) (-1344 -448 1024) (-1344 -904 1024) 
4 56 80 (-1408 -448 1024) (-1408 -400 1024) (-1344 -400 1024) (-1344 -448 1024) 
4 56 69 (-1408 -400 1024) (-1408 -248 1024) (-1344 -248 1024) (-1344 -400 1024) 
4 56 60 (-1408 -248 1024) (-1408 896 1024) (-1344 896 1024) (-1344 -248 1024) 
4 57 113 (88 896 904) (-920 896 904) (-920 1024 904) (88 1024 904) 
4 57 111 (1408 896 904) (88 896 904) (88 1024 904) (1408 1024 904) 
4 57 59 (-920 1024 904) (-920 896 904) (-920 896 1024) (-920 1024 1024) 
4 57 58 (1280 896 904) (1408 896 904) (1408 896 1024) (1280 896 1024) 
4 58 112 (1408 -248 904) (1280 -248 904) (1280 896 904) (1408 896 904) 
4 58 70 (1280 -248 904) (1408 -248 904) (1408 -248 1000) (1280 -248 1000) 
4 58 61 (1408 -248 1000) (1408 -248 1024) (1280 -248 1024) (1280 -248 1000) 
4 59 119 (-920 1024 904) (-920 896 904) (-1408 896 904) (-1408 1024 904) 
4 59 60 (-1408 896 904) (-1280 896 904) (-1280 896 1024) (-1408 896 1024) 
4 60 120 (-1280 -248 904) (-1408 -248 904) (-1408 896 904) (-1280 896 904) 
4 60 72 (-1408 -248 904) (-1280 -248 904) (-1280 -248 1000) (-1408 -248 1000) 
4 60 69 (-1280 -248 1000) (-1280 -248 1024) (-1408 -248 1024) (-1408 -248 1000) 
4 61 73 (1280 -400 1000) (1408 -400 1000) (1408 -400 1024) (1280 -400 1024) 
4 61 70 (1408 -400 1000) (1280 -400 1000) (1280 -248 1000) (1408 -248 1000) 
4 62 74 (-256 -400 1000) (-192 -400 1000) (-192 -400 1024) (-256 -400 1024) 
4 62 71 (-192 -400 1000) (-288 -400 1000) (-288 -248 1000) (-192 -248 1000) 
4 63 71 (-312 -400 1000) (-336 -400 1000) (-336 -248 1000) (-312 -248 1000) 
4 64 71 (-360 -400 1000) (-384 -400 1000) (-384 -248 1000) (-360 -248 1000) 
4 65 71 (-408 -400 1000) (-544 -400 1000) (-544 -248 1000) (-408 -248 1000) 
4 66 71 (-568 -400 1000) (-592 -400 1000) (-592 -248 1000) (-568 -248 1000) 
4 67 71 (-616 -400 1000) (-640 -400 1000) (-640 -248 1000) (-616 -248 1000) 
4 68 78 (-920 -400 1000) (-856 -400 1000) (-856 -400 1024) (-920 -400 1024) 
4 68 71 (-664 -400 1000) (-920 -400 1000) (-920 -248 1000) (-664 -248 1000) 
4 69 80 (-1408 -400 1000) (-1280 -400 1000) (-1280 -400 1024) (-1408 -400 1024) 
4 69 72 (-1280 -400 1000) (-1408 -400 1000) (-1408 -248 1000) (-1280 -248 1000) 
4 70 112 (1408 -400 904) (1280 -400 904) (1280 -248 904) (1408 -248 904) 
4 70 73 (1280 -400 904) (1408 -400 904) (1408 -400 1000) (1280 -400 1000) 
4 71 114 (-192 -400 904) (-920 -400 904) (-920 -248 904) (-192 -248 904) 
4 71 78 (-920 -400 904) (-856 -400 904) (-856 -400 1000) (-920 -400 1000) 
4 71 77 (-304 -400 920) (-304 -400 984) (-352 -400 984) (-352 -400 920) 
4 71 74 (-256 -400 904) (-192 -400 904) (-192 -400 1000) (-256 -400 1000) 
4 72 120 (-1280 -400 904) (-1408 -400 904) (-1408 -248 904) (-1280 -248 904) 
4 72 80 (-1408 -400 904) (-1280 -400 904) (-1280 -400 1000) (-1408 -400 1000) 
4 73 112 (1408 -448 904) (1280 -448 904) (1280 -400 904) (1408 -400 904) 
4 73 95 (1280 -448 904) (1408 -448 904) (1408 -448 1000) (1280 -448 1000) 
4 73 81 (1408 -448 1000) (1408 -448 1024) (1280 -448 1024) (1280 -448 1000) 
4 74 115 (-256 -408 904) (-256 -400 904) (-192 -400 904) (-192 -408 904) 
4 74 75 (-256 -408 1008) (-256 -408 904) (-192 -408 904) (-192 -408 1008) 
4 75 115 (-256 -440 904) (-256 -408 904) (-192 -408 904) (-192 -440 904) 
4 75 76 (-256 -440 1008) (-256 -440 904) (-192 -440 904) (-192 -440 1008) 
4 76 115 (-192 -448 904) (-256 -448 904) (-256 -440 904) (-192 -440 904) 
4 76 96 (-256 -448 904) (-192 -448 904) (-192 -448 1000) (-256 -448 1000) 
4 76 88 (-192 -448 1000) (-192 -448 1024) (-256 -448 1024) (-256 -448 1000) 
4 78 117 (-856 -448 904) (-920 -448 904) (-920 -400 904) (-856 -400 904) 
4 78 106 (-920 -448 904) (-880 -448 904) (-880 -448 1024) (-920 -448 1024) 
4 78 103 (-880 -448 904) (-856 -448 904) (-856 -448 1024) (-880 -448 1024) 
4 78 79 (-920 -439.99999999999994 904) (-920 -448 904) (-920 -448 1024) (-920 -439.99999999999994 1024) 
3 79 118 (-920 -448 904) (-928.0000000000001 -448 904) (-920 -439.99999999999994 904) 
4 79 106 (-928 -448 904) (-920 -448 904) (-920 -448 1024) (-928.0000000000001 -448 1024) 
4 80 120 (-1280 -448 904) (-1408 -448 904) (-1408 -400 904) (-1280 -400 904) 
4 80 107 (-1408 -448 904) (-1280 -448 904) (-1280 -448 1024) (-1408 -448 1024) 
4 81 95 (1408 -640 1000) (1280 -640 1000) (1280 -448 1000) (1408 -448 1000) 
4 81 82 (1280 -640 1000) (1408 -640 1000) (1408 -640 1024) (1280 -640 1024) 
4 82 97 (1408 -768 1000) (1280 -768 1000) (1280 -640 1000) (1408 -640 1000) 
4 82 84 (1280 -768 1000) (1408 -768 1000) (1408 -768 1024) (1280 -768 1024) 
4 83 98 (464 -768 1000) (88 -768 1000) (88 -640 1000) (464 -640 1000) 
4 83 85 (88 -640 1000) (88 -768 1000) (88 -768 1024) (88 -640 1024) 
4 84 108 (1408 -904 1024) (1280 -904 1024) (1280 -904 1000) (1408 -904 1000) 
4 84 99 (1408 -904 1000) (1280 -904 1000) (1280 -768 1000) (1408 -768 1000) 
4 85 100 (88 -904 1000) (-48 -904 1000) (-48 -768 1000) (88 -768 1000) 
4 85 98 (-48 -768 1000) (-48 -640 1000) (88 -640 1000) (88 -768 1000) 
4 85 96 (-48 -640 1000) (-48 -448 1000) (88 -448 1000) (88 -640 1000) 
4 86 100 (-72 -904 1000) (-96 -904 1000) (-96 -768 1000) (-72 -768 1000) 
4 86 98 (-96 -768 1000) (-96 -640 1000) (-72 -640 1000) (-72 -768 1000) 
4 86 96 (-96 -640 1000) (-96 -448 1000) (-72 -448 1000) (-72 -640 1000) 
4 87 100 (-120 -904 1000) (-144 -904 1000) (-144 -768 1000) (-120 -768 1000) 
4 87 98 (-144 -768 1000) (-144 -640 1000) (-120 -640 1000) (-120 -768 1000) 
4 87 96 (-144 -640 1000) (-144 -448 1000) (-120 -448 1000) (-120 -640 1000) 
4 88 100 (-168 -904 1000) (-288 -904 1000) (-288 -768 1000) (-168 -768 1000) 
4 88 98 (-288 -768 1000) (-288 -640 1000) (-168 -640 1000) (-168 -768 1000) 
4 88 96 (-288 -640 1000) (-288 -448 1000) (-168 -448 1000) (-168 -640 1000) 
4 89 100 (-312 -904 1000) (-336 -904 1000) (-336 -768 1000) (-312 -768 1000) 
4 89 98 (-336 -768 1000) (-336 -640 1000) (-312 -640 1000) (-312 -768 1000) 
4 89 96 (-336 -640 1000) (-336 -448 1000) (-312 -448 1000) (-312 -640 1000) 
4 90 100 (-360 -904 1000) (-384 -904 1000) (-384 -768 1000) (-360 -768 1000) 
4 90 98 (-384 -768 1000) (-384 -640 1000) (-360 -640 1000) (-360 -768 1000) 
4 90 96 (-384 -640 1000) (-384 -448 1000) (-360 -448 1000) (-360 -640 1000) 
4 91 100 (-408 -904 1000) (-544 -904 1000) (-544 -768 1000) (-408 -768 1000) 
4 91 98 (-544 -768 1000) (-544 -640 1000) (-408 -640 1000) (-408 -768 1000) 
4 91 96 (-544 -640 1000) (-544 -448 1000) (-408 -448 1000) (-408 -640 1000) 
4 92 100 (-568 -904 1000) (-592 -904 1000) (-592 -768 1000) (-568 -768 1000) 
4 92 98 (-592 -768 1000) (-592 -640 1000) (-568 -640 1000) (-568 -768 1000) 
4 92 96 (-592 -640 1000) (-592 -448 1000) (-568 -448 1000) (-568 -640 1000) 
4 93 100 (-616 -904 1000) (-640 -904 1000) (-640 -768 1000) (-616 -768 1000) 
4 93 98 (-640 -768 1000) (-640 -640 1000) (-616 -640 1000) (-616 -768 1000) 
4 93 96 (-640 -640 1000) (-640 -448 1000) (-616 -448 1000) (-616 -640 1000) 
4 94 100 (-664 -904 1000) (-800 -904 1000) (-800 -768 1000) (-664 -768 1000) 
4 94 98 (-800 -768 1000) (-800 -640 1000) (-664 -640 1000) (-664 -768 1000) 
4 94 96 (-800 -640 1000) (-800 -448 1000) (-664 -448 1000) (-664 -640 1000) 
4 95 121 (1408 -640 904) (1280 -640 904) (1280 -448 904) (1408 -448 904) 
4 95 97 (1408 -640 1000) (1280 -640 1000) (1280 -640 904) (1408 -640 904) 
4 96 125 (88 -640 904) (-800 -640 904) (-800 -448 904) (88 -448 904) 
4 96 101 (-800 -456 904) (-800 -640 904) (-800 -640 984) (-800 -456 984) 
4 96 98 (88 -640 1000) (-800 -640 1000) (-800 -640 904) (88 -640 904) 
4 97 122 (1408 -768 904) (1280 -768 904) (1280 -640 904) (1408 -640 904) 
4 97 99 (1408 -768 1000) (1280 -768 1000) (1280 -768 904) (1408 -768 904) 
4 98 125 (88 -768 904) (-800 -768 904) (-800 -640 904) (88 -640 904) 
4 98 123 (464 -768 904) (88 -768 904) (88 -640 904) (464 -640 904) 
4 98 101 (-800 -640 904) (-800 -768 904) (-800 -768 984) (-800 -640 984) 
4 98 100 (88 -768 1000) (-800 -768 1000) (-800 -768 904) (88 -768 904) 
4 99 124 (1408 -904 904) (1280 -904 904) (1280 -768 904) (1408 -768 904) 
4 99 108 (1280 -904 904) (1408 -904 904) (1408 -904 1000) (1280 -904 1000) 
4 100 125 (88 -904 904) (-800 -904 904) (-800 -768 904) (88 -768 904) 
4 100 101 (-800 -768 904) (-800 -896 904) (-800 -896 984) (-800 -768 984) 
4 101 126 (-808 -896 904) (-808 -456 904) (-800 -456 904) (-800 -896 904) 
4 101 102 (-808 -456 904) (-808 -896 904) (-808 -896 984) (-808 -456 984) 
4 102 127 (-808 -904 904) (-824 -904 904) (-824 -448 904) (-808 -448 904) 
4 102 109 (-824 -904 904) (-808 -904 904) (-808 -904 1024) (-824 -904 1024) 
4 102 105 (-824 -704 904) (-824 -904 904) (-824 -904 1024) (-824 -704 1024) 
4 102 104 (-824 -704 944) (-824 -704 1024) (-824 -632 1024) (-824 -632 944) 
4 102 103 (-824 -448 1024) (-824 -448 904) (-824 -632 904) (-824 -632 1024) 
4 103 128 (-880 -632 904) (-880 -448 904) (-824 -448 904) (-824 -632 904) 
4 103 106 (-880 -448 1024) (-880 -448 904) (-880 -632 904) (-880 -632 1024) 
4 103 104 (-880 -632 1024) (-880 -632 944) (-824 -632 944) (-824 -632 1024) 
4 104 106 (-880 -704 944) (-880 -704 1024) (-880 -632 1024) (-880 -632 944) 
4 104 105 (-880 -704 1024) (-880 -704 944) (-824 -704 944) (-824 -704 1024) 
4 105 129 (-824 -904 904) (-880 -904 904) (-880 -704 904) (-824 -704 904) 
4 105 109 (-880 -904 904) (-824 -904 904) (-824 -904 1024) (-880 -904 1024) 
4 105 106 (-880 -704 904) (-880 -904 904) (-880 -904 1024) (-880 -704 1024) 
4 106 130 (-880 -904 904) (-928 -904 904) (-928 -448 904) (-880 -448 904) 
4 106 109 (-928 -904 904) (-880 -904 904) (-880 -904 1024) (-928 -904 1024) 
4 107 131 (-1280 -904 904) (-1408 -904 904) (-1408 -448 904) (-1280 -448 904) 
4 107 110 (-1408 -904 904) (-1280 -904 904) (-1280 -904 1024) (-1408 -904 1024) 
4 108 146 (1280 -920 904) (1328 -920 904) (1328 -920 1024) (1280 -920 1024) 
4 108 143 (1328 -920 904) (1408 -920 904) (1408 -920 1024) (1328 -920 1024) 
4 108 124 (1408 -920 904) (1280 -920 904) (1280 -904 904) (1408 -904 904) 
4 109 155 (-928 -920 904) (-808 -920 904) (-808 -920 1024) (-928 -920 1024) 
4 109 130 (-880 -920 904) (-928 -920 904) (-928 -904 904) (-880 -904 904) 
4 109 129 (-824 -920 904) (-880 -920 904) (-880 -904 904) (-824 -904 904) 
4 109 127 (-808 -920 904) (-824 -920 904) (-824 -904 904) (-808 -904 904) 
4 110 172 (-1408 -920 904) (-1344 -920 904) (-1344 -920 1024) (-1408 -920 1024) 
4 110 169 (-1344 -920 904) (-1280 -920 904) (-1280 -920 1024) (-1344 -920 1024) 
4 110 131 (-1280 -920 904) (-1408 -920 904) (-1408 -904 904) (-1280 -904 904) 
4 111 132 (1408 896 888) (88 896 888) (88 1024 888) (1408 1024 888) 
4 111 113 (88 1024 888) (88 896 888) (88 896 904) (88 1024 904) 
4 111 112 (1280 896 888) (1408 896 888) (1408 896 904) (1280 896 904) 
4 112 134 (1408 -448 888) (1280 -448 888) (1280 896 888) (1408 896 888) 
4 112 121 (1280 -448 888) (1408 -448 888) (1408 -448 904) (1280 -448 904) 
4 113 132 (-920 896 888) (-920 1024 888) (88 1024 888) (88 896 888) 
4 113 119 (-920 1024 888) (-920 896 888) (-920 896 904) (-920 1024 904) 
4 114 117 (-920 -400 904) (-920 -400 888) (-856 -400 888) (-856 -400 904) 
4 114 116 (-728 -400 888) (-352 -400 888) (-352 -400 904) (-728 -400 904) 
4 114 115 (-256 -400 888) (-192 -400 888) (-192 -400 904) (-256 -400 904) 
4 115 125 (-256 -448 888) (-192 -448 888) (-192 -448 904) (-256 -448 904) 
4 116 125 (-728 -448 888) (-352 -448 888) (-352 -448 904) (-728 -448 904) 
4 117 130 (-920 -448 888) (-880 -448 888) (-880 -448 904) (-920 -448 904) 
4 117 128 (-880 -448 888) (-856 -448 888) (-856 -448 904) (-880 -448 904) 
4 117 118 (-920 -439.99999999999994 888) (-920 -448 888) (-920 -448 904) (-920 -439.99999999999994 904) 
4 118 130 (-928 -448 888) (-920 -448 888) (-920 -448 904) (-928.0000000000001 -448 904) 
4 119 132 (-920 1024 888) (-920 896 888) (-1408 896 888) (-1408 1024 888) 
4 119 120 (-1408 896 888) (-1280 896 888) (-1280 896 904) (-1408 896 904) 
4 120 135 (-1280 -448 888) (-1408 -448 888) (-1408 896 888) (-1280 896 888) 
4 120 131 (-1408 -448 888) (-1280 -448 888) (-1280 -448 904) (-1408 -448 904) 
4 121 134 (1408 -640 888) (1280 -640 888) (1280 -448 888) (1408 -448 888) 
4 121 122 (1280 -640 888) (1408 -640 888) (1408 -640 904) (1280 -640 904) 
4 122 134 (1408 -768 888) (1280 -768 888) (1280 -640 888) (1408 -640 888) 
4 122 124 (1280 -768 888) (1408 -768 888) (1408 -768 904) (1280 -768 904) 
4 123 125 (88 -640 888) (88 -768 888) (88 -768 904) (88 -640 904) 
4 124 146 (1280 -920 888) (1328 -920 888) (1328 -920 904) (1280 -920 904) 
4 124 143 (1328 -920 888) (1408 -920 888) (1408 -920 904) (1328 -920 904) 
4 124 134 (1408 -920 888) (1280 -920 888) (1280 -768 888) (1408 -768 888) 
4 125 126 (-800 -456 888) (-800 -896 888) (-800 -896 904) (-800 -456 904) 
4 126 127 (-808 -456 888) (-808 -896 888) (-808 -896 904) (-808 -456 904) 
4 127 155 (-824 -920 888) (-808 -920 888) (-808 -920 904) (-824 -920 904) 
4 127 129 (-824 -704 888) (-824 -920 888) (-824 -920 904) (-824 -704 904) 
4 127 128 (-824 -448 904) (-824 -448 888) (-824 -632 888) (-824 -632 904) 
4 128 130 (-880 -448 904) (-880 -448 888) (-880 -632 888) (-880 -632 904) 
4 129 155 (-880 -920 888) (-824 -920 888) (-824 -920 904) (-880 -920 904) 
4 129 130 (-880 -704 888) (-880 -920 888) (-880 -920 904) (-880 -704 904) 
4 130 155 (-928 -920 888) (-880 -920 888) (-880 -920 904) (-928 -920 904) 
4 131 172 (-1408 -920 888) (-1344 -920 888) (-1344 -920 904) (-1408 -920 904) 
4 131 169 (-1344 -920 888) (-1280 -920 888) (-1280 -920 904) (-1344 -920 904) 
4 131 135 (-1280 -920 888) (-1408 -920 888) (-1408 -448 888) (-1280 -448 888) 
4 132 135 (-1408 896 -192) (-1280 896 -192) (-1280 896 888) (-1408 896 888) 
4 132 134 (1280 896 -192) (1408 896 -192) (1408 896 888) (1280 896 888) 
4 132 133 (1328 896 -192) (-1344 896 -192) (-1344 1024 -192) (1328 1024 -192) 
4 133 140 (-1280 896 -192) (-1344 896 -192) (-1344 896 -208) (-1280 896 -208) 
4 133 139 (1280 896 -192) (-1280 896 -192) (-1280 896 -208) (1280 896 -208) 
4 133 137 (1328 896 -208) (1328 896 -192) (1280 896 -192) (1280 896 -208) 
4 134 146 (1280 -920 -192) (1328 -920 -192) (1328 -920 888) (1280 -920 888) 
4 134 143 (1328 -920 -192) (1408 -920 -192) (1408 -920 888) (1328 -920 888) 
4 134 137 (1328 -920 -192) (1280 -920 -192) (1280 896 -192) (1328 896 -192) 
4 134 136 (1408 -920 -192) (1328 -920 -192) (1328 896 -192) (1408 896 -192) 
4 135 172 (-1408 -920 -192) (-1344 -920 -192) (-1344 -920 888) (-1408 -920 888) 
4 135 169 (-1344 -920 -192) (-1280 -920 -192) (-1280 -920 888) (-1344 -920 888) 
4 135 142 (-1344 -920 -192) (-1408 -920 -192) (-1408 896 -192) (-1344 896 -192) 
4 135 140 (-1280 -920 -192) (-1344 -920 -192) (-1344 896 -192) (-1280 896 -192) 
4 136 143 (1328 -920 -256) (1408 -920 -256) (1408 -920 -192) (1328 -920 -192) 
4 136 138 (1328 896 -256) (1328 -920 -256) (1328 -920 -208) (1328 896 -208) 
4 136 137 (1328 -920 -208) (1328 -920 -192) (1328 896 -192) (1328 896 -208) 
4 137 147 (1328 -920 -208) (1328 -920 -192) (1280 -920 -192) (1280 -920 -208) 
4 137 139 (1280 -920 -208) (1280 -920 -192) (1280 896 -192) (1280 896 -208) 
4 137 138 (1280 -920 -208) (1280 896 -208) (1328 896 -208) (1328 -920 -208) 
4 138 148 (1280 -920 -256) (1328 -920 -256) (1328 -920 -208) (1280 -920 -208) 
4 139 168 (-944 -920 -192) (-1280 -920 -192) (-1280 -920 -208) (-944 -920 -208) 
4 139 164 (-928 -920 -192) (-944 -920 -192) (-944 -920 -208) (-928 -920 -208) 
4 139 162 (-808 -920 -192) (-928 -920 -192) (-928 -920 -208) (-808 -920 -208) 
4 139 152 (80 -920 -192) (-808 -920 -192) (-808 -920 -208) (80 -920 -208) 
4 139 150 (1280 -920 -208) (1280 -920 -192) (80 -920 -192) (80 -920 -208) 
4 139 140 (-1280 -920 -208) (-1280 -920 -192) (-1280 896 -192) (-1280 896 -208) 
4 140 170 (-1280 -920 -208) (-1280 -920 -192) (-1344 -920 -192) (-1344 -920 -208) 
4 140 142 (-1344 -920 -208) (-1344 -920 -192) (-1344 896 -192) (-1344 896 -208) 
4 140 141 (-1344 -920 -208) (-1344 896 -208) (-1280 896 -208) (-1280 -920 -208) 
4 141 171 (-1344 -920 -256) (-1280 -920 -256) (-1280 -920 -208) (-1344 -920 -208) 
4 141 142 (-1344 896 -256) (-1344 -920 -256) (-1344 -920 -208) (-1344 896 -208) 
4 142 172 (-1408 -920 -256) (-1344 -920 -256) (-1344 -920 -192) (-1408 -920 -192) 
4 143 293 (1328 -1192 -192) (1328 -1192 -256) (1408 -1192 -256) (1408 -1192 -192) 
4 143 291 (1328 -1192 296) (1328 -1192 -192) (1408 -1192 -192) (1408 -1192 296) 
4 143 244 (1328 -1192 936) (1328 -1192 296) (1408 -1192 296) (1408 -1192 936) 
4 143 184 (1328 -1192 1160) (1328 -1192 936) (1408 -1192 936) (1408 -1192 1160) 
4 143 182 (1328 -1192 1176) (1328 -1192 1160) (1408 -1192 1160) (1408 -1192 1176) 
4 143 173 (1328 -1192 2176) (1328 -1192 1176) (1408 -1192 1176) (1408 -1192 2176) 
4 143 148 (1328 -920 -208) (1328 -920 -256) (1328 -1192 -256) (1328 -1192 -208) 
4 143 147 (1328 -920 -192) (1328 -920 -208) (1328 -1192 -208) (1328 -1192 -192) 
4 143 146 (1328 -920 2096) (1328 -920 -192) (1328 -1192 -192) (1328 -1192 2096) 
4 143 145 (1328 -920 2112) (1328 -920 2096) (1328 -1192 2096) (1328 -1192 2112) 
4 143 144 (1328 -920 2176) (1328 -920 2112) (1328 -1192 2112) (1328 -1192 2176) 
4 144 174 (1280 -1192 2176) (1280 -1192 2112) (1328 -1192 2112) (1328 -1192 2176) 
4 144 145 (1280 -1192 2112) (1280 -920 2112) (1328 -920 2112) (1328 -1192 2112) 
4 145 175 (1280 -1192 2112) (1280 -1192 2096) (1328 -1192 2096) (1328 -1192 2112) 
4 145 149 (1280 -920 2112) (1280 -920 2096) (1280 -1192 2096) (1280 -1192 2112) 
4 145 146 (1280 -1192 2096) (1280 -920 2096) (1328 -920 2096) (1328 -1192 2096) 
4 146 291 (1280 -1192 296) (1280 -1192 -192) (1328 -1192 -192) (1328 -1192 296) 
4 146 244 (1280 -1192 936) (1280 -1192 296) (1328 -1192 296) (1328 -1192 936) 
4 146 184 (1280 -1192 1160) (1280 -1192 936) (1328 -1192 936) (1328 -1192 1160) 
4 146 182 (1280 -1192 1176) (1280 -1192 1160) (1328 -1192 1160) (1328 -1192 1176) 
4 146 176 (1280 -1192 2096) (1280 -1192 1176) (1328 -1192 1176) (1328 -1192 2096) 
4 146 147 (1280 -1192 -192) (1280 -920 -192) (1328 -920 -192) (1328 -1192 -192) 
4 147 294 (1280 -1192 -192) (1280 -1192 -208) (1328 -1192 -208) (1328 -1192 -192) 
4 147 150 (1280 -920 -192) (1280 -920 -208) (1280 -1192 -208) (1280 -1192 -192) 
4 147 148 (1280 -1192 -208) (1280 -920 -208) (1328 -920 -208) (1328 -1192 -208) 
4 148 295 (1280 -1192 -208) (1280 -1192 -256) (1328 -1192 -256) (1328 -1192 -208) 
4 149 177 (80 -1192 2112) (80 -1192 2096) (1280 -1192 2096) (1280 -1192 2112) 
4 149 151 (80 -920 2112) (80 -920 2096) (80 -1192 2096) (80 -1192 2112) 
4 150 296 (80 -1192 -192) (80 -1192 -208) (1280 -1192 -208) (1280 -1192 -192) 
4 150 152 (80 -920 -192) (80 -920 -208) (80 -1192 -208) (80 -1192 -192) 
4 151 177 (-808 -1192 2112) (-808 -1192 2096) (80 -1192 2096) (80 -1192 2112) 
4 151 153 (-808 -920 2112) (-808 -920 2096) (-808 -1192 2096) (-808 -1192 2112) 
4 152 296 (-808 -1192 -192) (-808 -1192 -208) (80 -1192 -208) (80 -1192 -192) 
4 152 162 (-808 -920 -192) (-808 -920 -208) (-808 -1192 -208) (-808 -1192 -192) 
4 153 177 (-928 -1192 2112) (-928 -1192 2096) (-808 -1192 2096) (-808 -1192 2112) 
4 153 163 (-928 -920 2112) (-928 -920 2096) (-928 -1192 2096) (-928 -1192 2112) 
4 154 199 (-928 -1192 1160) (-928 -1192 1040) (-808 -1192 1040) (-808 -1192 1160) 
4 154 159 (-928 -1192 1040) (-928 -1184 1040) (-808 -1184 1040) (-808 -1192 1040) 
4 154 155 (-928 -1048 1040) (-928 -920 1040) (-808 -920 1040) (-808 -1048 1040) 
4 155 156 (-808 -1048 896) (-808 -1048 1024) (-928 -1048 1024) (-928 -1048 896) 
4 156 157 (-808 -1072 904) (-808 -1072 1024) (-928 -1072 1024) (-928 -1072 904) 
4 157 158 (-808 -1096 912) (-808 -1096 1024) (-928 -1096 1024) (-928 -1096 912) 
4 158 160 (-808 -1128 920) (-808 -1128 1024) (-928 -1128 1024) (-928 -1128 920) 
4 159 201 (-928 -1192 1040) (-928 -1192 1024) (-808 -1192 1024) (-808 -1192 1040) 
4 159 161 (-928 -1192 1024) (-928 -1184 1024) (-808 -1184 1024) (-808 -1192 1024) 
4 160 161 (-808 -1160 928) (-808 -1160 1024) (-928 -1160 1024) (-928 -1160 928) 
4 161 201 (-928 -1192 1024) (-928 -1192 936) (-808 -1192 936) (-808 -1192 1024) 
4 162 296 (-928 -1192 -192) (-928 -1192 -208) (-808 -1192 -208) (-808 -1192 -192) 
4 162 164 (-928 -920 -192) (-928 -920 -208) (-928 -1192 -208) (-928 -1192 -192) 
4 163 177 (-944 -1192 2112) (-944 -1192 2096) (-928 -1192 2096) (-928 -1192 2112) 
4 163 165 (-944 -920 2112) (-944 -920 2096) (-944 -1192 2096) (-944 -1192 2112) 
4 164 296 (-944 -1192 -192) (-944 -1192 -208) (-928 -1192 -208) (-928 -1192 -192) 
4 164 168 (-944 -920 -192) (-944 -920 -208) (-944 -1192 -208) (-944 -1192 -192) 
4 165 177 (-1280 -1192 2112) (-1280 -1192 2096) (-944 -1192 2096) (-944 -1192 2112) 
4 165 167 (-1280 -920 2112) (-1280 -920 2096) (-1280 -1192 2096) (-1280 -1192 2112) 
4 166 178 (-1344 -1192 2176) (-1344 -1192 2112) (-1280 -1192 2112) (-1280 -1192 2176) 
4 166 172 (-1344 -920 2176) (-1344 -920 2112) (-1344 -1192 2112) (-1344 -1192 2176) 
4 166 167 (-1344 -1192 2112) (-1344 -920 2112) (-1280 -920 2112) (-1280 -1192 2112) 
4 167 179 (-1344 -1192 2112) (-1344 -1192 2096) (-1280 -1192 2096) (-1280 -1192 2112) 
4 167 172 (-1344 -920 2112) (-1344 -920 2096) (-1344 -1192 2096) (-1344 -1192 2112) 
4 167 169 (-1344 -1192 2096) (-1344 -920 2096) (-1280 -920 2096) (-1280 -1192 2096) 
4 168 296 (-944 -1192 -208) (-944 -1192 -192) (-1280 -1192 -192) (-1280 -1192 -208) 
4 168 170 (-1280 -1192 -208) (-1280 -1192 -192) (-1280 -920 -192) (-1280 -920 -208) 
4 169 292 (-1344 -1192 296) (-1344 -1192 -192) (-1280 -1192 -192) (-1280 -1192 296) 
4 169 279 (-1344 -1192 936) (-1344 -1192 296) (-1280 -1192 296) (-1280 -1192 936) 
4 169 202 (-1344 -1192 1160) (-1344 -1192 936) (-1280 -1192 936) (-1280 -1192 1160) 
4 169 183 (-1344 -1192 1176) (-1344 -1192 1160) (-1280 -1192 1160) (-1280 -1192 1176) 
4 169 180 (-1344 -1192 2096) (-1344 -1192 1176) (-1280 -1192 1176) (-1280 -1192 2096) 
4 169 172 (-1344 -920 2096) (-1344 -920 -192) (-1344 -1192 -192) (-1344 -1192 2096) 
4 169 170 (-1344 -1192 -192) (-1344 -920 -192) (-1280 -920 -192) (-1280 -1192 -192) 
4 170 297 (-1344 -1192 -192) (-1344 -1192 -208) (-1280 -1192 -208) (-1280 -1192 -192) 
4 170 172 (-1344 -920 -192) (-1344 -920 -208) (-1344 -1192 -208) (-1344 -1192 -192) 
4 170 171 (-1344 -1192 -208) (-1344 -920 -208) (-1280 -920 -208) (-1280 -1192 -208) 
4 171 298 (-1344 -1192 -208) (-1344 -1192 -256) (-1280 -1192 -256) (-1280 -1192 -208) 
4 171 172 (-1344 -920 -208) (-1344 -920 -256) (-1344 -1192 -256) (-1344 -1192 -208) 
4 172 299 (-1408 -1192 -192) (-1408 -1192 -256) (-1344 -1192 -256) (-1344 -1192 -192) 
4 172 292 (-1408 -1192 296) (-1408 -1192 -192) (-1344 -1192 -192) (-1344 -1192 296) 
4 172 279 (-1408 -1192 936) (-1408 -1192 296) (-1344 -1192 296) (-1344 -1192 936) 
4 172 202 (-1408 -1192 1160) (-1408 -1192 936) (-1344 -1192 936) (-1344 -1192 1160) 
4 172 183 (-1408 -1192 1176) (-1408 -1192 1160) (-1344 -1192 1160) (-1344 -1192 1176) 
4 172 181 (-1408 -1192 2176) (-1408 -1192 1176) (-1344 -1192 1176) (-1344 -1192 2176) 
4 173 203 (1328 -1312 1176) (1408 -1312 1176) (1408 -1312 2176) (1328 -1312 2176) 
4 173 182 (1408 -1312 1176) (1328 -1312 1176) (1328 -1192 1176) (1408 -1192 1176) 
4 173 176 (1328 -1192 1176) (1328 -1312 1176) (1328 -1312 2096) (1328 -1192 2096) 
4 173 175 (1328 -1312 2096) (1328 -1312 2112) (1328 -1192 2112) (1328 -1192 2096) 
4 173 174 (1328 -1312 2112) (1328 -1312 2176) (1328 -1192 2176) (1328 -1192 2112) 
4 174 204 (1328 -1312 2112) (1328 -1312 2176) (1280 -1312 2176) (1280 -1312 2112) 
4 174 175 (1280 -1312 2112) (1280 -1192 2112) (1328 -1192 2112) (1328 -1312 2112) 
4 175 205 (1328 -1312 2096) (1328 -1312 2112) (1280 -1312 2112) (1280 -1312 2096) 
4 175 177 (1280 -1312 2096) (1280 -1312 2112) (1280 -1192 2112) (1280 -1192 2096) 
4 175 176 (1280 -1312 2096) (1280 -1192 2096) (1328 -1192 2096) (1328 -1312 2096) 
4 176 206 (1280 -1312 1176) (1328 -1312 1176) (1328 -1312 2096) (1280 -1312 2096) 
4 176 182 (1328 -1312 1176) (1280 -1312 1176) (1280 -1192 1176) (1328 -1192 1176) 
4 177 230 (-288 -1312 2112) (-1280 -1312 2112) (-1280 -1312 2096) (-288 -1312 2096) 
4 177 212 (80 -1312 2112) (-288 -1312 2112) (-288 -1312 2096) (80 -1312 2096) 
4 177 207 (1280 -1312 2096) (1280 -1312 2112) (80 -1312 2112) (80 -1312 2096) 
4 177 179 (-1280 -1312 2096) (-1280 -1312 2112) (-1280 -1192 2112) (-1280 -1192 2096) 
4 178 231 (-1280 -1312 2112) (-1280 -1312 2176) (-1344 -1312 2176) (-1344 -1312 2112) 
4 178 181 (-1344 -1312 2112) (-1344 -1312 2176) (-1344 -1192 2176) (-1344 -1192 2112) 
4 178 179 (-1344 -1312 2112) (-1344 -1192 2112) (-1280 -1192 2112) (-1280 -1312 2112) 
4 179 232 (-1280 -1312 2096) (-1280 -1312 2112) (-1344 -1312 2112) (-1344 -1312 2096) 
4 179 181 (-1344 -1312 2096) (-1344 -1312 2112) (-1344 -1192 2112) (-1344 -1192 2096) 
4 179 180 (-1344 -1312 2096) (-1344 -1192 2096) (-1280 -1192 2096) (-1280 -1312 2096) 
4 180 233 (-1344 -1312 1176) (-1280 -1312 1176) (-1280 -1312 2096) (-1344 -1312 2096) 
4 180 183 (-1280 -1312 1176) (-1344 -1312 1176) (-1344 -1192 1176) (-1280 -1192 1176) 
4 180 181 (-1344 -1192 1176) (-1344 -1312 1176) (-1344 -1312 2096) (-1344 -1192 2096) 
4 181 234 (-1408 -1312 1176) (-1344 -1312 1176) (-1344 -1312 2176) (-1408 -1312 2176) 
4 181 183 (-1344 -1312 1176) (-1408 -1312 1176) (-1408 -1192 1176) (-1344 -1192 1176) 
4 182 206 (1280 -1312 1160) (1328 -1312 1160) (1328 -1312 1176) (1280 -1312 1176) 
4 182 203 (1328 -1312 1160) (1408 -1312 1160) (1408 -1312 1176) (1328 -1312 1176) 
4 182 184 (1408 -1312 1160) (1280 -1312 1160) (1280 -1192 1160) (1408 -1192 1160) 
4 183 234 (-1408 -1312 1160) (-1344 -1312 1160) (-1344 -1312 1176) (-1408 -1312 1176) 
4 183 233 (-1344 -1312 1160) (-1280 -1312 1160) (-1280 -1312 1176) (-1344 -1312 1176) 
4 183 202 (-1280 -1312 1160) (-1408 -1312 1160) (-1408 -1192 1160) (-1280 -1192 1160) 
4 184 244 (1408 -1312 936) (1280 -1312 936) (1280 -1192 936) (1408 -1192 936) 
4 184 206 (1280 -1312 936) (1328 -1312 936) (1328 -1312 1160) (1280 -1312 1160) 
4 184 203 (1328 -1312 936) (1408 -1312 936) (1408 -1312 1160) (1328 -1312 1160) 
4 185 198 (-320 -1272 1160) (-320 -1200 1160) (-320 -1200 1040) (-320 -1272 1040) 
4 185 193 (-112 -1272 1040) (-288 -1272 1040) (-288 -1200 1040) (-112 -1200 1040) 
4 185 191 (-72 -1272 1040) (-112 -1272 1040) (-112 -1200 1040) (-72 -1200 1040) 
4 185 190 (80 -1200 1040) (80 -1272 1040) (-72 -1272 1040) (-72 -1200 1040) 
4 185 188 (-320 -1272 1160) (-320 -1272 1040) (-112 -1272 1040) (-112 -1272 1160) 
4 185 186 (-72 -1272 1040) (80 -1272 1040) (80 -1272 1160) (-72 -1272 1160) 
4 186 216 (80 -1312 1040) (80 -1312 1160) (-72 -1312 1160) (-72 -1312 1040) 
4 186 190 (-72 -1272 1040) (80 -1272 1040) (80 -1312 1040) (-72 -1312 1040) 
4 186 187 (-72 -1304 1040) (-72 -1312 1040) (-72 -1312 1160) (-72 -1304 1160) 
4 187 216 (-72 -1312 1160) (-112 -1312 1160) (-112 -1312 1040) (-72 -1312 1040) 
4 187 192 (-72 -1304 1040) (-72 -1312 1040) (-112 -1312 1040) (-112 -1304 1040) 
4 187 188 (-112 -1304 1040) (-112 -1312 1040) (-112 -1312 1160) (-112 -1304 1160) 
4 188 216 (-112 -1312 1160) (-288 -1312 1160) (-288 -1312 1040) (-112 -1312 1040) 
4 188 198 (-320 -1312 1040) (-320 -1312 1160) (-320 -1272 1160) (-320 -1272 1040) 
4 188 193 (-288 -1272 1040) (-112 -1272 1040) (-112 -1312 1040) (-288 -1312 1040) 
4 189 250 (-288 -1200 936) (-288 -1192 936) (-112 -1192 936) (-112 -1200 936) 
4 189 248 (-112 -1192 936) (-72 -1192 936) (-72 -1200 936) (-112 -1200 936) 
4 189 247 (-72 -1192 936) (-64 -1192 936) (-64 -1200 936) (-72 -1200 936) 
4 189 245 (-32 -1192 936) (80 -1192 936) (80 -1200 936) (-32 -1200 936) 
4 189 196 (-288 -1192 936) (-288 -1200 936) (-288 -1200 976) (-288 -1192 976) 
4 189 194 (-288 -1200 992) (-288 -1200 1024) (-288 -1192 1024) (-288 -1192 992) 
4 189 193 (-288 -1200 1024) (-288 -1200 936) (-112 -1200 936) (-112 -1200 1024) 
4 189 191 (-112 -1200 936) (-72 -1200 936) (-72 -1200 1024) (-112 -1200 1024) 
4 189 190 (-72 -1200 936) (80 -1200 936) (80 -1200 1024) (-72 -1200 1024) 
4 190 247 (-64 -1312 936) (-72 -1312 936) (-72 -1200 936) (-64 -1200 936) 
4 190 245 (80 -1312 936) (-32 -1312 936) (-32 -1200 936) (80 -1200 936) 
4 190 228 (-72 -1312 936) (80 -1312 936) (80 -1312 968) (-72 -1312 968) 
4 190 220 (80 -1312 968) (80 -1312 1000) (-72 -1312 1000) (-72 -1312 968) 
4 190 217 (80 -1312 1000) (80 -1312 1024) (-72 -1312 1024) (-72 -1312 1000) 
4 190 192 (-72 -1304 936) (-72 -1312 936) (-72 -1312 1040) (-72 -1304 1040) 
4 190 191 (-72 -1200 1040) (-72 -1200 936) (-72 -1272 936) (-72 -1272 1040) 
4 191 248 (-112 -1272 936) (-112 -1200 936) (-72 -1200 936) (-72 -1272 936) 
4 191 193 (-112 -1200 1040) (-112 -1200 936) (-112 -1272 936) (-112 -1272 1040) 
4 192 249 (-72 -1312 936) (-112 -1312 936) (-112 -1304 936) (-72 -1304 936) 
4 192 228 (-112 -1312 936) (-72 -1312 936) (-72 -1312 968) (-112 -1312 968) 
4 192 220 (-72 -1312 968) (-72 -1312 1000) (-112 -1312 1000) (-112 -1312 968) 
4 192 217 (-72 -1312 1000) (-72 -1312 1024) (-112 -1312 1024) (-112 -1312 1000) 
4 192 193 (-112 -1304 936) (-112 -1312 936) (-112 -1312 1040) (-112 -1304 1040) 
4 193 250 (-112 -1312 936) (-288 -1312 936) (-288 -1200 936) (-112 -1200 936) 
4 193 228 (-288 -1312 936) (-112 -1312 936) (-112 -1312 968) (-288 -1312 968) 
4 193 220 (-112 -1312 968) (-112 -1312 1000) (-288 -1312 1000) (-288 -1312 968) 
4 193 217 (-112 -1312 1000) (-112 -1312 1024) (-288 -1312 1024) (-288 -1312 1000) 
4 193 196 (-288 -1200 936) (-288 -1312 936) (-288 -1312 976) (-288 -1200 976) 
4 193 194 (-288 -1312 992) (-288 -1312 1024) (-288 -1200 1024) (-288 -1200 992) 
4 195 200 (-320 -1312 992) (-320 -1312 1024) (-320 -1192 1024) (-320 -1192 992) 
4 195 197 (-320 -1312 992) (-320 -1192 992) (-304 -1192 992) (-304 -1312 992) 
4 196 251 (-296 -1312 936) (-304 -1312 936) (-304 -1192 936) (-296 -1192 936) 
4 196 250 (-288 -1312 936) (-296 -1312 936) (-296 -1192 936) (-288 -1192 936) 
4 196 197 (-304 -1192 936) (-304 -1312 936) (-304 -1312 976) (-304 -1192 976) 
4 197 251 (-304 -1312 936) (-320 -1312 936) (-320 -1192 936) (-304 -1192 936) 
4 197 200 (-320 -1192 936) (-320 -1312 936) (-320 -1312 992) (-320 -1192 992) 
4 198 199 (-328 -1200 1040) (-328 -1312 1040) (-328 -1312 1160) (-328 -1200 1160) 
4 199 201 (-928 -1312 1040) (-928 -1192 1040) (-808 -1192 1040) (-808 -1312 1040) 
4 200 274 (-472 -1312 936) (-528 -1312 936) (-528 -1192 936) (-472 -1192 936) 
4 200 273 (-464 -1312 936) (-472 -1312 936) (-472 -1192 936) (-464 -1192 936) 
4 200 262 (-456 -1312 936) (-464 -1312 936) (-464 -1192 936) (-456 -1192 936) 
4 200 257 (-408 -1312 936) (-456 -1312 936) (-456 -1192 936) (-408 -1192 936) 
4 200 256 (-344 -1312 936) (-408 -1312 936) (-408 -1192 936) (-344 -1192 936) 
4 200 251 (-320 -1312 936) (-344 -1312 936) (-344 -1192 936) (-320 -1192 936) 
4 200 201 (-808 -1192 936) (-808 -1312 936) (-808 -1312 1024) (-808 -1192 1024) 
4 202 279 (-1280 -1312 936) (-1408 -1312 936) (-1408 -1192 936) (-1280 -1192 936) 
4 202 234 (-1408 -1312 936) (-1344 -1312 936) (-1344 -1312 1160) (-1408 -1312 1160) 
4 202 233 (-1344 -1312 936) (-1280 -1312 936) (-1280 -1312 1160) (-1344 -1312 1160) 
4 203 271 (1408 -2688 936) (1328 -2688 936) (1328 -1624 936) (1408 -1624 936) 
4 203 244 (1328 -1624 936) (1328 -1312 936) (1408 -1312 936) (1408 -1624 936) 
4 203 208 (1328 -2688 2112) (1328 -2688 936) (1408 -2688 936) (1408 -2688 2112) 
4 203 206 (1328 -1312 2096) (1328 -1312 936) (1328 -2688 936) (1328 -2688 2096) 
4 203 205 (1328 -1312 2112) (1328 -1312 2096) (1328 -2688 2096) (1328 -2688 2112) 
4 203 204 (1328 -1312 2176) (1328 -1312 2112) (1328 -2688 2112) (1328 -2688 2176) 
4 204 205 (1280 -2688 2112) (1280 -1312 2112) (1328 -1312 2112) (1328 -2688 2112) 
4 205 209 (1280 -2688 2112) (1280 -2688 2096) (1328 -2688 2096) (1328 -2688 2112) 
4 205 207 (1280 -1312 2112) (1280 -1312 2096) (1280 -2688 2096) (1280 -2688 2112) 
4 205 206 (1280 -2688 2096) (1280 -1312 2096) (1328 -1312 2096) (1328 -2688 2096) 
4 206 271 (1328 -2688 936) (1280 -2688 936) (1280 -1624 936) (1328 -1624 936) 
4 206 244 (1280 -1624 936) (1280 -1312 936) (1328 -1312 936) (1328 -1624 936) 
4 206 210 (1280 -2688 2096) (1280 -2688 936) (1328 -2688 936) (1328 -2688 2096) 
4 207 212 (80 -1312 2112) (80 -1312 2096) (80 -2688 2096) (80 -2688 2112) 
4 207 209 (80 -2688 2112) (80 -2688 2096) (1280 -2688 2096) (1280 -2688 2112) 
4 208 272 (1408 -2816 936) (1328 -2816 936) (1328 -2688 936) (1408 -2688 936) 
4 208 210 (1328 -2816 936) (1328 -2816 2096) (1328 -2688 2096) (1328 -2688 936) 
4 208 209 (1328 -2816 2096) (1328 -2816 2112) (1328 -2688 2112) (1328 -2688 2096) 
4 209 213 (80 -2688 2112) (80 -2688 2096) (80 -2816 2096) (80 -2816 2112) 
4 209 211 (1328 -2816 2112) (80 -2816 2112) (80 -2816 2096) (1328 -2816 2096) 
4 209 210 (80 -2688 2096) (1328 -2688 2096) (1328 -2816 2096) (80 -2816 2096) 
4 210 272 (1328 -2816 936) (80 -2816 936) (80 -2688 936) (1328 -2688 936) 
4 210 229 (80 -2688 968) (80 -2688 936) (80 -2816 936) (80 -2816 968) 
4 210 227 (80 -2688 1000) (80 -2688 968) (80 -2816 968) (80 -2816 1000) 
4 210 219 (80 -2688 1160) (80 -2688 1000) (80 -2816 1000) (80 -2816 1160) 
4 210 214 (80 -2688 2096) (80 -2688 1160) (80 -2816 1160) (80 -2816 2096) 
4 211 215 (80 -2848 2096) (80 -2848 2112) (80 -2816 2112) (80 -2816 2096) 
4 212 235 (-288 -1624 2096) (-288 -2688 2096) (-288 -2688 2112) (-288 -1624 2112) 
4 212 230 (-288 -1312 2112) (-288 -1312 2096) (-288 -1624 2096) (-288 -1624 2112) 
4 212 213 (80 -2688 2096) (80 -2688 2112) (-288 -2688 2112) (-288 -2688 2096) 
4 213 240 (-288 -2816 2096) (-288 -2816 2112) (-288 -2688 2112) (-288 -2688 2096) 
4 213 215 (80 -2816 2096) (80 -2816 2112) (-288 -2816 2112) (-288 -2816 2096) 
4 213 214 (80 -2816 2096) (-288 -2816 2096) (-288 -2688 2096) (80 -2688 2096) 
4 214 241 (-288 -2688 1160) (-288 -2816 1160) (-288 -2816 2096) (-288 -2688 2096) 
4 214 219 (-288 -2816 1160) (-288 -2688 1160) (80 -2688 1160) (80 -2816 1160) 
4 215 243 (-288 -2848 2096) (-288 -2848 2112) (-288 -2816 2112) (-288 -2816 2096) 
4 216 218 (80 -1320 1040) (80 -1320 1160) (-288 -1320 1160) (-288 -1320 1040) 
4 217 220 (-288 -1320 1000) (-288 -1312 1000) (80 -1312 1000) (80 -1320 1000) 
4 217 218 (-288 -1320 1000) (80 -1320 1000) (80 -1320 1024) (-288 -1320 1024) 
4 218 226 (-288 -1624 1000) (-288 -1616 1000) (-104 -1616 1000) (-104 -1624 1000) 
3 218 225 (-88.00000000000016 -1584 1000) (-72 -1584 1000) (-72 -1600.0000000000002 1000) 
4 218 224 (-72 -1584 1000) (80 -1584 1000) (80 -1624 1000) (-72 -1624 1000) 
4 218 223 (-288 -1584 1000) (-288 -1568 1000) (80 -1568 1000) (80 -1584 1000) 
4 218 222 (-288 -1536 1000) (-288 -1520 1000) (80 -1520 1000) (80 -1536 1000) 
4 218 221 (-288 -1488 1000) (-288 -1472 1000) (80 -1472 1000) (80 -1488 1000) 
4 218 220 (-288 -1440 1000) (-288 -1320 1000) (80 -1320 1000) (80 -1440 1000) 
4 219 241 (-288 -2688 1000) (-288 -2816 1000) (-288 -2816 1160) (-288 -2688 1160) 
4 219 227 (-288 -2816 1000) (-288 -2688 1000) (80 -2688 1000) (80 -2816 1000) 
4 220 228 (-288 -1440 968) (-288 -1312 968) (80 -1312 968) (80 -1440 968) 
4 221 228 (-288 -1488 968) (-288 -1472 968) (80 -1472 968) (80 -1488 968) 
4 222 228 (-288 -1536 968) (-288 -1520 968) (80 -1520 968) (80 -1536 968) 
4 223 228 (-288 -1584 968) (-288 -1568 968) (80 -1568 968) (80 -1584 968) 
4 223 225 (-88.00000000000016 -1584 968) (-72 -1584 968) (-72 -1584 1000) (-88.00000000000016 -1584 1000) 
4 223 224 (-72 -1584 968) (80 -1584 968) (80 -1584 1000) (-72 -1584 1000) 
4 224 228 (-72 -1584 968) (80 -1584 968) (80 -1624 968) (-72 -1624 968) 
4 224 225 (-72 -1584 1000) (-72 -1584 968) (-72 -1600.0000000000002 968) (-72 -1600.0000000000002 1000) 
3 225 228 (-88.00000000000016 -1584 968) (-72 -1584 968) (-72 -1600.0000000000002 968) 
4 226 228 (-288 -1624 968) (-288 -1616 968) (-104 -1616 968) (-104 -1624 968) 
4 227 241 (-288 -2688 968) (-288 -2816 968) (-288 -2816 1000) (-288 -2688 1000) 
4 227 229 (-288 -2816 968) (-288 -2688 968) (80 -2688 968) (80 -2816 968) 
4 228 264 (-288 -1624 936) (-288 -1552 936) (-64 -1552 936) (-64 -1624 936) 
4 228 263 (-32 -1552 936) (80 -1552 936) (80 -1624 936) (-32 -1624 936) 
4 228 250 (-288 -1552 936) (-288 -1312 936) (-112 -1312 936) (-112 -1552 936) 
4 228 249 (-112 -1312 936) (-72 -1312 936) (-72 -1552 936) (-112 -1552 936) 
4 228 247 (-72 -1312 936) (-64 -1312 936) (-64 -1552 936) (-72 -1552 936) 
4 228 245 (-32 -1312 936) (80 -1312 936) (80 -1552 936) (-32 -1552 936) 
4 229 272 (-288 -2816 936) (-288 -2688 936) (80 -2688 936) (80 -2816 936) 
4 229 241 (-288 -2688 936) (-288 -2816 936) (-288 -2816 968) (-288 -2688 968) 
4 230 235 (-1280 -1624 2112) (-1280 -1624 2096) (-288 -1624 2096) (-288 -1624 2112) 
4 230 232 (-1280 -1312 2112) (-1280 -1312 2096) (-1280 -1624 2096) (-1280 -1624 2112) 
4 231 236 (-1344 -1624 2176) (-1344 -1624 2112) (-1280 -1624 2112) (-1280 -1624 2176) 
4 231 234 (-1344 -1312 2176) (-1344 -1312 2112) (-1344 -1624 2112) (-1344 -1624 2176) 
4 231 232 (-1344 -1624 2112) (-1344 -1312 2112) (-1280 -1312 2112) (-1280 -1624 2112) 
4 232 237 (-1344 -1624 2112) (-1344 -1624 2096) (-1280 -1624 2096) (-1280 -1624 2112) 
4 232 234 (-1344 -1312 2112) (-1344 -1312 2096) (-1344 -1624 2096) (-1344 -1624 2112) 
4 232 233 (-1344 -1624 2096) (-1344 -1312 2096) (-1280 -1312 2096) (-1280 -1624 2096) 
4 233 288 (-1344 -1312 936) (-1280 -1312 936) (-1280 -1624 936) (-1344 -1624 936) 
4 233 238 (-1344 -1624 2096) (-1344 -1624 936) (-1280 -1624 936) (-1280 -1624 2096) 
4 233 234 (-1344 -1312 2096) (-1344 -1312 936) (-1344 -1624 936) (-1344 -1624 2096) 
4 234 288 (-1408 -1312 936) (-1344 -1312 936) (-1344 -1624 936) (-1408 -1624 936) 
4 234 239 (-1408 -1624 2176) (-1408 -1624 936) (-1344 -1624 936) (-1344 -1624 2176) 
4 235 240 (-1280 -2688 2112) (-1280 -2688 2096) (-288 -2688 2096) (-288 -2688 2112) 
4 235 237 (-1280 -1624 2112) (-1280 -1624 2096) (-1280 -2688 2096) (-1280 -2688 2112) 
4 236 239 (-1344 -1624 2176) (-1344 -1624 2112) (-1344 -2688 2112) (-1344 -2688 2176) 
4 236 237 (-1344 -2688 2112) (-1344 -1624 2112) (-1280 -1624 2112) (-1280 -2688 2112) 
4 237 240 (-1344 -2688 2112) (-1344 -2688 2096) (-1280 -2688 2096) (-1280 -2688 2112) 
4 237 239 (-1344 -1624 2112) (-1344 -1624 2096) (-1344 -2688 2096) (-1344 -2688 2112) 
4 237 238 (-1344 -2688 2096) (-1344 -1624 2096) (-1280 -1624 2096) (-1280 -2688 2096) 
4 238 289 (-1344 -1624 936) (-1280 -1624 936) (-1280 -2688 936) (-1344 -2688 936) 
4 238 241 (-1344 -2688 2096) (-1344 -2688 936) (-1280 -2688 936) (-1280 -2688 2096) 
4 238 239 (-1344 -1624 2096) (-1344 -1624 936) (-1344 -2688 936) (-1344 -2688 2096) 
4 239 289 (-1408 -1624 936) (-1344 -1624 936) (-1344 -2688 936) (-1408 -2688 936) 
4 239 242 (-1408 -2688 2112) (-1408 -2688 936) (-1344 -2688 936) (-1344 -2688 2112) 
4 240 243 (-288 -2816 2096) (-288 -2816 2112) (-1344 -2816 2112) (-1344 -2816 2096) 
4 240 242 (-1344 -2816 2096) (-1344 -2816 2112) (-1344 -2688 2112) (-1344 -2688 2096) 
4 240 241 (-288 -2816 2096) (-1344 -2816 2096) (-1344 -2688 2096) (-288 -2688 2096) 
4 241 290 (-1344 -2688 936) (-464 -2688 936) (-464 -2816 936) (-1344 -2816 936) 
4 241 272 (-464 -2688 936) (-288 -2688 936) (-288 -2816 936) (-464 -2816 936) 
4 241 242 (-1344 -2816 936) (-1344 -2816 2096) (-1344 -2688 2096) (-1344 -2688 936) 
4 242 290 (-1408 -2688 936) (-1344 -2688 936) (-1344 -2816 936) (-1408 -2816 936) 
4 244 291 (1408 -1624 296) (1280 -1624 296) (1280 -1192 296) (1408 -1192 296) 
4 244 271 (1280 -1624 296) (1408 -1624 296) (1408 -1624 936) (1280 -1624 936) 
4 245 270 (-32 -1552 296) (80 -1552 296) (80 -1552 816) (-32 -1552 816) 
4 245 269 (64 -1552 840) (-32 -1552 840) (-32 -1552 824) (64 -1552 824) 
4 245 267 (80 -1552 824) (80 -1552 840) (72 -1552 840) (72 -1552 824) 
4 245 265 (80 -1552 848) (80 -1552 904) (-32 -1552 904) (-32 -1552 848) 
4 245 263 (80 -1552 904) (80 -1552 936) (-32 -1552 936) (-32 -1552 904) 
4 245 246 (-32 -1192 296) (-32 -1552 296) (-32 -1552 904) (-32 -1192 904) 
4 246 270 (-64 -1552 296) (-32 -1552 296) (-32 -1552 816) (-64 -1552 816) 
4 246 269 (-32 -1552 824) (-32 -1552 840) (-64 -1552 840) (-64 -1552 824) 
4 246 265 (-32 -1552 848) (-32 -1552 904) (-64 -1552 904) (-64 -1552 848) 
4 246 247 (-64 -1192 296) (-64 -1552 296) (-64 -1552 904) (-64 -1192 904) 
4 247 270 (-72 -1552 296) (-64 -1552 296) (-64 -1552 816) (-72 -1552 816) 
4 247 269 (-64 -1552 824) (-64 -1552 840) (-72 -1552 840) (-72 -1552 824) 
4 247 265 (-64 -1552 848) (-64 -1552 904) (-72 -1552 904) (-72 -1552 848) 
4 247 264 (-64 -1552 904) (-64 -1552 936) (-72 -1552 936) (-72 -1552 904) 
4 247 249 (-72 -1304 296) (-72 -1552 296) (-72 -1552 936) (-72 -1304 936) 
4 247 248 (-72 -1192 296) (-72 -1272 296) (-72 -1272 936) (-72 -1192 936) 
4 248 250 (-112 -1192 296) (-112 -1272 296) (-112 -1272 936) (-112 -1192 936) 
4 249 270 (-112 -1552 296) (-72 -1552 296) (-72 -1552 816) (-112 -1552 816) 
4 249 269 (-72 -1552 824) (-72 -1552 840) (-112 -1552 840) (-112 -1552 824) 
4 249 265 (-72 -1552 848) (-72 -1552 904) (-112 -1552 904) (-112 -1552 848) 
4 249 264 (-72 -1552 904) (-72 -1552 936) (-112 -1552 936) (-112 -1552 904) 
4 249 250 (-112 -1304 296) (-112 -1552 296) (-112 -1552 936) (-112 -1304 936) 
4 250 270 (-296 -1552 296) (-112 -1552 296) (-112 -1552 816) (-296 -1552 816) 
4 250 269 (-112 -1552 824) (-112 -1552 840) (-296 -1552 840) (-296 -1552 824) 
4 250 265 (-112 -1552 848) (-112 -1552 904) (-296 -1552 904) (-296 -1552 848) 
4 250 264 (-112 -1552 904) (-112 -1552 936) (-296 -1552 936) (-296 -1552 904) 
4 250 255 (-296 -1504 296) (-296 -1512 296) (-296 -1512 936) (-296 -1504 936) 
4 250 254 (-296 -1456 296) (-296 -1464 296) (-296 -1464 936) (-296 -1456 936) 
4 250 253 (-296 -1408 296) (-296 -1416 296) (-296 -1416 936) (-296 -1408 936) 
4 250 252 (-296 -1360 296) (-296 -1368 296) (-296 -1368 936) (-296 -1360 936) 
4 250 251 (-296 -1192 296) (-296 -1320 296) (-296 -1320 936) (-296 -1192 936) 
4 251 256 (-344 -1192 296) (-344 -1320 296) (-344 -1320 936) (-344 -1192 936) 
4 252 256 (-344 -1360 296) (-344 -1368 296) (-344 -1368 936) (-344 -1360 936) 
4 253 256 (-344 -1408 296) (-344 -1416 296) (-344 -1416 936) (-344 -1408 936) 
4 254 256 (-344 -1456 296) (-344 -1464 296) (-344 -1464 936) (-344 -1456 936) 
4 255 256 (-344 -1504 296) (-344 -1512 296) (-344 -1512 936) (-344 -1504 936) 
4 256 270 (-408 -1552 296) (-344 -1552 296) (-344 -1552 816) (-408 -1552 816) 
4 256 269 (-344 -1552 824) (-344 -1552 840) (-408 -1552 840) (-408 -1552 824) 
4 256 265 (-344 -1552 848) (-344 -1552 904) (-408 -1552 904) (-408 -1552 848) 
4 256 264 (-344 -1552 904) (-344 -1552 936) (-408 -1552 936) (-408 -1552 904) 
4 256 261 (-408 -1504 296) (-408 -1512 296) (-408 -1512 936) (-408 -1504 936) 
4 256 260 (-408 -1456 296) (-408 -1464 296) (-408 -1464 936) (-408 -1456 936) 
4 256 259 (-408 -1408 296) (-408 -1416 296) (-408 -1416 936) (-408 -1408 936) 
4 256 258 (-408 -1360 296) (-408 -1368 296) (-408 -1368 936) (-408 -1360 936) 
4 256 257 (-408 -1192 296) (-408 -1320 296) (-408 -1320 936) (-408 -1192 936) 
4 257 262 (-456 -1192 296) (-456 -1320 296) (-456 -1320 936) (-456 -1192 936) 
4 258 262 (-456 -1360 296) (-456 -1368 296) (-456 -1368 936) (-456 -1360 936) 
4 259 262 (-456 -1408 296) (-456 -1416 296) (-456 -1416 936) (-456 -1408 936) 
4 260 262 (-456 -1456 296) (-456 -1464 296) (-456 -1464 936) (-456 -1456 936) 
4 261 262 (-456 -1504 296) (-456 -1512 296) (-456 -1512 936) (-456 -1504 936) 
4 262 286 (-464 -1312 296) (-464 -1552 296) (-464 -1552 816) (-464 -1312 816) 
4 262 283 (-464 -1552 824) (-464 -1552 840) (-464 -1312 840) (-464 -1312 824) 
4 262 280 (-464 -1552 848) (-464 -1552 936) (-464 -1312 936) (-464 -1312 848) 
4 262 278 (-464 -1192 296) (-464 -1312 296) (-464 -1312 816) (-464 -1192 816) 
4 262 276 (-464 -1312 824) (-464 -1312 840) (-464 -1208 840) (-464 -1208 824) 
4 262 275 (-464 -1200 840) (-464 -1192 840) (-464 -1192 824) (-464 -1200 824) 
4 262 273 (-464 -1312 848) (-464 -1312 936) (-464 -1192 936) (-464 -1192 848) 
4 262 270 (-464 -1552 816) (-464 -1552 296) (-456 -1552 296) (-456 -1552 816) 
4 262 269 (-464 -1552 840) (-464 -1552 824) (-456 -1552 824) (-456 -1552 840) 
4 262 265 (-464 -1552 904) (-464 -1552 848) (-456 -1552 848) (-456 -1552 904) 
4 262 264 (-464 -1552 936) (-464 -1552 904) (-456 -1552 904) (-456 -1552 936) 
4 263 266 (80 -1560 904) (80 -1624 904) (-32 -1624 904) (-32 -1560 904) 
4 263 265 (-32 -1552 904) (80 -1552 904) (80 -1560 904) (-32 -1560 904) 
4 264 281 (-464 -1624 904) (-464 -1624 936) (-464 -1560 936) (-464 -1560 904) 
4 264 280 (-464 -1560 936) (-464 -1552 936) (-464 -1552 904) (-464 -1560 904) 
4 264 266 (-64 -1560 904) (-64 -1624 904) (-464 -1624 904) (-464 -1560 904) 
4 264 265 (-464 -1552 904) (-64 -1552 904) (-64 -1560 904) (-464 -1560 904) 
4 265 280 (-464 -1560 904) (-464 -1552 904) (-464 -1552 848) (-464 -1560 848) 
4 265 266 (80 -1560 848) (80 -1560 904) (-464 -1560 904) (-464 -1560 848) 
4 266 281 (-464 -1624 840) (-464 -1624 904) (-464 -1560 904) (-464 -1560 840) 
4 266 269 (64 -1624 840) (-464 -1624 840) (-464 -1560 840) (64 -1560 840) 
4 266 268 (72 -1624 840) (64 -1624 840) (64 -1560 840) (72 -1560 840) 
4 266 267 (80 -1560 840) (80 -1624 840) (72 -1624 840) (72 -1560 840) 
4 267 268 (72 -1560 824) (72 -1624 824) (72 -1624 840) (72 -1560 840) 
4 268 269 (64 -1560 824) (64 -1624 824) (64 -1624 840) (64 -1560 840) 
4 269 284 (-464 -1624 824) (-464 -1624 840) (-464 -1560 840) (-464 -1560 824) 
4 270 287 (-464 -1552 296) (-464 -1624 296) (-464 -1624 816) (-464 -1552 816) 
4 271 291 (1408 -2688 296) (1280 -2688 296) (1280 -1624 296) (1408 -1624 296) 
4 271 272 (1280 -2688 296) (1408 -2688 296) (1408 -2688 936) (1280 -2688 936) 
4 272 300 (-464 -2816 296) (-464 -2688 296) (1408 -2688 296) (1408 -2816 296) 
4 272 290 (-464 -2688 296) (-464 -2816 296) (-464 -2816 936) (-464 -2688 936) 
4 273 280 (-464 -1312 848) (-464 -1312 936) (-472 -1312 936) (-472 -1312 848) 
4 273 274 (-472 -1312 848) (-472 -1312 936) (-472 -1192 936) (-472 -1192 848) 
4 274 282 (-472 -1312 936) (-528 -1312 936) (-528 -1312 840) (-472 -1312 840) 
4 274 277 (-472 -1312 840) (-528 -1312 840) (-528 -1192 840) (-472 -1192 840) 
4 275 277 (-472 -1192 824) (-472 -1200 824) (-472 -1200 840) (-472 -1192 840) 
4 276 283 (-464 -1312 824) (-464 -1312 840) (-472 -1312 840) (-472 -1312 824) 
4 276 277 (-472 -1208 824) (-472 -1312 824) (-472 -1312 840) (-472 -1208 840) 
4 277 285 (-472 -1312 840) (-528 -1312 840) (-528 -1312 824) (-472 -1312 824) 
4 278 286 (-528 -1312 296) (-464 -1312 296) (-464 -1312 816) (-528 -1312 816) 
4 279 292 (-1408 -1192 296) (-1280 -1192 296) (-1280 -1312 296) (-1408 -1312 296) 
4 279 288 (-1408 -1312 296) (-1280 -1312 296) (-1280 -1312 936) (-1408 -1312 936) 
4 280 282 (-472 -1312 936) (-472 -1312 848) (-472 -1560 848) (-472 -1560 936) 
4 280 281 (-472 -1560 936) (-472 -1560 848) (-464 -1560 848) (-464 -1560 936) 
4 281 284 (-464 -1624 840) (-472 -1624 840) (-472 -1560 840) (-464 -1560 840) 
4 281 282 (-472 -1560 840) (-472 -1624 840) (-472 -1624 936) (-472 -1560 936) 
4 282 285 (-472 -1624 840) (-544 -1624 840) (-544 -1312 840) (-472 -1312 840) 
4 283 285 (-472 -1312 824) (-472 -1552 824) (-472 -1552 840) (-472 -1312 840) 
4 284 285 (-472 -1560 824) (-472 -1624 824) (-472 -1624 840) (-472 -1560 840) 
4 286 287 (-464 -1552 296) (-464 -1552 816) (-544 -1552 816) (-544 -1552 296) 
4 288 292 (-1408 -1312 296) (-1280 -1312 296) (-1280 -1624 296) (-1408 -1624 296) 
4 288 289 (-1408 -1624 296) (-1280 -1624 296) (-1280 -1624 936) (-1408 -1624 936) 
4 289 292 (-1408 -1624 296) (-1280 -1624 296) (-1280 -2688 296) (-1408 -2688 296) 
4 289 290 (-1408 -2688 296) (-1280 -2688 296) (-1280 -2688 936) (-1408 -2688 936) 
4 290 300 (-1408 -2816 296) (-1408 -2688 296) (-464 -2688 296) (-464 -2816 296) 
4 291 300 (1280 -2688 -192) (1408 -2688 -192) (1408 -2688 296) (1280 -2688 296) 
4 291 294 (1328 -2688 -192) (1280 -2688 -192) (1280 -1192 -192) (1328 -1192 -192) 
4 291 293 (1408 -2688 -192) (1328 -2688 -192) (1328 -1192 -192) (1408 -1192 -192) 
4 292 300 (-1408 -2688 -192) (-1280 -2688 -192) (-1280 -2688 296) (-1408 -2688 296) 
4 292 299 (-1344 -2688 -192) (-1408 -2688 -192) (-1408 -1192 -192) (-1344 -1192 -192) 
4 292 297 (-1280 -2688 -192) (-1344 -2688 -192) (-1344 -1192 -192) (-1280 -1192 -192) 
4 293 295 (1328 -1192 -256) (1328 -2688 -256) (1328 -2688 -208) (1328 -1192 -208) 
4 293 294 (1328 -2688 -208) (1328 -2688 -192) (1328 -1192 -192) (1328 -1192 -208) 
4 294 301 (1328 -2688 -208) (1328 -2688 -192) (1280 -2688 -192) (1280 -2688 -208) 
4 294 296 (1280 -2688 -208) (1280 -2688 -192) (1280 -1192 -192) (1280 -1192 -208) 
4 294 295 (1280 -2688 -208) (1280 -1192 -208) (1328 -1192 -208) (1328 -2688 -208) 
4 296 301 (1280 -2688 -208) (1280 -2688 -192) (-1280 -2688 -192) (-1280 -2688 -208) 
4 296 297 (-1280 -2688 -208) (-1280 -2688 -192) (-1280 -1192 -192) (-1280 -1192 -208) 
4 297 301 (-1280 -2688 -208) (-1280 -2688 -192) (-1344 -2688 -192) (-1344 -2688 -208) 
4 297 299 (-1344 -2688 -208) (-1344 -2688 -192) (-1344 -1192 -192) (-1344 -1192 -208) 
4 297 298 (-1344 -2688 -208) (-1344 -1192 -208) (-1280 -1192 -208) (-1280 -2688 -208) 
4 298 299 (-1344 -1192 -256) (-1344 -2688 -256) (-1344 -2688 -208) (-1344 -1192 -208) 
4 300 301 (-1344 -2688 -192) (1328 -2688 -192) (1328 -2816 -192) (-1344 -2816 -192) 
0 -1
1 -1
2 -1
3 -1
4 -1
5 -1
6 -1
7 -1
8 -1
9 -1
10 -1
11 -1
12 -1
13 -1
14 -1
15 -1
16 -1
17 -1
18 -1
19 -1
20 -1
21 -1
22 -1
23 -1
24 -1
25 -1
26 -1
27 -1
28 -1
29 -1
30 -1
31 -1
32 -1
33 -1
34 -1
35 -1
36 -1
37 -1
38 -1
39 -1
40 -1
41 -1
42 -1
43 -1
44 -1
45 -1
46 -1
47 -1
48 -1
49 -1
50 -1
51 -1
52 -1
53 -1
54 -1
55 -1
56 -1
57 -1
58 -1
59 -1
60 -1
61 -1
62 -1
63 -1
64 -1
65 -1
66 -1
67 -1
68 -1
69 -1
70 -1
71 -1
72 -1
73 -1
74 -1
75 -1
76 -1
77 -1
78 -1
79 -1
80 -1
81 -1
82 -1
83 -1
84 -1
85 -1
86 -1
87 -1
88 -1
89 -1
90 -1
91 -1
92 -1
93 -1
94 -1
95 -1
96 -1
97 -1
98 -1
99 -1
100 -1
101 -1
102 -1
103 -1
104 -1
105 -1
106 -1
107 -1
108 -1
109 -1
110 -1
111 -1
112 -1
113 -1
114 -1
115 -1
116 117 118 119 120 121 122 123 124 125 126 127 128 129 130 131 132 133 134 135 136 137 138 139 140 141 142 143 144 145 146 147 148 149 150 151 152 153 154 155 156 157 158 159 160 161 162 163 164 165 166 -1
167 -1
168 -1
169 -1
170 -1
171 -1
172 -1
173 -1
174 -1
175 -1
176 -1
177 -1
178 -1
179 -1
180 -1
181 -1
182 -1
183 -1
184 -1
185 -1
186 -1
187 -1
188 -1
189 -1
190 -1
191 -1
192 -1
193 -1
194 -1
195 -1
196 -1
197 -1
198 -1
199 -1
200 -1
201 -1
202 -1
203 -1
204 -1
205 206 -1
207 -1
208 -1
209 -1
210 211 -1
212 -1
213 -1
214 -1
215 -1
216 -1
217 -1
218 -1
219 -1
220 -1
221 -1
222 -1
223 -1
224 -1
225 -1
226 -1
227 -1
228 -1
229 -1
230 -1
231 -1
232 -1
233 -1
234 -1
235 -1
236 -1
237 238 239 240 -1
241 -1
242 -1
243 -1
244 -1
245 -1
246 -1
247 -1
248 -1
249 -1
250 -1
251 -1
252 -1
253 -1
254 -1
255 -1
256 257 -1
258 -1
259 -1
260 -1
261 -1
262 -1
263 -1
264 -1
265 -1
266 -1
267 -1
268 -1
269 -1
270 -1
271 -1
272 -1
273 -1
274 -1
275 -1
276 -1
277 -1
278 -1
279 -1
280 -1
281 -1
282 -1
283 -1
284 -1
285 -1
286 -1
287 -1
288 -1
289 -1
290 -1
291 -1
292 -1
293 -1
294 -1
295 -1
296 -1
297 -1
298 -1
299 -1
300 -1
301 -1
302 -1
303 -1
304 -1
305 -1
306 -1
307 -1
308 -1
309 -1
310 -1
311 -1
312 -1
313 -1
314 -1
315 -1
316 -1
317 -1
318 -1
319 -1
320 -1
321 -1
322 -1
323 -1
324 -1
325 -1
326 -1
327 -1
328 -1
329 -1
330 -1
331 -1
332 -1
333 -1
334 -1
335 -1
336 -1
337 -1
338 -1
339 -1
340 -1
341 -1
342 -1
343 -1
344 -1
345 -1
346 -1
347 -1
348 -1
349 -1
350 -1
351 -1
352 -1
353 -1
354 -1
355 -1
356 -1
357 -1
