---- qbsp / ericw-tools 2.0.0-alpha10-72-g67e9fd3b-dirty ----

--- Options Summary ---
    "forcegoodtree" was set to "1" (from command line)

Input file: /home/kai/projects/disruptor/resources/maps/11_a_2/11_a_2.map
Output file: /home/kai/projects/disruptor/resources/maps/11_a_2/11_a_2.bsp

INFO: using built-in palette.
     60 entities
     18 unique textures
     70 texinfos
    448 unique planes

INFO: world extents calculated to 5832 units
      188 brushes
    1,138 sides
       14 side bevels

            0 texture frames added
Processing hull 0...
     49 DETAIL_WALL | DETAIL brushes
      3 WINDOW | MIRROR_INSIDE_SET | TRANSLUCENT | DETAIL brushes
    103 SOLID brushes
      6 SKY brushes
    161 brushes total
    976 visible sides
INFO: calculating BSP for 161 brushes with 976 sides
    161 brushes
    976 visible faces
    626 nodes
    626 expensive split nodes
    627 leaves
      4 WINDOW | MIRROR_INSIDE_SET | TRANSLUCENT | DETAIL leafs
     49 DETAIL_WALL | DETAIL leafs
    129 SOLID leafs
    105 SKY leafs
    340 EMPTY leafs
    627 leafs total
    23 max tree height
    14 avg tree height
    3,013 tree portals
    151 outside leaves
    0 detail filled leafs
    161 brushes
    490 visible faces
    486 non-visible faces
    822 nodes
    432 non-visible nodes
    822 expensive split nodes
    823 leaves
      4 WINDOW | MIRROR_INSIDE_SET | TRANSLUCENT | DETAIL leafs
     49 DETAIL_WALL | DETAIL leafs
    157 SOLID leafs
    159 SKY leafs
    454 EMPTY leafs
    823 leafs total
    22 max tree height
    12 avg tree height
    3,829 tree portals
    259 outside leaves
    0 detail filled leafs
    3,829 tree portals
    2,282 sides visible
    1,125 makefaces
      348 merged
      349 subdivided
    101 nodes pruned
    358 player-occupiable leaves
    302 clusters of leaves
    768 vis portals
fixing up cluster at -868 -984 964
fixing up cluster at -868 -1188 1032
fixing up cluster at -868 -1252 988
fixing up cluster at -104 -1316 1100
      4 WINDOW | MIRROR_INSIDE_SET | TRANSLUCENT | DETAIL leafs
    195 EMPTY leafs
    159 SKY leafs
    364 SOLID leafs
    722 leafs total
    22 max tree height
    12 avg tree height
      822 edges added by tjunctions
    1,108 faces optimized through MWT
    3,040 triangles computed from MWT
      191 faces created via optimization of MWT triangles
    3,075 edges
    1,317 faces
Processing hull 1...
Processing hull 2...
Writing 11_a_2.bsp as Quake BSP bsp29
Wrote 11_a_2.bsp

count   lump name    byte size 
      8 models              512
    293 planes             5860
   1831 vertexes          21972
    808 nodes             19392
     53 texinfos           2120
   1489 faces             29780
   1151 clipnodes          9208
    453 leafs             12684
   1883 marksurfaces       3766
   3422 edges             13688
   6384 surfedges         25536
     18 textures        5084772
        lightdata             0
        visdata               0
        entdata            7744

0.200s seconds elapsed


