PRT1
358
1060
4 0 3 (2480 784 336) (2480 784 335.2138976801885) (2480 528 335.2138976801885) (2480 528 336) 
4 0 2 (2488 528 335.2138976801885) (2480 528 335.2138976801885) (2480 784 335.2138976801885) (2488 784 335.2138976801885) 
4 0 1 (2736 528 335.2138976801885) (2488 528 335.2138976801885) (2488 784 335.2138976801885) (2736 784 335.2138976801885) 
4 1 8 (2736 528 327.21389768018673) (2488 528 327.21389768018673) (2488 784 327.21389768018673) (2736 784 327.21389768018673) 
4 1 5 (2488 528 327.21389768018673) (2736 528 327.21389768018673) (2736 528 335.2138976801885) (2488 528 335.2138976801885) 
4 1 2 (2488 528 327.21389768018673) (2488 528 335.2138976801885) (2488 784 335.2138976801885) (2488 784 327.21389768018673) 
4 2 8 (2488 528 327.21389768018673) (2480 528 327.21389768018673) (2480 784 327.21389768018673) (2488 784 327.21389768018673) 
4 2 6 (2480 528 335.2138976801885) (2480 528 327.21389768018673) (2488 528 327.21389768018673) (2488 528 335.2138976801885) 
4 2 4 (2480 784 335.2138976801885) (2480 784 327.21389768018673) (2480 528 327.21389768018673) (2480 528 335.2138976801885) 
4 3 14 (1728 784 336) (1728 784 335.2138976801885) (1728 528 335.2138976801885) (1728 528 336) 
4 3 4 (1728 784 335.2138976801885) (2480 784 335.2138976801885) (2480 528 335.2138976801885) (1728 528 335.2138976801885) 
4 4 15 (1728 784 335.2138976801885) (1728 784 327.21389768018673) (1728 528 327.21389768018673) (1728 528 335.2138976801885) 
4 4 9 (2480 528 327.21389768018673) (1728 528 327.21389768018673) (1728 784 327.21389768018673) (2480 784 327.21389768018673) 
4 4 7 (1728 528 335.2138976801885) (1728 528 327.21389768018673) (2480 528 327.21389768018673) (2480 528 335.2138976801885) 
4 5 12 (2488 -1528 327.21389768018673) (2736 -1528 327.21389768018673) (2736 -1528 335.2138976801885) (2488 -1528 335.2138976801885) 
4 5 10 (2736 -1528 327.21389768018673) (2488 -1528 327.21389768018673) (2488 528 327.21389768018673) (2736 528 327.21389768018673) 
4 5 6 (2488 -1528 335.2138976801885) (2488 528 335.2138976801885) (2488 528 327.21389768018673) (2488 -1528 327.21389768018673) 
4 6 12 (2480 -1528 335.2138976801885) (2480 -1528 327.21389768018673) (2488 -1528 327.21389768018673) (2488 -1528 335.2138976801885) 
4 6 10 (2488 -1528 327.21389768018673) (2480 -1528 327.21389768018673) (2480 528 327.21389768018673) (2488 528 327.21389768018673) 
4 6 7 (2480 528 335.2138976801885) (2480 528 327.21389768018673) (2480 -1528 327.21389768018673) (2480 -1528 335.2138976801885) 
4 7 16 (1728 528 335.2138976801885) (1728 528 327.21389768018673) (1728 -1528 327.21389768018673) (1728 -1528 335.2138976801885) 
4 7 13 (1728 -1528 335.2138976801885) (1728 -1528 327.21389768018673) (2480 -1528 327.21389768018673) (2480 -1528 335.2138976801885) 
4 8 37 (2736 528 192) (2480 528 192) (2480 784 192) (2736 784 192) 
4 8 10 (2736 528 327.21389768018673) (2480 528 327.21389768018673) (2480 528 192) (2736 528 192) 
4 8 9 (2480 784 192) (2480 528 192) (2480 528 327.21389768018673) (2480 784 327.21389768018673) 
4 9 43 (1824 528 192) (1728 528 192) (1728 784 192) (1824 784 192) 
4 9 41 (2320 528 192) (1824 528 192) (1824 784 192) (2320 784 192) 
4 9 38 (2480 528 192) (2320 528 192) (2320 784 192) (2480 784 192) 
4 9 20 (1728 784 192) (1728 528 192) (1728 528 216) (1728 784 216) 
4 9 17 (1728 528 216) (1728 528 327.21389768018673) (1728 784 327.21389768018673) (1728 784 216) 
4 10 108 (2736 -1528 192) (2480 -1528 192) (2480 -1376 192) (2736 -1376 192) 
4 10 99 (2480 -1376 192) (2480 -1360 192) (2736 -1360 192) (2736 -1376 192) 
4 10 56 (2480 -1360 192) (2480 -1144 192) (2736 -1144 192) (2736 -1360 192) 
4 10 48 (2480 -1144 192) (2480 -1040 192) (2736 -1040 192) (2736 -1144 192) 
4 10 39 (2480 -1040 192) (2480 528 192) (2736 528 192) (2736 -1040 192) 
4 10 12 (2480 -1528 192) (2736 -1528 192) (2736 -1528 327.21389768018673) (2480 -1528 327.21389768018673) 
4 11 109 (2480 -1528 192) (1728 -1528 192) (1728 -1376 192) (2480 -1376 192) 
4 11 106 (1728 -1376 192) (1728 -1360 192) (1800 -1360 192) (1800 -1376 192) 
4 11 103 (1800 -1360 192) (1856 -1360 192) (1856 -1376 192) (1800 -1376 192) 
4 11 101 (1856 -1360 192) (2464 -1360 192) (2464 -1376 192) (1856 -1376 192) 
4 11 100 (2464 -1360 192) (2480 -1360 192) (2480 -1376 192) (2464 -1376 192) 
4 11 76 (1728 -1360 192) (1728 -1320 192) (2072 -1320 192) (2072 -1360 192) 
4 11 74 (2072 -1320 192) (2160 -1320 192) (2160 -1360 192) (2072 -1360 192) 
4 11 72 (1728 -1320 192) (1728 -1312 192) (1800 -1312 192) (1800 -1320 192) 
4 11 71 (1728 -1312 192) (1728 -1256 192) (1800 -1256 192) (1800 -1312 192) 
4 11 70 (1800 -1256 192) (1808 -1256 192) (1808 -1320 192) (1800 -1320 192) 
4 11 69 (1848 -1272 192) (1848 -1320 192) (1808 -1320 192) (1808 -1272 192) 
4 11 68 (1808 -1256 192) (1848 -1256 192) (1848 -1272 192) (1808 -1272 192) 
4 11 67 (1848 -1256 192) (2072 -1256 192) (2072 -1320 192) (1848 -1320 192) 
4 11 66 (2072 -1256 192) (2160 -1256 192) (2160 -1320 192) (2072 -1320 192) 
4 11 65 (1728 -1256 192) (1728 -1144 192) (2072 -1144 192) (2072 -1256 192) 
4 11 58 (2072 -1144 192) (2160 -1144 192) (2160 -1256 192) (2072 -1256 192) 
4 11 57 (2160 -1144 192) (2480 -1144 192) (2480 -1360 192) (2160 -1360 192) 
4 11 55 (1728 -1144 192) (1728 -1040 192) (1808 -1040 192) (1808 -1144 192) 
4 11 54 (1848 -1128 192) (1848 -1144 192) (1808 -1144 192) (1808 -1128 192) 
4 11 53 (1848 -1080 192) (1848 -1128 192) (1808 -1128 192) (1808 -1080 192) 
4 11 52 (1808 -1040 192) (1848 -1040 192) (1848 -1080 192) (1808 -1080 192) 
4 11 51 (1848 -1040 192) (2072 -1040 192) (2072 -1144 192) (1848 -1144 192) 
4 11 50 (2072 -1040 192) (2160 -1040 192) (2160 -1144 192) (2072 -1144 192) 
4 11 49 (2160 -1040 192) (2480 -1040 192) (2480 -1144 192) (2160 -1144 192) 
4 11 47 (1728 -1040 192) (1728 -272 192) (1824 -272 192) (1824 -1040 192) 
4 11 45 (1728 -272 192) (1728 312 192) (1824 312 192) (1824 -272 192) 
4 11 44 (1728 312 192) (1728 528 192) (1824 528 192) (1824 312 192) 
4 11 42 (1824 528 192) (2320 528 192) (2320 -1024 192) (1824 -1024 192) 
4 11 40 (2320 528 192) (2480 528 192) (2480 -1040 192) (2320 -1040 192) 
4 11 35 (1728 -952 192) (1728 -1528 192) (1728 -1528 216) (1728 -952 216) 
4 11 34 (1728 -856 192) (1728 -928 192) (1728 -928 216) (1728 -856 216) 
4 11 33 (1728 -760 192) (1728 -832 192) (1728 -832 216) (1728 -760 216) 
4 11 32 (1728 -664 192) (1728 -736 192) (1728 -736 216) (1728 -664 216) 
4 11 31 (1728 -568 192) (1728 -640 192) (1728 -640 216) (1728 -568 216) 
4 11 30 (1728 -472 192) (1728 -544 192) (1728 -544 216) (1728 -472 216) 
4 11 29 (1728 -376 192) (1728 -448 192) (1728 -448 216) (1728 -376 216) 
4 11 28 (1728 -280 192) (1728 -352 192) (1728 -352 216) (1728 -280 216) 
4 11 27 (1728 -184 192) (1728 -256 192) (1728 -256 216) (1728 -184 216) 
4 11 26 (1728 -88 192) (1728 -160 192) (1728 -160 216) (1728 -88 216) 
4 11 25 (1728 8 192) (1728 -64 192) (1728 -64 216) (1728 8 216) 
4 11 24 (1728 104 192) (1728 32 192) (1728 32 216) (1728 104 216) 
4 11 23 (1728 200 192) (1728 128 192) (1728 128 216) (1728 200 216) 
4 11 22 (1728 296 192) (1728 224 192) (1728 224 216) (1728 296 216) 
4 11 21 (1728 528 192) (1728 320 192) (1728 320 216) (1728 528 216) 
4 11 18 (1728 -1528 216) (1728 -1528 327.21389768018673) (1728 528 327.21389768018673) (1728 528 216) 
4 12 110 (2480 -1784 192) (2480 -1528 192) (2736 -1528 192) (2736 -1784 192) 
4 12 13 (2480 -1528 335.2138976801885) (2480 -1528 192) (2480 -1784 192) (2480 -1784 335.2138976801885) 
4 13 111 (1728 -1784 192) (1728 -1528 192) (2480 -1528 192) (2480 -1784 192) 
4 13 36 (1728 -1528 216) (1728 -1528 192) (1728 -1784 192) (1728 -1784 216) 
4 13 19 (1728 -1528 335.2138976801885) (1728 -1528 216) (1728 -1784 216) (1728 -1784 335.2138976801885) 
4 14 113 (1520 784 336) (1520 784 335.2138976801885) (1520 528 335.2138976801885) (1520 528 336) 
4 14 15 (1728 528 335.2138976801885) (1520 528 335.2138976801885) (1520 784 335.2138976801885) (1728 784 335.2138976801885) 
4 15 114 (1520 784 335.2138976801885) (1520 784 327.21389768018673) (1520 528 327.21389768018673) (1520 528 335.2138976801885) 
4 15 17 (1520 528 327.21389768018673) (1520 784 327.21389768018673) (1728 784 327.21389768018673) (1728 528 327.21389768018673) 
4 15 16 (1520 528 335.2138976801885) (1520 528 327.21389768018673) (1728 528 327.21389768018673) (1728 528 335.2138976801885) 
4 16 179 (1520 -1360 327.21389768018673) (1520 -1528 327.21389768018673) (1520 -1528 335.2138976801885) (1520 -1360 335.2138976801885) 
4 16 160 (1520 -1048 327.21389768018673) (1520 -1360 327.21389768018673) (1520 -1360 335.2138976801885) (1520 -1048 335.2138976801885) 
4 16 140 (1520 -1024 327.21389768018673) (1520 -1048 327.21389768018673) (1520 -1048 335.2138976801885) (1520 -1024 335.2138976801885) 
4 16 115 (1520 528 335.2138976801885) (1520 528 327.21389768018673) (1520 -1024 327.21389768018673) (1520 -1024 335.2138976801885) 
4 16 19 (1520 -1528 335.2138976801885) (1520 -1528 327.21389768018673) (1728 -1528 327.21389768018673) (1728 -1528 335.2138976801885) 
4 17 116 (1520 784 216) (1520 528 216) (1520 528 327.21389768018673) (1520 784 327.21389768018673) 
4 17 20 (1520 528 216) (1520 784 216) (1728 784 216) (1728 528 216) 
4 18 180 (1520 -1360 216) (1520 -1528 216) (1520 -1528 327.21389768018673) (1520 -1360 327.21389768018673) 
4 18 161 (1520 -1048 216) (1520 -1360 216) (1520 -1360 327.21389768018673) (1520 -1048 327.21389768018673) 
4 18 141 (1520 -1024 216) (1520 -1048 216) (1520 -1048 327.21389768018673) (1520 -1024 327.21389768018673) 
4 18 117 (1520 528 216) (1520 -1024 216) (1520 -1024 327.21389768018673) (1520 528 327.21389768018673) 
4 18 35 (1520 -1528 216) (1520 -952 216) (1728 -952 216) (1728 -1528 216) 
4 18 34 (1520 -928 216) (1520 -856 216) (1728 -856 216) (1728 -928 216) 
4 18 33 (1520 -832 216) (1520 -760 216) (1728 -760 216) (1728 -832 216) 
4 18 32 (1520 -736 216) (1520 -664 216) (1728 -664 216) (1728 -736 216) 
4 18 31 (1520 -640 216) (1520 -568 216) (1728 -568 216) (1728 -640 216) 
4 18 30 (1520 -544 216) (1520 -472 216) (1728 -472 216) (1728 -544 216) 
4 18 29 (1520 -448 216) (1520 -376 216) (1728 -376 216) (1728 -448 216) 
4 18 28 (1520 -352 216) (1520 -280 216) (1728 -280 216) (1728 -352 216) 
4 18 27 (1520 -256 216) (1520 -184 216) (1728 -184 216) (1728 -256 216) 
4 18 26 (1520 -160 216) (1520 -88 216) (1728 -88 216) (1728 -160 216) 
4 18 25 (1520 -64 216) (1520 8 216) (1728 8 216) (1728 -64 216) 
4 18 24 (1520 32 216) (1520 104 216) (1728 104 216) (1728 32 216) 
4 18 23 (1520 128 216) (1520 200 216) (1728 200 216) (1728 128 216) 
4 18 22 (1520 224 216) (1520 296 216) (1728 296 216) (1728 224 216) 
4 18 21 (1520 320 216) (1520 528 216) (1728 528 216) (1728 320 216) 
4 19 182 (1520 -1528 335.2138976801885) (1520 -1528 216) (1520 -1784 216) (1520 -1784 335.2138976801885) 
4 19 36 (1520 -1784 216) (1520 -1528 216) (1728 -1528 216) (1728 -1784 216) 
4 20 118 (1520 784 192) (1520 528 192) (1520 528 216) (1520 784 216) 
4 20 77 (1520 528 192) (1520 784 192) (1536 784 192) (1536 528 192) 
4 20 43 (1536 784 192) (1728 784 192) (1728 528 192) (1536 528 192) 
4 21 119 (1520 528 192) (1520 320 192) (1520 320 216) (1520 528 216) 
4 21 78 (1520 344 192) (1520 528 192) (1536 528 192) (1536 344 192) 
4 21 44 (1536 528 192) (1728 528 192) (1728 320 192) (1536 320 192) 
4 22 120 (1520 296 192) (1520 224 192) (1520 224 216) (1520 296 216) 
4 22 46 (1536 296 192) (1600 296 192) (1600 224 192) (1536 224 192) 
4 22 45 (1600 296 192) (1728 296 192) (1728 224 192) (1600 224 192) 
4 23 121 (1520 200 192) (1520 128 192) (1520 128 216) (1520 200 216) 
4 23 46 (1536 200 192) (1600 200 192) (1600 128 192) (1536 128 192) 
4 23 45 (1600 200 192) (1728 200 192) (1728 128 192) (1600 128 192) 
4 24 122 (1520 104 192) (1520 32 192) (1520 32 216) (1520 104 216) 
4 24 46 (1536 104 192) (1600 104 192) (1600 32 192) (1536 32 192) 
4 24 45 (1600 104 192) (1728 104 192) (1728 32 192) (1600 32 192) 
4 25 123 (1520 8 192) (1520 -64 192) (1520 -64 216) (1520 8 216) 
4 25 46 (1536 8 192) (1600 8 192) (1600 -64 192) (1536 -64 192) 
4 25 45 (1600 8 192) (1728 8 192) (1728 -64 192) (1600 -64 192) 
4 26 124 (1520 -88 192) (1520 -160 192) (1520 -160 216) (1520 -88 216) 
4 26 46 (1536 -88 192) (1600 -88 192) (1600 -160 192) (1536 -160 192) 
4 26 45 (1600 -88 192) (1728 -88 192) (1728 -160 192) (1600 -160 192) 
4 27 125 (1520 -184 192) (1520 -256 192) (1520 -256 216) (1520 -184 216) 
4 27 46 (1536 -184 192) (1600 -184 192) (1600 -256 192) (1536 -256 192) 
4 27 45 (1600 -184 192) (1728 -184 192) (1728 -256 192) (1600 -256 192) 
4 28 126 (1520 -280 192) (1520 -352 192) (1520 -352 216) (1520 -280 216) 
4 28 47 (1536 -280 192) (1728 -280 192) (1728 -352 192) (1536 -352 192) 
4 29 127 (1520 -376 192) (1520 -448 192) (1520 -448 216) (1520 -376 216) 
4 29 47 (1536 -376 192) (1728 -376 192) (1728 -448 192) (1536 -448 192) 
4 30 128 (1520 -472 192) (1520 -544 192) (1520 -544 216) (1520 -472 216) 
4 30 47 (1536 -472 192) (1728 -472 192) (1728 -544 192) (1536 -544 192) 
4 31 129 (1520 -568 192) (1520 -640 192) (1520 -640 216) (1520 -568 216) 
4 31 47 (1536 -568 192) (1728 -568 192) (1728 -640 192) (1536 -640 192) 
4 32 130 (1520 -664 192) (1520 -736 192) (1520 -736 216) (1520 -664 216) 
4 32 47 (1536 -664 192) (1728 -664 192) (1728 -736 192) (1536 -736 192) 
4 33 131 (1520 -760 192) (1520 -832 192) (1520 -832 216) (1520 -760 216) 
4 33 47 (1536 -760 192) (1728 -760 192) (1728 -832 192) (1536 -832 192) 
4 34 132 (1520 -856 192) (1520 -928 192) (1520 -928 216) (1520 -856 216) 
4 34 47 (1536 -856 192) (1728 -856 192) (1728 -928 192) (1536 -928 192) 
4 35 180 (1520 -1360 192) (1520 -1528 192) (1520 -1528 216) (1520 -1360 216) 
3 35 161 (1520 -1360 192) (1520 -1360 216) (1520 -1048 216) 
4 35 133 (1520 -952 192) (1520 -1024 192) (1520 -1024 216) (1520 -952 216) 
4 35 109 (1520 -1528 192) (1520 -1376 192) (1728 -1376 192) (1728 -1528 192) 
4 35 106 (1520 -1376 192) (1520 -1360 192) (1728 -1360 192) (1728 -1376 192) 
4 35 76 (1728 -1320 192) (1728 -1360 192) (1536 -1360 192) (1536 -1320 192) 
4 35 72 (1728 -1312 192) (1728 -1320 192) (1536 -1320 192) (1536 -1312 192) 
4 35 71 (1728 -1256 192) (1728 -1312 192) (1536 -1312 192) (1536 -1256 192) 
4 35 65 (1728 -1144 192) (1728 -1256 192) (1536 -1256 192) (1536 -1144 192) 
4 35 55 (1728 -1040 192) (1728 -1144 192) (1536 -1144 192) (1536 -1040 192) 
4 35 47 (1536 -952 192) (1728 -952 192) (1728 -1040 192) (1536 -1040 192) 
4 36 182 (1520 -1528 192) (1520 -1784 192) (1520 -1784 216) (1520 -1528 216) 
4 36 111 (1520 -1784 192) (1520 -1528 192) (1728 -1528 192) (1728 -1784 192) 
4 37 91 (2736 528 -872) (2480 528 -872) (2480 784 -872) (2736 784 -872) 
4 37 39 (2480 528 -872) (2736 528 -872) (2736 528 192) (2480 528 192) 
4 37 38 (2480 784 -872) (2480 528 -872) (2480 528 192) (2480 784 192) 
4 38 95 (2360 528 -872) (2320 528 -872) (2320 784 -872) (2360 784 -872) 
4 38 92 (2480 528 -872) (2360 528 -872) (2360 784 -872) (2480 784 -872) 
4 38 41 (2320 784 -872) (2320 528 -872) (2320 528 192) (2320 784 192) 
4 39 93 (2736 -1040 -872) (2480 -1040 -872) (2480 528 -872) (2736 528 -872) 
4 39 48 (2480 -1040 -872) (2736 -1040 -872) (2736 -1040 192) (2480 -1040 192) 
4 40 96 (2320 336 -872) (2320 528 -872) (2360 528 -872) (2360 336 -872) 
4 40 94 (2480 -1040 -872) (2360 -1040 -872) (2360 528 -872) (2480 528 -872) 
4 40 49 (2320 -1040 -872) (2480 -1040 -872) (2480 -1040 192) (2320 -1040 192) 
4 40 42 (2320 528 -872) (2320 -1024 -872) (2320 -1024 192) (2320 528 192) 
4 41 95 (1824 528 -872) (1824 784 -872) (2320 784 -872) (2320 528 -872) 
4 41 43 (1824 784 -872) (1824 528 -872) (1824 528 192) (1824 784 192) 
4 42 96 (1824 336 -872) (1824 528 -872) (2320 528 -872) (2320 336 -872) 
4 42 47 (1824 -1024 -112) (1824 -1024 192) (1824 -272 192) (1824 -272 -112) 
4 42 45 (1824 312 -872) (1824 -272 -872) (1824 -272 192) (1824 312 192) 
4 42 44 (1824 528 -872) (1824 312 -872) (1824 312 192) (1824 528 192) 
4 43 95 (1536 528 -872) (1536 784 -872) (1824 784 -872) (1824 528 -872) 
4 43 83 (1536 784 -872) (1536 528 -872) (1536 528 -736) (1536 784 -736) 
4 43 80 (1536 528 -736) (1536 528 -528) (1536 784 -528) (1536 784 -736) 
4 43 77 (1536 528 -528) (1536 528 192) (1536 784 192) (1536 784 -528) 
4 44 96 (1536 336 -872) (1536 528 -872) (1824 528 -872) (1824 336 -872) 
4 44 84 (1536 528 -872) (1536 312 -872) (1536 312 -736) (1536 528 -736) 
4 44 81 (1536 312 -736) (1536 312 -528) (1536 528 -528) (1536 528 -736) 
4 44 79 (1536 312 -528) (1536 312 -120) (1536 344 -120) (1536 344 -528) 
4 44 78 (1536 344 192) (1536 528 192) (1536 528 -528) (1536 344 -528) 
4 44 46 (1536 312 192) (1536 312 -112) (1600 312 -112) (1600 312 192) 
4 44 45 (1600 312 -872) (1824 312 -872) (1824 312 192) (1600 312 192) 
4 45 47 (1824 -272 -112) (1824 -272 192) (1600 -272 192) (1600 -272 -112) 
4 45 46 (1600 312 192) (1600 312 -112) (1600 -272 -112) (1600 -272 192) 
4 46 47 (1536 -272 192) (1536 -272 -112) (1600 -272 -112) (1600 -272 192) 
4 47 55 (1536 -1040 192) (1536 -1040 -112) (1808 -1040 -112) (1808 -1040 192) 
4 47 52 (1808 -1040 -112) (1824 -1040 -112) (1824 -1040 192) (1808 -1040 192) 
4 48 93 (2736 -1144 -872) (2480 -1144 -872) (2480 -1040 -872) (2736 -1040 -872) 
4 48 56 (2480 -1144 -872) (2736 -1144 -872) (2736 -1144 192) (2480 -1144 192) 
4 49 94 (2480 -1144 -872) (2360 -1144 -872) (2360 -1040 -872) (2480 -1040 -872) 
4 49 57 (2160 -1144 -872) (2480 -1144 -872) (2480 -1144 192) (2160 -1144 192) 
4 49 50 (2160 -1040 192) (2160 -1040 8) (2160 -1144 8) (2160 -1144 192) 
4 50 58 (2160 -1144 8) (2160 -1144 192) (2072 -1144 192) (2072 -1144 8) 
4 50 51 (2072 -1040 192) (2072 -1040 8) (2072 -1144 8) (2072 -1144 192) 
4 51 65 (1848 -1144 -872) (2072 -1144 -872) (2072 -1144 192) (1848 -1144 192) 
4 51 54 (1848 -1128 -872) (1848 -1144 -872) (1848 -1144 192) (1848 -1128 192) 
4 51 53 (1848 -1128 -536) (1848 -1128 192) (1848 -1080 192) (1848 -1080 -536) 
4 51 52 (1848 -1040 192) (1848 -1040 -872) (1848 -1080 -872) (1848 -1080 192) 
4 52 55 (1808 -1040 192) (1808 -1040 -872) (1808 -1080 -872) (1808 -1080 192) 
4 52 53 (1808 -1080 192) (1808 -1080 -536) (1848 -1080 -536) (1848 -1080 192) 
4 53 55 (1808 -1128 -536) (1808 -1128 192) (1808 -1080 192) (1808 -1080 -536) 
4 53 54 (1808 -1128 192) (1808 -1128 -536) (1848 -1128 -536) (1848 -1128 192) 
4 54 65 (1808 -1144 -872) (1848 -1144 -872) (1848 -1144 192) (1808 -1144 192) 
4 54 55 (1808 -1128 -872) (1808 -1144 -872) (1808 -1144 192) (1808 -1128 192) 
4 55 87 (1536 -1064 -872) (1536 -1144 -872) (1536 -1144 -712) (1536 -1064 -712) 
4 55 85 (1536 -1040 -872) (1536 -1064 -872) (1536 -1064 -736) (1536 -1040 -736) 
3 55 82 (1536 -1064 -736) (1536 -1064 -720.0000000000002) (1536 -1048 -736) 
4 55 65 (1536 -1144 192) (1536 -1144 -872) (1808 -1144 -872) (1808 -1144 192) 
4 56 99 (2736 -1360 192) (2480 -1360 192) (2480 -1360 -872) (2736 -1360 -872) 
4 56 93 (2736 -1360 -872) (2480 -1360 -872) (2480 -1144 -872) (2736 -1144 -872) 
4 57 101 (2464 -1360 192) (2160 -1360 192) (2160 -1360 176) (2464 -1360 176) 
4 57 100 (2480 -1360 192) (2464 -1360 192) (2464 -1360 -872) (2480 -1360 -872) 
4 57 94 (2480 -1360 -872) (2360 -1360 -872) (2360 -1144 -872) (2480 -1144 -872) 
4 57 75 (2160 -1360 -656) (2160 -1360 -584) (2160 -1320 -584) (2160 -1320 -656) 
4 57 74 (2160 -1360 8) (2160 -1360 192) (2160 -1320 192) (2160 -1320 8) 
4 57 66 (2160 -1320 8) (2160 -1320 192) (2160 -1256 192) (2160 -1256 8) 
4 57 63 (2160 -1144 -496) (2160 -1144 -576) (2160 -1256 -576) (2160 -1256 -496) 
4 57 62 (2160 -1144 -488) (2160 -1144 -496) (2160 -1256 -496) (2160 -1256 -488) 
4 57 61 (2160 -1144 -408) (2160 -1144 -416) (2160 -1256 -416) (2160 -1256 -408) 
4 57 60 (2160 -1144 -328) (2160 -1144 -336) (2160 -1256 -336) (2160 -1256 -328) 
4 57 59 (2160 -1144 -248) (2160 -1144 -256) (2160 -1256 -256) (2160 -1256 -248) 
4 57 58 (2160 -1144 192) (2160 -1144 -176) (2160 -1256 -176) (2160 -1256 192) 
4 58 66 (2160 -1256 8) (2160 -1256 192) (2072 -1256 192) (2072 -1256 8) 
4 58 65 (2072 -1144 192) (2072 -1144 -176) (2072 -1256 -176) (2072 -1256 192) 
4 59 65 (2072 -1144 -248) (2072 -1144 -256) (2072 -1256 -256) (2072 -1256 -248) 
4 60 65 (2072 -1144 -328) (2072 -1144 -336) (2072 -1256 -336) (2072 -1256 -328) 
4 61 65 (2072 -1144 -408) (2072 -1144 -416) (2072 -1256 -416) (2072 -1256 -408) 
4 62 65 (2072 -1144 -488) (2072 -1144 -496) (2072 -1256 -496) (2072 -1256 -488) 
4 62 63 (2160 -1256 -496) (2144 -1256 -496) (2144 -1144 -496) (2160 -1144 -496) 
4 63 64 (2144 -1144 -576) (2144 -1256 -576) (2144 -1256 -568) (2144 -1144 -568) 
4 64 65 (2072 -1144 -568) (2072 -1144 -576) (2072 -1256 -576) (2072 -1256 -568) 
4 65 88 (1536 -1208 -872) (1536 -1256 -872) (1536 -1256 -672) (1536 -1208 -672) 
4 65 87 (1536 -1144 -872) (1536 -1208 -872) (1536 -1208 -712) (1536 -1144 -712) 
3 65 86 (1536 -1208 -712) (1536 -1208 -674.6666666666667) (1536 -1151.9999999999998 -712) 
4 65 71 (1536 -1256 192) (1536 -1256 -872) (1800 -1256 -872) (1800 -1256 192) 
4 65 70 (1800 -1256 -872) (1808 -1256 -872) (1808 -1256 192) (1800 -1256 192) 
4 65 68 (1808 -1256 -872) (1848 -1256 -872) (1848 -1256 192) (1808 -1256 192) 
4 65 67 (1848 -1256 -872) (2072 -1256 -872) (2072 -1256 192) (1848 -1256 192) 
4 66 74 (2160 -1320 8) (2160 -1320 192) (2072 -1320 192) (2072 -1320 8) 
4 66 67 (2072 -1256 192) (2072 -1256 8) (2072 -1320 8) (2072 -1320 192) 
4 67 76 (2072 -1320 -656) (2072 -1320 192) (1848 -1320 192) (1848 -1320 -656) 
4 67 69 (1848 -1320 -536) (1848 -1320 192) (1848 -1272 192) (1848 -1272 -536) 
4 67 68 (1848 -1256 192) (1848 -1256 -872) (1848 -1272 -872) (1848 -1272 192) 
4 68 70 (1808 -1256 192) (1808 -1256 -872) (1808 -1272 -872) (1808 -1272 192) 
4 68 69 (1808 -1272 192) (1808 -1272 -536) (1848 -1272 -536) (1848 -1272 192) 
4 69 76 (1848 -1320 -536) (1848 -1320 192) (1808 -1320 192) (1808 -1320 -536) 
4 69 70 (1808 -1320 -536) (1808 -1320 192) (1808 -1272 192) (1808 -1272 -536) 
4 70 76 (1808 -1320 -656) (1808 -1320 192) (1800 -1320 192) (1800 -1320 -656) 
4 70 73 (1800 -1312 -872) (1800 -1320 -872) (1800 -1320 -664) (1800 -1312 -664) 
4 70 72 (1800 -1320 -440) (1800 -1320 192) (1800 -1312 192) (1800 -1312 -440) 
4 70 71 (1800 -1256 192) (1800 -1256 -872) (1800 -1312 -872) (1800 -1312 192) 
4 71 88 (1536 -1256 -872) (1536 -1312 -872) (1536 -1312 -672) (1536 -1256 -672) 
4 71 73 (1536 -1312 -664) (1536 -1312 -872) (1800 -1312 -872) (1800 -1312 -664) 
4 71 72 (1536 -1312 192) (1536 -1312 -440) (1800 -1312 -440) (1800 -1312 192) 
4 72 76 (1536 -1320 192) (1536 -1320 -440) (1800 -1320 -440) (1800 -1320 192) 
4 73 89 (1536 -1312 -872) (1536 -1320 -872) (1536 -1320 -664) (1536 -1312 -664) 
4 74 101 (2160 -1360 192) (2072 -1360 192) (2072 -1360 176) (2160 -1360 176) 
4 74 76 (2072 -1320 192) (2072 -1320 8) (2072 -1360 8) (2072 -1360 192) 
4 75 76 (2072 -1320 -584) (2072 -1320 -656) (2072 -1360 -656) (2072 -1360 -584) 
4 76 106 (1800 -1360 192) (1536 -1360 192) (1536 -1360 176) (1800 -1360 176) 
4 76 104 (1800 -1360 -464) (1800 -1360 -536) (1856 -1360 -536) (1856 -1360 -464) 
4 76 103 (1856 -1360 192) (1800 -1360 192) (1800 -1360 -144) (1856 -1360 -144) 
4 76 101 (2072 -1360 192) (1856 -1360 192) (1856 -1360 176) (2072 -1360 176) 
4 76 90 (1536 -1360 -656) (1536 -1360 -528) (1536 -1320 -528) (1536 -1320 -656) 
4 77 118 (1520 784 -528) (1520 528 -528) (1520 528 192) (1520 784 192) 
4 77 80 (1536 784 -528) (1536 528 -528) (1520 528 -528) (1520 784 -528) 
4 78 119 (1520 528 -528) (1520 344 -528) (1520 344 192) (1520 528 192) 
4 78 81 (1536 528 -528) (1536 344 -528) (1520 344 -528) (1520 528 -528) 
4 78 79 (1520 344 -528) (1536 344 -528) (1536 344 -120) (1520 344 -120) 
4 79 125 (1520 -184 -528) (1520 -256 -528) (1520 -256 -120) (1520 -184 -120) 
4 79 124 (1520 -88 -528) (1520 -160 -528) (1520 -160 -120) (1520 -88 -120) 
4 79 123 (1520 8 -528) (1520 -64 -528) (1520 -64 -120) (1520 8 -120) 
4 79 122 (1520 104 -528) (1520 32 -528) (1520 32 -120) (1520 104 -120) 
4 79 121 (1520 200 -528) (1520 128 -528) (1520 128 -120) (1520 200 -120) 
4 79 120 (1520 296 -528) (1520 224 -528) (1520 224 -120) (1520 296 -120) 
4 79 119 (1520 344 -528) (1520 320 -528) (1520 320 -120) (1520 344 -120) 
4 79 81 (1536 344 -528) (1536 -256 -528) (1520 -256 -528) (1520 344 -528) 
4 80 118 (1520 784 -736) (1520 528 -736) (1520 528 -528) (1520 784 -528) 
4 80 83 (1520 528 -736) (1520 784 -736) (1536 784 -736) (1536 528 -736) 
4 81 133 (1520 -952 -736) (1520 -1024 -736) (1520 -1024 -528) (1520 -952 -528) 
4 81 132 (1520 -856 -736) (1520 -928 -736) (1520 -928 -528) (1520 -856 -528) 
4 81 131 (1520 -760 -736) (1520 -832 -736) (1520 -832 -528) (1520 -760 -528) 
4 81 130 (1520 -664 -736) (1520 -736 -736) (1520 -736 -528) (1520 -664 -528) 
4 81 129 (1520 -568 -736) (1520 -640 -736) (1520 -640 -528) (1520 -568 -528) 
4 81 128 (1520 -472 -736) (1520 -544 -736) (1520 -544 -528) (1520 -472 -528) 
4 81 127 (1520 -376 -736) (1520 -448 -736) (1520 -448 -528) (1520 -376 -528) 
4 81 126 (1520 -280 -736) (1520 -352 -736) (1520 -352 -528) (1520 -280 -528) 
4 81 125 (1520 -184 -736) (1520 -256 -736) (1520 -256 -528) (1520 -184 -528) 
4 81 124 (1520 -88 -736) (1520 -160 -736) (1520 -160 -528) (1520 -88 -528) 
4 81 123 (1520 8 -736) (1520 -64 -736) (1520 -64 -528) (1520 8 -528) 
4 81 122 (1520 104 -736) (1520 32 -736) (1520 32 -528) (1520 104 -528) 
4 81 121 (1520 200 -736) (1520 128 -736) (1520 128 -528) (1520 200 -528) 
4 81 120 (1520 296 -736) (1520 224 -736) (1520 224 -528) (1520 296 -528) 
4 81 119 (1520 528 -736) (1520 320 -736) (1520 320 -528) (1520 528 -528) 
4 81 84 (1520 -1024 -736) (1520 528 -736) (1536 528 -736) (1536 -1024 -736) 
3 82 163 (1520 -1048 -736) (1520 -1064 -736) (1520 -1064 -720.0000000000002) 
4 82 87 (1536 -1064 -736) (1536 -1064 -720.0000000000002) (1520 -1064 -720.0000000000002) (1520 -1064 -736) 
4 82 85 (1536 -1064 -736) (1520 -1064 -736) (1520 -1048 -736) (1536 -1048 -736) 
4 83 118 (1520 784 -872) (1520 528 -872) (1520 528 -736) (1520 784 -736) 
4 83 95 (1520 528 -872) (1520 784 -872) (1536 784 -872) (1536 528 -872) 
4 84 133 (1520 -952 -872) (1520 -1024 -872) (1520 -1024 -736) (1520 -952 -736) 
4 84 132 (1520 -856 -872) (1520 -928 -872) (1520 -928 -736) (1520 -856 -736) 
4 84 131 (1520 -760 -872) (1520 -832 -872) (1520 -832 -736) (1520 -760 -736) 
4 84 130 (1520 -664 -872) (1520 -736 -872) (1520 -736 -736) (1520 -664 -736) 
4 84 129 (1520 -568 -872) (1520 -640 -872) (1520 -640 -736) (1520 -568 -736) 
4 84 128 (1520 -472 -872) (1520 -544 -872) (1520 -544 -736) (1520 -472 -736) 
4 84 127 (1520 -376 -872) (1520 -448 -872) (1520 -448 -736) (1520 -376 -736) 
4 84 126 (1520 -280 -872) (1520 -352 -872) (1520 -352 -736) (1520 -280 -736) 
4 84 125 (1520 -184 -872) (1520 -256 -872) (1520 -256 -736) (1520 -184 -736) 
4 84 124 (1520 -88 -872) (1520 -160 -872) (1520 -160 -736) (1520 -88 -736) 
4 84 123 (1520 8 -872) (1520 -64 -872) (1520 -64 -736) (1520 8 -736) 
4 84 122 (1520 104 -872) (1520 32 -872) (1520 32 -736) (1520 104 -736) 
4 84 121 (1520 200 -872) (1520 128 -872) (1520 128 -736) (1520 200 -736) 
4 84 120 (1520 296 -872) (1520 224 -872) (1520 224 -736) (1520 296 -736) 
4 84 119 (1520 528 -872) (1520 320 -872) (1520 320 -736) (1520 528 -736) 
4 84 96 (1520 336 -872) (1520 528 -872) (1536 528 -872) (1536 336 -872) 
5 85 201 (1520 -1040 -872) (1520 -1064 -872) (1520 -1064 -736) (1520 -1048 -736) (1520 -1040 -744) 
4 85 87 (1520 -1064 -872) (1536 -1064 -872) (1536 -1064 -736) (1520 -1064 -736) 
3 86 163 (1520 -1208 -712) (1520 -1208 -674.6666666666667) (1520 -1152 -712) 
4 86 88 (1536 -1208 -712) (1536 -1208 -674.6666666666667) (1520 -1208 -674.6666666666667) (1520 -1208 -712) 
4 86 87 (1536 -1208 -712) (1520 -1208 -712) (1520 -1152 -712) (1536 -1152 -712) 
4 87 201 (1520 -1064 -872) (1520 -1208 -872) (1520 -1208 -736) (1520 -1064 -736) 
4 87 163 (1520 -1208 -736) (1520 -1208 -712) (1520 -1064 -712) (1520 -1064 -736) 
4 87 88 (1520 -1208 -872) (1536 -1208 -872) (1536 -1208 -712) (1520 -1208 -712) 
4 88 202 (1520 -1280 -872) (1520 -1312 -872) (1520 -1312 -736) (1520 -1280 -736) 
4 88 201 (1520 -1208 -872) (1520 -1280 -872) (1520 -1280 -736) (1520 -1208 -736) 
4 88 170 (1520 -1312 -736) (1520 -1312 -672) (1520 -1301.3333333333335 -672) (1520 -1301.3333333333335 -736) 
4 88 166 (1520 -1301.3333333333335 -672) (1520 -1280 -672) (1520 -1280 -736) (1520 -1301.3333333333335 -736) 
4 88 163 (1520 -1280 -672) (1520 -1208 -672) (1520 -1208 -736) (1520 -1280 -736) 
4 88 89 (1520 -1312 -872) (1536 -1312 -872) (1536 -1312 -672) (1520 -1312 -672) 
4 89 202 (1520 -1312 -872) (1520 -1320 -872) (1520 -1320 -736) (1520 -1312 -736) 
4 89 170 (1520 -1320 -736) (1520 -1320 -528) (1520 -1312 -528) (1520 -1312 -736) 
4 89 90 (1536 -1320 -656) (1536 -1320 -528) (1520 -1320 -528) (1520 -1320 -656) 
4 90 178 (1520 -1360 -656) (1520 -1360 -528) (1520 -1352 -528) (1520 -1352 -656) 
4 90 170 (1520 -1352 -528) (1520 -1320 -528) (1520 -1320 -656) (1520 -1352 -656) 
4 91 98 (2736 528 -1136) (2480 528 -1136) (2480 784 -1136) (2736 784 -1136) 
4 91 93 (2480 528 -1136) (2736 528 -1136) (2736 528 -872) (2480 528 -872) 
4 91 92 (2480 784 -1136) (2480 528 -1136) (2480 528 -872) (2480 784 -872) 
4 92 98 (2480 528 -1136) (2360 528 -1136) (2360 784 -1136) (2480 784 -1136) 
4 92 95 (2360 784 -1136) (2360 528 -1136) (2360 528 -872) (2360 784 -872) 
4 93 99 (2736 -1360 -872) (2480 -1360 -872) (2480 -1360 -1136) (2736 -1360 -1136) 
4 93 98 (2736 -1360 -1136) (2480 -1360 -1136) (2480 528 -1136) (2736 528 -1136) 
4 94 102 (2360 -1360 -888) (2360 -1360 -1136) (2464 -1360 -1136) (2464 -1360 -888) 
4 94 100 (2480 -1360 -872) (2464 -1360 -872) (2464 -1360 -1136) (2480 -1360 -1136) 
4 94 97 (2360 336 -1136) (2360 -1360 -1136) (2360 -1360 -888) (2360 336 -888) 
4 94 96 (2360 528 -1136) (2360 336 -1136) (2360 336 -872) (2360 528 -872) 
4 95 136 (1520 784 -1136) (1520 528 -1136) (1520 528 -872) (1520 784 -872) 
4 95 98 (1520 528 -1136) (1520 784 -1136) (2360 784 -1136) (2360 528 -1136) 
4 96 137 (1520 528 -1136) (1520 336 -1136) (1520 336 -872) (1520 528 -872) 
4 96 97 (1520 336 -1136) (2360 336 -1136) (2360 336 -888) (1520 336 -888) 
4 97 210 (1520 -1024 -1136) (1520 -1360 -1136) (1520 -1360 -888) (1520 -1024 -888) 
4 97 138 (1520 336 -1136) (1520 -1024 -1136) (1520 -1024 -888) (1520 336 -888) 
4 97 107 (1520 -1360 -888) (1520 -1360 -1136) (1800 -1360 -1136) (1800 -1360 -888) 
4 97 105 (1800 -1360 -1136) (1856 -1360 -1136) (1856 -1360 -888) (1800 -1360 -888) 
4 97 102 (1856 -1360 -1136) (2360 -1360 -1136) (2360 -1360 -888) (1856 -1360 -888) 
4 98 214 (1520 -1360 -1144) (1520 -1360 -1136) (1520 -1024 -1136) (1520 -1024 -1144) 
4 98 139 (1520 -1024 -1136) (1520 784 -1136) (1520 784 -1144) (1520 -1024 -1144) 
4 98 112 (2736 -1360 -1144) (2736 -1360 -1136) (1520 -1360 -1136) (1520 -1360 -1144) 
4 99 112 (2736 -1376 -1136) (2480 -1376 -1136) (2480 -1360 -1136) (2736 -1360 -1136) 
4 99 108 (2480 -1376 -1136) (2736 -1376 -1136) (2736 -1376 192) (2480 -1376 192) 
4 100 109 (2464 -1376 -1136) (2480 -1376 -1136) (2480 -1376 192) (2464 -1376 192) 
4 100 102 (2464 -1360 -888) (2464 -1360 -1136) (2464 -1376 -1136) (2464 -1376 -888) 
4 100 101 (2464 -1360 192) (2464 -1360 176) (2464 -1376 176) (2464 -1376 192) 
4 101 109 (2464 -1376 176) (2464 -1376 192) (1856 -1376 192) (1856 -1376 176) 
4 101 103 (1856 -1360 192) (1856 -1360 176) (1856 -1376 176) (1856 -1376 192) 
4 102 109 (1856 -1376 -1136) (2464 -1376 -1136) (2464 -1376 -888) (1856 -1376 -888) 
4 102 105 (1856 -1360 -888) (1856 -1360 -1136) (1856 -1376 -1136) (1856 -1376 -888) 
4 103 109 (1856 -1376 -144) (1856 -1376 192) (1800 -1376 192) (1800 -1376 -144) 
4 103 106 (1800 -1360 192) (1800 -1360 176) (1800 -1376 176) (1800 -1376 192) 
4 104 109 (1856 -1376 -536) (1856 -1376 -464) (1800 -1376 -464) (1800 -1376 -536) 
4 105 109 (1800 -1376 -1136) (1856 -1376 -1136) (1856 -1376 -888) (1800 -1376 -888) 
4 105 107 (1800 -1360 -888) (1800 -1360 -1136) (1800 -1376 -1136) (1800 -1376 -888) 
4 106 180 (1520 -1376 192) (1520 -1360 192) (1520 -1360 176) (1520 -1376 176) 
4 106 109 (1800 -1376 176) (1800 -1376 192) (1520 -1376 192) (1520 -1376 176) 
4 107 211 (1520 -1360 -888) (1520 -1360 -1136) (1520 -1376 -1136) (1520 -1376 -888) 
4 107 109 (1520 -1376 -1136) (1800 -1376 -1136) (1800 -1376 -888) (1520 -1376 -888) 
4 108 112 (2736 -1528 -1136) (2480 -1528 -1136) (2480 -1376 -1136) (2736 -1376 -1136) 
4 108 110 (2480 -1528 -1136) (2736 -1528 -1136) (2736 -1528 192) (2480 -1528 192) 
4 109 212 (1520 -1376 -736) (1520 -1376 -1136) (1520 -1528 -1136) (1520 -1528 -736) 
4 109 181 (1520 -1376 176) (1520 -1376 -736) (1520 -1528 -736) (1520 -1528 176) 
4 109 180 (1520 -1528 192) (1520 -1376 192) (1520 -1376 176) (1520 -1528 176) 
4 110 112 (2480 -1784 -1136) (2480 -1528 -1136) (2736 -1528 -1136) (2736 -1784 -1136) 
4 110 111 (2480 -1528 192) (2480 -1528 -1136) (2480 -1784 -1136) (2480 -1784 192) 
4 111 213 (1520 -1528 -736) (1520 -1528 -1136) (1520 -1784 -1136) (1520 -1784 -736) 
4 111 182 (1520 -1784 192) (1520 -1528 192) (1520 -1528 -736) (1520 -1784 -736) 
4 111 112 (1520 -1784 -1136) (1520 -1528 -1136) (2480 -1528 -1136) (2480 -1784 -1136) 
4 112 214 (1520 -1784 -1144) (1520 -1784 -1136) (1520 -1360 -1136) (1520 -1360 -1144) 
4 113 215 (208 784 336) (208 784 335.2138976801885) (208 528 335.2138976801885) (208 528 336) 
4 113 114 (1520 528 335.2138976801885) (208 528 335.2138976801885) (208 784 335.2138976801885) (1520 784 335.2138976801885) 
4 114 216 (208 784 335.2138976801885) (208 784 327.21389768018673) (208 528 327.21389768018673) (208 528 335.2138976801885) 
4 114 116 (208 528 327.21389768018673) (208 784 327.21389768018673) (1520 784 327.21389768018673) (1520 528 327.21389768018673) 
4 114 115 (208 528 335.2138976801885) (208 528 327.21389768018673) (1520 528 327.21389768018673) (1520 528 335.2138976801885) 
4 115 220 (208 -1016 327.21389768018673) (208 -1024 327.21389768018673) (208 -1024 335.2138976801885) (208 -1016 335.2138976801885) 
4 115 217 (208 528 335.2138976801885) (208 528 327.21389768018673) (208 -1016 327.21389768018673) (208 -1016 335.2138976801885) 
4 115 140 (208 -1024 335.2138976801885) (208 -1024 327.21389768018673) (1520 -1024 327.21389768018673) (1520 -1024 335.2138976801885) 
4 116 218 (208 784 216) (208 528 216) (208 528 327.21389768018673) (208 784 327.21389768018673) 
4 116 134 (208 528 216) (208 784 216) (1488 784 216) (1488 528 216) 
4 116 118 (1488 784 216) (1520 784 216) (1520 528 216) (1488 528 216) 
4 117 221 (208 -1016 216) (208 -1024 216) (208 -1024 327.21389768018673) (208 -1016 327.21389768018673) 
4 117 219 (208 528 216) (208 -1016 216) (208 -1016 327.21389768018673) (208 528 327.21389768018673) 
4 117 141 (208 -1024 327.21389768018673) (208 -1024 216) (1520 -1024 216) (1520 -1024 327.21389768018673) 
4 117 135 (1488 -1024 216) (208 -1024 216) (208 528 216) (1488 528 216) 
4 117 133 (1520 -1024 216) (1488 -1024 216) (1488 -952 216) (1520 -952 216) 
4 117 132 (1488 -928 216) (1488 -856 216) (1520 -856 216) (1520 -928 216) 
4 117 131 (1488 -832 216) (1488 -760 216) (1520 -760 216) (1520 -832 216) 
4 117 130 (1488 -736 216) (1488 -664 216) (1520 -664 216) (1520 -736 216) 
4 117 129 (1488 -640 216) (1488 -568 216) (1520 -568 216) (1520 -640 216) 
4 117 128 (1488 -544 216) (1488 -472 216) (1520 -472 216) (1520 -544 216) 
4 117 127 (1488 -448 216) (1488 -376 216) (1520 -376 216) (1520 -448 216) 
4 117 126 (1488 -352 216) (1488 -280 216) (1520 -280 216) (1520 -352 216) 
4 117 125 (1488 -256 216) (1488 -184 216) (1520 -184 216) (1520 -256 216) 
4 117 124 (1488 -160 216) (1488 -88 216) (1520 -88 216) (1520 -160 216) 
4 117 123 (1488 -64 216) (1488 8 216) (1520 8 216) (1520 -64 216) 
4 117 122 (1488 32 216) (1488 104 216) (1520 104 216) (1520 32 216) 
4 117 121 (1488 128 216) (1488 200 216) (1520 200 216) (1520 128 216) 
4 117 120 (1488 224 216) (1488 296 216) (1520 296 216) (1520 224 216) 
4 117 119 (1488 320 216) (1488 528 216) (1520 528 216) (1520 320 216) 
4 118 136 (1488 528 -872) (1488 784 -872) (1520 784 -872) (1520 528 -872) 
4 118 134 (1488 784 -872) (1488 528 -872) (1488 528 216) (1488 784 216) 
4 119 137 (1488 336 -872) (1488 528 -872) (1520 528 -872) (1520 336 -872) 
4 119 135 (1488 528 -872) (1488 320 -872) (1488 320 216) (1488 528 216) 
4 120 135 (1488 296 -872) (1488 224 -872) (1488 224 216) (1488 296 216) 
4 121 135 (1488 200 -872) (1488 128 -872) (1488 128 216) (1488 200 216) 
4 122 135 (1488 104 -872) (1488 32 -872) (1488 32 216) (1488 104 216) 
4 123 135 (1488 8 -872) (1488 -64 -872) (1488 -64 216) (1488 8 216) 
4 124 135 (1488 -88 -872) (1488 -160 -872) (1488 -160 216) (1488 -88 216) 
4 125 135 (1488 -184 -872) (1488 -256 -872) (1488 -256 216) (1488 -184 216) 
4 126 135 (1488 -280 -872) (1488 -352 -872) (1488 -352 216) (1488 -280 216) 
4 127 135 (1488 -376 -872) (1488 -448 -872) (1488 -448 216) (1488 -376 216) 
4 128 135 (1488 -472 -872) (1488 -544 -872) (1488 -544 216) (1488 -472 216) 
4 129 135 (1488 -568 -872) (1488 -640 -872) (1488 -640 216) (1488 -568 216) 
4 130 135 (1488 -664 -872) (1488 -736 -872) (1488 -736 216) (1488 -664 216) 
4 131 135 (1488 -760 -872) (1488 -832 -872) (1488 -832 216) (1488 -760 216) 
4 132 135 (1488 -856 -872) (1488 -928 -872) (1488 -928 216) (1488 -856 216) 
4 133 135 (1488 -952 -872) (1488 -1024 -872) (1488 -1024 216) (1488 -952 216) 
4 134 281 (208 784 -872) (208 528 -872) (208 528 -736) (208 784 -736) 
4 134 278 (208 528 -736) (208 528 -544) (208 784 -544) (208 784 -736) 
4 134 271 (208 528 -544) (208 528 -512) (208 784 -512) (208 784 -544) 
4 134 268 (208 528 -512) (208 528 -448) (208 784 -448) (208 784 -512) 
4 134 229 (208 528 -448) (208 528 -152) (208 784 -152) (208 784 -448) 
4 134 218 (208 528 -152) (208 528 216) (208 784 216) (208 784 -152) 
4 134 136 (208 528 -872) (208 784 -872) (1488 784 -872) (1488 528 -872) 
4 135 282 (208 528 -872) (208 -1024 -872) (208 -1024 -736) (208 528 -736) 
4 135 280 (208 -1024 -656) (208 -1024 -544) (208 -1016 -544) (208 -1016 -656) 
4 135 279 (208 -1016 -544) (208 528 -544) (208 528 -736) (208 -1016 -736) 
4 135 272 (208 -1024 -544) (208 -1024 -512) (208 528 -512) (208 528 -544) 
4 135 269 (208 -1024 -512) (208 -1024 -448) (208 528 -448) (208 528 -512) 
4 135 233 (208 -1024 -368) (208 -1024 -216) (208 -1016 -216) (208 -1016 -368) 
4 135 231 (208 -1024 -216) (208 -1024 -152) (208 -1016 -152) (208 -1016 -216) 
4 135 230 (208 -1016 -152) (208 528 -152) (208 528 -448) (208 -1016 -448) 
4 135 228 (208 -1024 -72) (208 -1024 -56) (208 -1016 -56) (208 -1016 -72) 
4 135 227 (208 -1024 24) (208 -1024 40) (208 -1016 40) (208 -1016 24) 
4 135 222 (208 -1024 120) (208 -1024 216) (208 -1016 216) (208 -1016 120) 
4 135 219 (208 -1016 216) (208 528 216) (208 528 -152) (208 -1016 -152) 
4 135 159 (240 -1024 -736) (288 -1024 -736) (288 -1024 192) (240 -1024 192) 
4 135 158 (320 -1024 -736) (368 -1024 -736) (368 -1024 192) (320 -1024 192) 
4 135 157 (400 -1024 -736) (448 -1024 -736) (448 -1024 192) (400 -1024 192) 
4 135 156 (480 -1024 -736) (528 -1024 -736) (528 -1024 192) (480 -1024 192) 
4 135 155 (560 -1024 -736) (608 -1024 -736) (608 -1024 192) (560 -1024 192) 
4 135 154 (640 -1024 -736) (688 -1024 -736) (688 -1024 192) (640 -1024 192) 
4 135 153 (720 -1024 -736) (776 -1024 -736) (776 -1024 192) (720 -1024 192) 
4 135 152 (808 -1024 -736) (856 -1024 -736) (856 -1024 192) (808 -1024 192) 
4 135 151 (888 -1024 -736) (936 -1024 -736) (936 -1024 192) (888 -1024 192) 
4 135 150 (968 -1024 -736) (1016 -1024 -736) (1016 -1024 192) (968 -1024 192) 
4 135 149 (1048 -1024 -736) (1096 -1024 -736) (1096 -1024 192) (1048 -1024 192) 
4 135 148 (1128 -1024 -736) (1152 -1024 -736) (1152 -1024 192) (1128 -1024 192) 
4 135 147 (1184 -1024 -736) (1208 -1024 -736) (1208 -1024 192) (1184 -1024 192) 
4 135 146 (1240 -1024 -736) (1264 -1024 -736) (1264 -1024 192) (1240 -1024 192) 
4 135 145 (1296 -1024 -736) (1320 -1024 -736) (1320 -1024 192) (1296 -1024 192) 
4 135 144 (1352 -1024 -736) (1376 -1024 -736) (1376 -1024 192) (1352 -1024 192) 
4 135 143 (1408 -1024 -736) (1432 -1024 -736) (1432 -1024 192) (1408 -1024 192) 
4 135 142 (1464 -1024 -736) (1488 -1024 -736) (1488 -1024 192) (1464 -1024 192) 
4 135 137 (208 336 -872) (208 528 -872) (1488 528 -872) (1488 336 -872) 
4 136 344 (208 784 -1136) (208 528 -1136) (208 528 -872) (208 784 -872) 
4 136 139 (208 528 -1136) (208 784 -1136) (1520 784 -1136) (1520 528 -1136) 
4 137 345 (208 528 -1136) (208 336 -1136) (208 336 -872) (208 528 -872) 
4 137 138 (208 336 -1136) (1520 336 -1136) (1520 336 -888) (208 336 -888) 
4 138 346 (208 336 -1136) (208 -1024 -1136) (208 -1024 -888) (208 336 -888) 
4 138 210 (208 -1024 -888) (208 -1024 -1136) (1520 -1024 -1136) (1520 -1024 -888) 
4 139 349 (208 -1024 -1144) (208 -1024 -1136) (208 784 -1136) (208 784 -1144) 
4 139 214 (208 -1024 -1136) (208 -1024 -1144) (1520 -1024 -1144) (1520 -1024 -1136) 
4 140 220 (208 -1024 335.2138976801885) (208 -1024 327.21389768018673) (208 -1048 327.21389768018673) (208 -1048 335.2138976801885) 
4 140 160 (208 -1048 335.2138976801885) (208 -1048 327.21389768018673) (1520 -1048 327.21389768018673) (1520 -1048 335.2138976801885) 
4 141 221 (208 -1024 327.21389768018673) (208 -1024 216) (208 -1048 216) (208 -1048 327.21389768018673) 
4 141 161 (208 -1048 327.21389768018673) (208 -1048 216) (1520 -1048 216) (1520 -1048 327.21389768018673) 
4 142 183 (1488 -1040 -736) (1488 -1048 -736) (1464 -1048 -736) (1464 -1040 -736) 
4 142 163 (1464 -1048 -736) (1488 -1048 -736) (1488 -1048 -256) (1464 -1048 -256) 
4 142 162 (1488 -1048 -256) (1488 -1048 168) (1464 -1048 168) (1464 -1048 -256) 
4 143 184 (1432 -1040 -736) (1432 -1048 -736) (1408 -1048 -736) (1408 -1040 -736) 
4 143 163 (1408 -1048 -736) (1432 -1048 -736) (1432 -1048 -256) (1408 -1048 -256) 
4 143 162 (1432 -1048 -256) (1432 -1048 168) (1408 -1048 168) (1408 -1048 -256) 
4 144 185 (1376 -1040 -736) (1376 -1048 -736) (1352 -1048 -736) (1352 -1040 -736) 
4 144 163 (1352 -1048 -736) (1376 -1048 -736) (1376 -1048 -256) (1352 -1048 -256) 
4 144 162 (1376 -1048 -256) (1376 -1048 168) (1352 -1048 168) (1352 -1048 -256) 
4 145 186 (1320 -1040 -736) (1320 -1048 -736) (1296 -1048 -736) (1296 -1040 -736) 
4 145 163 (1296 -1048 -736) (1320 -1048 -736) (1320 -1048 -256) (1296 -1048 -256) 
4 145 162 (1320 -1048 -256) (1320 -1048 168) (1296 -1048 168) (1296 -1048 -256) 
4 146 187 (1264 -1040 -736) (1264 -1048 -736) (1240 -1048 -736) (1240 -1040 -736) 
4 146 163 (1240 -1048 -736) (1264 -1048 -736) (1264 -1048 -256) (1240 -1048 -256) 
4 146 162 (1264 -1048 -256) (1264 -1048 168) (1240 -1048 168) (1240 -1048 -256) 
4 147 188 (1208 -1040 -736) (1208 -1048 -736) (1184 -1048 -736) (1184 -1040 -736) 
4 147 163 (1184 -1048 -736) (1208 -1048 -736) (1208 -1048 -256) (1184 -1048 -256) 
4 147 162 (1208 -1048 -256) (1208 -1048 168) (1184 -1048 168) (1184 -1048 -256) 
4 148 189 (1152 -1040 -736) (1152 -1048 -736) (1128 -1048 -736) (1128 -1040 -736) 
4 148 163 (1128 -1048 -736) (1152 -1048 -736) (1152 -1048 -256) (1128 -1048 -256) 
4 148 162 (1152 -1048 -256) (1152 -1048 168) (1128 -1048 168) (1128 -1048 -256) 
4 149 190 (1096 -1040 -736) (1096 -1048 -736) (1048 -1048 -736) (1048 -1040 -736) 
4 149 163 (1048 -1048 -736) (1096 -1048 -736) (1096 -1048 -256) (1048 -1048 -256) 
4 149 162 (1096 -1048 -256) (1096 -1048 168) (1048 -1048 168) (1048 -1048 -256) 
4 150 191 (1016 -1040 -736) (1016 -1048 -736) (968 -1048 -736) (968 -1040 -736) 
4 150 163 (968 -1048 -736) (1016 -1048 -736) (1016 -1048 -256) (968 -1048 -256) 
4 150 162 (1016 -1048 -256) (1016 -1048 168) (968 -1048 168) (968 -1048 -256) 
4 151 192 (936 -1040 -736) (936 -1048 -736) (888 -1048 -736) (888 -1040 -736) 
4 151 163 (888 -1048 -736) (936 -1048 -736) (936 -1048 -256) (888 -1048 -256) 
4 151 162 (936 -1048 -256) (936 -1048 168) (888 -1048 168) (888 -1048 -256) 
4 152 193 (856 -1040 -736) (856 -1048 -736) (808 -1048 -736) (808 -1040 -736) 
4 152 163 (808 -1048 -736) (856 -1048 -736) (856 -1048 -256) (808 -1048 -256) 
4 152 162 (856 -1048 -256) (856 -1048 168) (808 -1048 168) (808 -1048 -256) 
4 153 194 (776 -1040 -736) (776 -1048 -736) (720 -1048 -736) (720 -1040 -736) 
4 153 163 (720 -1048 -736) (776 -1048 -736) (776 -1048 -256) (720 -1048 -256) 
4 153 162 (776 -1048 -256) (776 -1048 168) (720 -1048 168) (720 -1048 -256) 
4 154 195 (688 -1040 -736) (688 -1048 -736) (640 -1048 -736) (640 -1040 -736) 
4 154 163 (640 -1048 -736) (688 -1048 -736) (688 -1048 -256) (640 -1048 -256) 
4 154 162 (688 -1048 -256) (688 -1048 168) (640 -1048 168) (640 -1048 -256) 
4 155 196 (608 -1040 -736) (608 -1048 -736) (560 -1048 -736) (560 -1040 -736) 
4 155 163 (560 -1048 -736) (608 -1048 -736) (608 -1048 -256) (560 -1048 -256) 
4 155 162 (608 -1048 -256) (608 -1048 168) (560 -1048 168) (560 -1048 -256) 
4 156 197 (528 -1040 -736) (528 -1048 -736) (480 -1048 -736) (480 -1040 -736) 
4 156 163 (480 -1048 -736) (528 -1048 -736) (528 -1048 -256) (480 -1048 -256) 
4 156 162 (528 -1048 -256) (528 -1048 168) (480 -1048 168) (480 -1048 -256) 
4 157 198 (448 -1040 -736) (448 -1048 -736) (400 -1048 -736) (400 -1040 -736) 
4 157 163 (400 -1048 -736) (448 -1048 -736) (448 -1048 -256) (400 -1048 -256) 
4 157 162 (448 -1048 -256) (448 -1048 168) (400 -1048 168) (400 -1048 -256) 
4 158 199 (368 -1040 -736) (368 -1048 -736) (320 -1048 -736) (320 -1040 -736) 
4 158 163 (320 -1048 -736) (368 -1048 -736) (368 -1048 -256) (320 -1048 -256) 
4 158 162 (368 -1048 -256) (368 -1048 168) (320 -1048 168) (320 -1048 -256) 
4 159 200 (288 -1040 -736) (288 -1048 -736) (240 -1048 -736) (240 -1040 -736) 
4 159 163 (240 -1048 -736) (288 -1048 -736) (288 -1048 -256) (240 -1048 -256) 
4 159 162 (288 -1048 -256) (288 -1048 168) (240 -1048 168) (240 -1048 -256) 
4 160 224 (208 -1048 335.2138976801885) (208 -1048 327.21389768018673) (208 -1360 327.21389768018673) (208 -1360 335.2138976801885) 
4 160 179 (208 -1360 335.2138976801885) (208 -1360 327.21389768018673) (1520 -1360 327.21389768018673) (1520 -1360 335.2138976801885) 
4 161 225 (208 -1048 327.21389768018673) (208 -1048 216.00000000000003) (208 -1360 192.00000000000003) (208 -1360 327.21389768018673) 
4 161 180 (208 -1360 327.21389768018673) (208 -1360 192.00000000000003) (1520 -1360 192.00000000000003) (1520 -1360 327.21389768018673) 
4 162 237 (208 -1304 -256) (208 -1360 -256) (208 -1360 -152) (208 -1304 -152) 
4 162 236 (208 -1296 -256) (208 -1304 -256) (208 -1304 -152) (208 -1296 -152) 
4 162 235 (208 -1128 -256) (208 -1296 -256) (208 -1296 -152) (208 -1128 -152) 
4 162 234 (208 -1120 -256) (208 -1128 -256) (208 -1128 -216) (208 -1120 -216) 
4 162 233 (208 -1048 -216) (208 -1048 -256) (208 -1120 -256) (208 -1120 -216) 
4 162 232 (208 -1120 -208) (208 -1120 -152) (208 -1064 -152) (208 -1064 -208) 
4 162 231 (208 -1048 -152) (208 -1048 -216) (208 -1064 -216) (208 -1064 -152) 
4 162 228 (208 -1048 -56) (208 -1048 -72) (208 -1360 -72) (208 -1360 -56) 
4 162 227 (208 -1048 40) (208 -1048 24) (208 -1360 24) (208 -1360 40) 
4 162 226 (208 -1048 167.99999999999997) (208 -1048 120) (208 -1360 120) (208 -1360 143.99999999999994) 
4 162 178 (1520 -1360 -256) (208 -1360 -256) (208 -1352 -256) (1520 -1352 -256) 
4 162 177 (208 -1352 -256) (208 -1280 -256) (1440 -1280 -256) (1440 -1352 -256) 
4 162 176 (1503.9999999999998 -1352 -256) (1440 -1352 -256) (1440 -1338.6666666666667 -256) (1503.9999999999998 -1296.0000000000002 -256) 
5 162 174 (1512 -1352 -256) (1503.9999999999998 -1352 -256) (1503.9999999999998 -1341.3333333333337 -256) (1508 -1338.6666666666667 -256) (1512 -1341.3333333333333 -256) 
3 162 171 (1503.9999999999998 -1341.3333333333337 -256) (1503.9999999999998 -1335.9999999999998 -256) (1508 -1338.6666666666667 -256) 
4 162 169 (1520 -1346.6666666666665 -256) (1520 -1352 -256) (1512 -1352 -256) (1512 -1341.3333333333333 -256) 
4 162 164 (1440 -1280 -256) (1520 -1280 -256) (1520 -1285.3333333333335 -256) (1440 -1338.6666666666667 -256) 
4 162 163 (208 -1280 -256) (208 -1048 -256) (1520 -1048 -256) (1520 -1280 -256) 
4 163 280 (208 -1048 -544) (208 -1048 -656) (208 -1280 -656) (208 -1280 -544) 
4 163 276 (208 -1192 -544) (208 -1280 -544) (208 -1280 -488) (208 -1192 -488) 
4 163 274 (208 -1280 -488) (208 -1280 -448) (208 -1192 -448) (208 -1192 -488) 
4 163 273 (208 -1184 -536) (208 -1184 -512) (208 -1144 -512) (208 -1144 -536) 
4 163 272 (208 -1048 -512) (208 -1048 -544) (208 -1136 -544) (208 -1136 -512) 
4 163 270 (208 -1184 -504) (208 -1184 -448) (208 -1120 -448) (208 -1120 -504) 
4 163 269 (208 -1048 -448) (208 -1048 -512) (208 -1112 -512) (208 -1112 -448) 
4 163 235 (208 -1280 -368) (208 -1280 -256) (208 -1128 -256) (208 -1128 -368) 
4 163 234 (208 -1128 -256) (208 -1120 -256) (208 -1120 -368) (208 -1128 -368) 
4 163 233 (208 -1048 -256) (208 -1048 -368) (208 -1120 -368) (208 -1120 -256) 
4 163 201 (208 -1280 -736) (208 -1048 -736) (1520 -1048 -736) (1520 -1280 -736) 
4 163 177 (208 -1280 -736) (1440 -1280 -736) (1440 -1280 -256) (208 -1280 -256) 
4 163 166 (1488 -1280 -736) (1520 -1280 -736) (1520 -1280 -295.99999999999994) (1488 -1280 -335.9999999999999) 
4 163 165 (1440 -1280 -736) (1464 -1280 -736) (1464 -1280 -335.9999999999999) (1440 -1280 -365.9999999999998) 
4 163 164 (1520 -1280 -266.00000000000045) (1520 -1280 -256) (1440 -1280 -256) (1440 -1280 -365.9999999999998) 
3 164 177 (1440 -1280 -256) (1440 -1280 -365.9999999999998) (1440 -1338.6666666666667 -256) 
3 164 176 (1440 -1338.6666666666663 -256) (1440 -1295.9999999999998 -335.99999999999966) (1503.9999999999998 -1295.9999999999995 -256) 
3 164 165 (1440 -1295.9999999999998 -335.99999999999966) (1440 -1280 -365.9999999999991) (1464 -1280 -335.999999999999) 
3 165 203 (1440 -1280 -736) (1464 -1280 -736) (1440 -1296 -736) 
4 165 177 (1440 -1280 -365.9999999999998) (1440 -1280 -736) (1440 -1296 -736) (1440 -1296 -335.9999999999999) 
3 166 204 (1488 -1280 -736) (1512 -1280 -736) (1512 -1296 -736) 
4 166 202 (1512 -1280 -736) (1520 -1280 -736) (1520 -1301.3333333333333 -736) (1512 -1296 -736) 
4 166 170 (1512 -1296.0000000000007 -736) (1520 -1301.333333333334 -736) (1520 -1301.333333333334 -390.9999999999986) (1512 -1296.0000000000007 -410.99999999999847) 
4 166 168 (1520 -1301.333333333334 -390.9999999999986) (1520 -1301.333333333334 -336.000000000001) (1512 -1296.0000000000007 -336.000000000001) (1512 -1296.0000000000007 -410.99999999999847) 
3 166 167 (1511.9999999999995 -1295.9999999999998 -336.0000000000006) (1520 -1301.3333333333333 -336.0000000000006) (1520 -1295.9999999999995 -326.00000000000017) 
3 167 168 (1511.9999999999993 -1296.0000000000002 -336.0000000000011) (1520 -1301.333333333334 -336.000000000001) (1520 -1301.333333333334 -326.0000000000002) 
4 168 170 (1512 -1335.9999999999995 -336.00000000000006) (1512 -1295.9999999999995 -411) (1520 -1301.3333333333328 -391) (1520 -1335.9999999999995 -326.0000000000001) 
4 169 178 (1520 -1352 -266.0000000000002) (1520 -1352 -256) (1512 -1352 -256) (1512 -1352 -276.0000000000001) 
3 169 174 (1512 -1352 -276.0000000000001) (1512 -1352 -256) (1512 -1341.3333333333333 -256) 
4 170 202 (1512 -1296 -736) (1520 -1301.3333333333333 -736) (1520 -1352 -736) (1512 -1352 -736) 
4 170 178 (1512 -1352 -736) (1520 -1352 -736) (1520 -1352 -295.9999999999997) (1512 -1352 -306.0000000000001) 
4 170 175 (1512 -1336 -736) (1512 -1352 -736) (1512 -1352 -306.0000000000001) (1512 -1336 -335.99999999999994) 
4 171 178 (1488.0000000000002 -1352 -305.99999999999994) (1488.0000000000002 -1352 -275.99999999999943) (1464 -1352 -305.9999999999996) (1464 -1352 -336.0000000000002) 
5 171 176 (1440 -1336 -336) (1464 -1352 -305.99999999999983) (1488 -1352 -275.9999999999999) (1504 -1341.3333333333335 -256) (1504 -1336 -256) 
4 171 174 (1508.0000000000005 -1338.666666666667 -256) (1504.0000000000007 -1341.3333333333333 -256) (1488.0000000000007 -1352 -276.00000000000006) (1488.0000000000007 -1352 -305.9999999999993) 
3 171 172 (1464 -1352 -336.0000000000002) (1464 -1352 -305.9999999999998) (1440 -1336 -335.9999999999999) 
4 172 178 (1464 -1352 -305.9999999999996) (1440 -1352 -335.9999999999998) (1440 -1352 -395.9999999999993) (1464 -1352 -365.9999999999992) 
4 172 177 (1440 -1352 -395.99999999999926) (1440 -1352 -335.9999999999998) (1440 -1336 -335.99999999999983) (1440 -1336 -425.9999999999993) 
3 172 176 (1440 -1336 -336) (1440 -1352 -336) (1464 -1352 -305.99999999999983) 
3 172 173 (1464.0000000000002 -1352 -365.99999999999795) (1440.000000000001 -1352 -395.99999999999693) (1440.0000000000007 -1336.0000000000005 -425.9999999999964) 
3 173 205 (1464 -1352 -736) (1440 -1352 -736) (1440 -1336 -736) 
4 173 178 (1440 -1352 -736) (1464 -1352 -736) (1464 -1352 -365.9999999999992) (1440 -1352 -395.9999999999993) 
4 173 177 (1440 -1336 -736) (1440 -1352 -736) (1440 -1352 -395.99999999999926) (1440 -1336 -425.9999999999993) 
5 174 178 (1512 -1352 -276.0000000000001) (1512 -1352 -256) (1503.9999999999998 -1352 -256) (1488.0000000000002 -1352 -275.99999999999943) (1488.0000000000002 -1352 -305.99999999999994) 
3 174 176 (1488 -1352 -275.9999999999999) (1504 -1352 -256) (1504 -1341.3333333333335 -256) 
3 175 206 (1512 -1336 -736) (1512 -1352 -736) (1488 -1352 -736) 
4 175 178 (1488 -1352 -736) (1512 -1352 -736) (1512 -1352 -306.0000000000001) (1488.0000000000002 -1352 -335.9999999999991) 
3 176 178 (1503.9999999999998 -1352 -256) (1440 -1352 -256) (1440 -1352 -335.9999999999998) 
4 176 177 (1440 -1352 -335.9999999999998) (1440 -1352 -256) (1440 -1338.6666666666667 -256) (1440 -1296 -335.9999999999999) 
4 177 280 (208 -1352 -656) (208 -1352 -544) (208 -1280 -544) (208 -1280 -656) 
4 177 277 (208 -1352 -536) (208 -1352 -488) (208 -1336 -488) (208 -1336 -536) 
4 177 276 (208 -1328 -488) (208 -1280 -488) (208 -1280 -544) (208 -1328 -544) 
4 177 275 (208 -1352 -480) (208 -1352 -448) (208 -1304 -448) (208 -1304 -480) 
4 177 274 (208 -1296 -448) (208 -1280 -448) (208 -1280 -488) (208 -1296 -488) 
4 177 237 (208 -1352 -368) (208 -1352 -256) (208 -1304 -256) (208 -1304 -368) 
4 177 236 (208 -1304 -256) (208 -1296 -256) (208 -1296 -288) (208 -1304 -288) 
4 177 235 (208 -1296 -256) (208 -1280 -256) (208 -1280 -368) (208 -1296 -368) 
4 177 209 (208 -1352 -736) (208 -1280 -736) (1440 -1280 -736) (1440 -1352 -736) 
4 177 178 (208 -1352 -736) (1440 -1352 -736) (1440 -1352 -256) (208 -1352 -256) 
4 178 280 (208 -1360 -656) (208 -1360 -544) (208 -1352 -544) (208 -1352 -656) 
4 178 277 (208 -1360 -536) (208 -1360 -488) (208 -1352 -488) (208 -1352 -536) 
4 178 237 (208 -1360 -368) (208 -1360 -256) (208 -1352 -256) (208 -1352 -368) 
4 178 209 (208 -1360 -736) (208 -1352 -736) (1440 -1352 -736) (1440 -1360 -736) 
4 178 208 (1440 -1352 -736) (1512 -1352 -736) (1512 -1360 -736) (1440 -1360 -736) 
4 178 202 (1512 -1352 -736) (1520 -1352 -736) (1520 -1360 -736) (1512 -1360 -736) 
4 179 350 (208 -1360 335.2138976801885) (208 -1360 327.21389768018673) (208 -1528 327.21389768018673) (208 -1528 335.2138976801885) 
4 179 182 (208 -1528 335.2138976801885) (208 -1528 327.21389768018673) (1520 -1528 327.21389768018673) (1520 -1528 335.2138976801885) 
4 180 351 (208 -1360 327.21389768018673) (208 -1360 176) (208 -1528 176) (208 -1528 327.21389768018673) 
4 180 181 (1520 -1528 176) (208 -1528 176) (208 -1376 176) (1520 -1376 176) 
4 181 353 (208 -1376 -736) (208 -1528 -736) (208 -1528 176) (208 -1376 176) 
4 181 212 (208 -1528 -736) (208 -1376 -736) (1520 -1376 -736) (1520 -1528 -736) 
4 182 355 (208 -1528 335.2138976801885) (208 -1528 -736) (208 -1784 -736) (208 -1784 335.2138976801885) 
4 182 213 (208 -1784 -736) (208 -1528 -736) (1520 -1528 -736) (1520 -1784 -736) 
4 183 201 (1488 -1047.9999999999998 -736) (1464 -1047.9999999999998 -736) (1464 -1040 -743.9999999999999) (1488 -1040 -743.9999999999999) 
4 184 201 (1432 -1047.9999999999998 -736) (1408 -1047.9999999999998 -736) (1408 -1040 -743.9999999999999) (1432 -1040 -743.9999999999999) 
4 185 201 (1376 -1047.9999999999998 -736) (1352 -1047.9999999999998 -736) (1352 -1040 -743.9999999999999) (1376 -1040 -743.9999999999999) 
4 186 201 (1320 -1047.9999999999998 -736) (1296 -1047.9999999999998 -736) (1296 -1040 -743.9999999999999) (1320 -1040 -743.9999999999999) 
4 187 201 (1264 -1047.9999999999998 -736) (1240 -1047.9999999999998 -736) (1240 -1040 -743.9999999999999) (1264 -1040 -743.9999999999999) 
4 188 201 (1208 -1047.9999999999998 -736) (1184 -1047.9999999999998 -736) (1184 -1040 -743.9999999999999) (1208 -1040 -743.9999999999999) 
4 189 201 (1152 -1047.9999999999998 -736) (1128 -1047.9999999999998 -736) (1128 -1040 -743.9999999999999) (1152 -1040 -743.9999999999999) 
4 190 201 (1096 -1047.9999999999998 -736) (1048 -1047.9999999999998 -736) (1048 -1040 -743.9999999999999) (1096 -1040 -743.9999999999999) 
4 191 201 (1016 -1047.9999999999998 -736) (968 -1047.9999999999998 -736) (968 -1040 -743.9999999999999) (1016 -1040 -743.9999999999999) 
4 192 201 (936 -1047.9999999999998 -736) (888 -1047.9999999999998 -736) (888 -1040 -743.9999999999999) (936 -1040 -743.9999999999999) 
4 193 201 (856 -1047.9999999999998 -736) (808 -1047.9999999999998 -736) (808 -1040 -743.9999999999999) (856 -1040 -743.9999999999999) 
4 194 201 (776 -1047.9999999999998 -736) (720 -1047.9999999999998 -736) (720 -1040 -743.9999999999999) (776 -1040 -743.9999999999999) 
4 195 201 (688 -1047.9999999999998 -736) (640 -1047.9999999999998 -736) (640 -1040 -743.9999999999999) (688 -1040 -743.9999999999999) 
4 196 201 (608 -1047.9999999999998 -736) (560 -1047.9999999999998 -736) (560 -1040 -743.9999999999999) (608 -1040 -743.9999999999999) 
4 197 201 (528 -1047.9999999999998 -736) (480 -1047.9999999999998 -736) (480 -1040 -743.9999999999999) (528 -1040 -743.9999999999999) 
4 198 201 (448 -1047.9999999999998 -736) (400 -1047.9999999999998 -736) (400 -1040 -743.9999999999999) (448 -1040 -743.9999999999999) 
4 199 201 (368 -1047.9999999999998 -736) (320 -1047.9999999999998 -736) (320 -1040 -743.9999999999999) (368 -1040 -743.9999999999999) 
4 200 201 (288 -1047.9999999999998 -736) (240 -1047.9999999999998 -736) (240 -1040 -743.9999999999999) (288 -1040 -743.9999999999999) 
5 201 283 (208 -1040 -872) (208 -1280 -872) (208 -1280 -736) (208 -1048 -736) (208 -1040 -744) 
4 201 209 (208 -1280 -872) (1440 -1280 -872) (1440 -1280 -736) (208 -1280 -736) 
4 201 207 (1440 -1280 -872) (1512 -1280 -872) (1512 -1280 -868) (1440 -1280 -868) 
4 201 204 (1512 -1280 -868) (1512 -1280 -736) (1488 -1280 -736) (1488 -1280 -868) 
4 201 203 (1464 -1280 -736) (1440 -1280 -736) (1440 -1280 -868) (1464 -1280 -868) 
4 201 202 (1512 -1280 -872) (1520 -1280 -872) (1520 -1280 -736) (1512 -1280 -736) 
4 202 208 (1512 -1352 -872) (1512 -1360 -872) (1512 -1360 -736) (1512 -1352 -736) 
4 202 207 (1512 -1280 -868) (1512 -1280 -872) (1512 -1352 -872) (1512 -1352 -868) 
4 202 206 (1512 -1336 -868) (1512 -1352 -868) (1512 -1352 -736) (1512 -1336 -736) 
4 202 204 (1512 -1280 -736) (1512 -1280 -868) (1512 -1296 -868) (1512 -1296 -736) 
4 203 209 (1440 -1280 -736) (1440 -1280 -868) (1440 -1296 -868) (1440 -1296 -736) 
3 203 207 (1440 -1296 -868) (1440 -1280 -868) (1464 -1280 -868) 
3 204 207 (1488 -1280 -868) (1512 -1280 -868) (1512 -1296 -868) 
4 205 209 (1440 -1336 -868) (1440 -1352 -868) (1440 -1352 -736) (1440 -1336 -736) 
4 205 208 (1440 -1352 -736) (1440 -1352 -868) (1464 -1352 -868) (1464 -1352 -736) 
3 205 207 (1464 -1352 -868) (1440 -1352 -868) (1440 -1336 -868) 
4 206 208 (1488 -1352 -868) (1512 -1352 -868) (1512 -1352 -736) (1488 -1352 -736) 
3 206 207 (1512 -1352 -868) (1488 -1352 -868) (1512 -1336 -868) 
4 207 209 (1440 -1280 -868) (1440 -1280 -872) (1440 -1352 -872) (1440 -1352 -868) 
4 207 208 (1440 -1352 -868) (1440 -1352 -872) (1512 -1352 -872) (1512 -1352 -868) 
4 208 209 (1440 -1352 -872) (1440 -1360 -872) (1440 -1360 -736) (1440 -1352 -736) 
4 209 283 (208 -1280 -872) (208 -1360 -872) (208 -1360 -736) (208 -1280 -736) 
4 210 346 (208 -1024 -888) (208 -1024 -1136) (208 -1360 -1136) (208 -1360 -888) 
4 210 211 (208 -1360 -1136) (1520 -1360 -1136) (1520 -1360 -888) (208 -1360 -888) 
4 211 352 (208 -1360 -1136) (208 -1376 -1136) (208 -1376 -888) (208 -1360 -888) 
4 211 212 (208 -1376 -1136) (1520 -1376 -1136) (1520 -1376 -888) (208 -1376 -888) 
4 212 353 (208 -1376 -1136) (208 -1528 -1136) (208 -1528 -736) (208 -1376 -736) 
4 213 355 (208 -1528 -1136) (208 -1784 -1136) (208 -1784 -736) (208 -1528 -736) 
4 213 214 (208 -1784 -1136) (208 -1528 -1136) (1520 -1528 -1136) (1520 -1784 -1136) 
4 214 357 (208 -1360 -1144) (208 -1784 -1144) (208 -1784 -1136) (208 -1360 -1136) 
4 214 349 (208 -1024 -1136) (208 -1024 -1144) (208 -1360 -1144) (208 -1360 -1136) 
4 215 317 (176 784 336) (176 784 335.2138976801885) (176 528 335.2138976801885) (176 528 336) 
4 215 216 (208 528 335.2138976801885) (176 528 335.2138976801885) (176 784 335.2138976801885) (208 784 335.2138976801885) 
4 216 318 (176 784 335.2138976801885) (176 784 327.21389768018673) (176 528 327.21389768018673) (176 528 335.2138976801885) 
4 216 218 (176 528 327.21389768018673) (176 784 327.21389768018673) (208 784 327.21389768018673) (208 528 327.21389768018673) 
4 216 217 (176 528 335.2138976801885) (176 528 327.21389768018673) (208 528 327.21389768018673) (208 528 335.2138976801885) 
4 217 319 (176 528 335.2138976801885) (176 528 327.21389768018673) (176 -1016 327.21389768018673) (176 -1016 335.2138976801885) 
4 217 220 (176 -1016 335.2138976801885) (176 -1016 327.21389768018673) (208 -1016 327.21389768018673) (208 -1016 335.2138976801885) 
4 218 320 (176 784 -152) (176 528 -152) (176 528 327.21389768018673) (176 784 327.21389768018673) 
4 218 262 (176 528 -152) (176 784 -152) (184 784 -152) (184 528 -152) 
4 218 248 (184 784 -152) (192 784 -152) (192 528 -152) (184 528 -152) 
4 218 238 (192 784 -152) (200 784 -152) (200 528 -152) (192 528 -152) 
4 218 229 (200 784 -152) (208 784 -152) (208 528 -152) (200 528 -152) 
4 219 321 (176 528 -152) (176 -1016 -152) (176 -1016 327.21389768018673) (176 528 327.21389768018673) 
4 219 263 (176 -1016 -152) (176 528 -152) (184 528 -152) (184 -1016 -152) 
4 219 249 (184 528 -152) (192 528 -152) (192 -1016 -152) (184 -1016 -152) 
4 219 239 (192 528 -152) (200 528 -152) (200 -1016 -152) (192 -1016 -152) 
4 219 230 (200 528 -152) (208 528 -152) (208 -1016 -152) (200 -1016 -152) 
4 219 228 (176 -1016 -56) (176 -1016 -72) (208 -1016 -72) (208 -1016 -56) 
4 219 227 (176 -1016 40) (176 -1016 24) (208 -1016 24) (208 -1016 40) 
4 219 222 (176 -1016 216) (176 -1016 120) (208 -1016 120) (208 -1016 216) 
4 219 221 (176 -1016 327.21389768018673) (176 -1016 216) (208 -1016 216) (208 -1016 327.21389768018673) 
4 220 322 (176 -1024 327.21389768018673) (176 -1048 327.21389768018673) (176 -1048 335.2138976801885) (176 -1024 335.2138976801885) 
4 220 319 (176 -1016 335.2138976801885) (176 -1016 327.21389768018673) (176 -1024 327.21389768018673) (176 -1024 335.2138976801885) 
4 220 224 (176 -1048 335.2138976801885) (176 -1048 327.21389768018673) (208 -1048 327.21389768018673) (208 -1048 335.2138976801885) 
4 221 323 (176 -1024 216) (176 -1048 216) (176 -1048 327.21389768018673) (176 -1024 327.21389768018673) 
4 221 321 (176 -1016 327.21389768018673) (176 -1016 216) (176 -1024 216) (176 -1024 327.21389768018673) 
4 221 225 (176 -1048 327.21389768018673) (176 -1048 216) (208 -1048 216) (208 -1048 327.21389768018673) 
4 221 222 (176 -1024 216) (176 -1016 216) (208 -1016 216) (208 -1024 216) 
4 222 321 (176 -1016 216) (176 -1016 120) (176 -1024 120) (176 -1024 216) 
4 222 223 (176 -1024 120) (208 -1024 120) (208 -1024 192) (176 -1024 192) 
4 223 226 (176 -1048 168) (176 -1048 120) (208 -1048 120) (208 -1048 168) 
4 224 350 (176 -1360 335.2138976801885) (176 -1360 327.21389768018673) (208 -1360 327.21389768018673) (208 -1360 335.2138976801885) 
4 224 329 (176 -1048 335.2138976801885) (176 -1048 327.21389768018673) (176 -1360 327.21389768018673) (176 -1360 335.2138976801885) 
4 225 351 (176 -1360 327.21389768018673) (176 -1360 192.00000000000003) (208 -1360 192.00000000000003) (208 -1360 327.21389768018673) 
4 225 330 (176 -1048 327.21389768018673) (176 -1048 216.00000000000003) (176 -1360 192.00000000000003) (176 -1360 327.21389768018673) 
4 226 332 (176 -1048 167.99999999999997) (176 -1048 120) (176 -1360 120) (176 -1360 144) 
4 227 332 (176 -1048 24) (176 -1360 24) (176 -1360 40) (176 -1048 40) 
4 227 321 (176 -1016 40) (176 -1016 24) (176 -1024 24) (176 -1024 40) 
4 228 332 (176 -1048 -72) (176 -1360 -72) (176 -1360 -56) (176 -1048 -56) 
4 228 321 (176 -1016 -56) (176 -1016 -72) (176 -1024 -72) (176 -1024 -56) 
4 229 268 (200 528 -448) (200 784 -448) (208 784 -448) (208 528 -448) 
4 229 246 (200 784 -448) (200 528 -448) (200 528 -368) (200 784 -368) 
4 229 238 (200 528 -368) (200 528 -152) (200 784 -152) (200 784 -368) 
4 230 269 (200 -1016 -448) (200 528 -448) (208 528 -448) (208 -1016 -448) 
4 230 247 (200 528 -448) (200 -1016 -448) (200 -1016 -368) (200 528 -368) 
4 230 239 (200 -1016 -368) (200 -1016 -152) (200 528 -152) (200 528 -368) 
4 230 233 (200 -1016 -216) (200 -1016 -368) (208 -1016 -368) (208 -1016 -216) 
4 230 231 (200 -1016 -152) (200 -1016 -216) (208 -1016 -216) (208 -1016 -152) 
4 231 241 (200 -1064 -152) (200 -1056 -152) (200 -1056 -216) (200 -1064 -216) 
4 231 240 (200 -1056 -152) (200 -1048 -152) (200 -1048 -216) (200 -1056 -216) 
4 231 239 (200 -1048 -152) (200 -1016 -152) (200 -1016 -216) (200 -1048 -216) 
4 231 233 (200 -1064 -216) (200 -1016 -216) (208 -1016 -216) (208 -1064 -216) 
4 231 232 (200 -1064 -152) (200 -1064 -208) (208 -1064 -208) (208 -1064 -152) 
4 232 243 (200 -1120 -208) (200 -1120 -152) (200 -1072 -152) (200 -1072 -208) 
4 233 243 (200 -1120 -368) (200 -1120 -216) (200 -1072 -216) (200 -1072 -368) 
4 233 242 (200 -1072 -216) (200 -1064 -216) (200 -1064 -368) (200 -1072 -368) 
4 233 241 (200 -1064 -216) (200 -1056 -216) (200 -1056 -368) (200 -1064 -368) 
4 233 240 (200 -1056 -216) (200 -1048 -216) (200 -1048 -320) (200 -1056 -320) 
4 233 239 (200 -1048 -216) (200 -1016 -216) (200 -1016 -368) (200 -1048 -368) 
4 233 234 (200 -1120 -216) (200 -1120 -368) (208 -1120 -368) (208 -1120 -216) 
4 234 243 (200 -1120 -216) (200 -1120 -368) (200 -1128 -368) (200 -1128 -216) 
4 234 235 (200 -1128 -216) (200 -1128 -368) (208 -1128 -368) (208 -1128 -216) 
4 235 243 (200 -1296 -152) (200 -1128 -152) (200 -1128 -368) (200 -1296 -368) 
4 235 236 (200 -1296 -152) (200 -1296 -288) (208 -1296 -288) (208 -1296 -152) 
4 236 244 (200 -1304 -152) (200 -1296 -152) (200 -1296 -288) (200 -1304 -288) 
4 236 237 (200 -1304 -152) (200 -1304 -288) (208 -1304 -288) (208 -1304 -152) 
4 237 245 (200 -1360 -368) (200 -1360 -296) (200 -1304 -296) (200 -1304 -368) 
4 237 244 (200 -1360 -288) (200 -1360 -152) (200 -1304 -152) (200 -1304 -288) 
4 238 248 (192 784 -368) (192 528 -368) (192 528 -152) (192 784 -152) 
4 238 246 (192 528 -368) (192 784 -368) (200 784 -368) (200 528 -368) 
4 239 249 (192 528 -368) (192 -1048 -368) (192 -1048 -152) (192 528 -152) 
4 239 247 (192 -1016 -368) (192 528 -368) (200 528 -368) (200 -1016 -368) 
4 239 240 (192 -1048 -152) (192 -1048 -320) (200 -1048 -320) (200 -1048 -152) 
4 240 250 (192 -1056 -320) (192 -1056 -152) (192 -1048 -152) (192 -1048 -320) 
4 240 241 (192 -1056 -152) (192 -1056 -320) (200 -1056 -320) (200 -1056 -152) 
4 241 251 (192 -1056 -368) (192 -1064 -368) (192 -1064 -328) (192 -1056 -328) 
4 241 250 (192 -1064 -320) (192 -1064 -152) (192 -1056 -152) (192 -1056 -320) 
4 241 242 (192 -1064 -216) (192 -1064 -368) (200 -1064 -368) (200 -1064 -216) 
4 242 251 (192 -1064 -368) (192 -1072 -368) (192 -1072 -328) (192 -1064 -328) 
4 242 250 (192 -1072 -320) (192 -1072 -216) (192 -1064 -216) (192 -1064 -320) 
4 242 243 (192 -1072 -216) (192 -1072 -368) (200 -1072 -368) (200 -1072 -216) 
4 243 256 (192 -1168 -368) (192 -1296 -368) (192 -1296 -152) (192 -1168 -152) 
4 243 255 (192 -1168 -344) (192 -1168 -152) (192 -1160 -152) (192 -1160 -344) 
4 243 254 (192 -1104 -368) (192 -1160 -368) (192 -1160 -352) (192 -1104 -352) 
4 243 253 (192 -1160 -344) (192 -1160 -152) (192 -1104 -152) (192 -1104 -344) 
4 243 252 (192 -1104 -320) (192 -1104 -152) (192 -1096 -152) (192 -1096 -320) 
4 243 251 (192 -1072 -368) (192 -1096 -368) (192 -1096 -328) (192 -1072 -328) 
4 243 250 (192 -1096 -320) (192 -1096 -152) (192 -1072 -152) (192 -1072 -320) 
4 243 245 (192 -1296 -296) (192 -1296 -368) (200 -1296 -368) (200 -1296 -296) 
4 243 244 (192 -1296 -152) (192 -1296 -288) (200 -1296 -288) (200 -1296 -152) 
4 244 259 (192 -1360 -288) (192 -1360 -232) (192 -1296 -232) (192 -1296 -288) 
4 244 258 (192 -1360 -224) (192 -1360 -152) (192 -1304 -152) (192 -1304 -224) 
4 244 257 (192 -1304 -152) (192 -1296 -152) (192 -1296 -176) (192 -1304 -176) 
4 245 259 (192 -1296 -368) (192 -1360 -368) (192 -1360 -296) (192 -1296 -296) 
4 246 284 (192 528 -448) (192 784 -448) (200 784 -448) (200 528 -448) 
4 246 260 (192 784 -448) (192 528 -448) (192 528 -368) (192 784 -368) 
4 247 285 (192 -1016 -448) (192 528 -448) (200 528 -448) (200 -1016 -448) 
4 247 261 (192 528 -448) (192 -1016 -448) (192 -1016 -368) (192 528 -368) 
4 248 262 (184 784 -368) (184 528 -368) (184 528 -152) (184 784 -152) 
4 248 260 (184 528 -368) (184 784 -368) (192 784 -368) (192 528 -368) 
4 249 267 (184 -1016 -368) (184 -1048 -368) (184 -1048 -232) (184 -1016 -232) 
4 249 264 (184 -1048 -232) (184 -1048 -152) (184 -1016 -152) (184 -1016 -232) 
4 249 263 (184 528 -368) (184 -1016 -368) (184 -1016 -152) (184 528 -152) 
4 249 261 (184 -1016 -368) (184 528 -368) (192 528 -368) (192 -1016 -368) 
4 249 251 (184 -1048 -328) (184 -1048 -368) (192 -1048 -368) (192 -1048 -328) 
4 249 250 (184 -1048 -152) (184 -1048 -320) (192 -1048 -320) (192 -1048 -152) 
4 250 267 (184 -1096 -320) (184 -1096 -232) (184 -1048 -232) (184 -1048 -320) 
4 250 264 (184 -1096 -232) (184 -1096 -152) (184 -1048 -152) (184 -1048 -232) 
4 250 252 (184 -1096 -152) (184 -1096 -320) (192 -1096 -320) (192 -1096 -152) 
4 251 267 (184 -1048 -368) (184 -1096 -368) (184 -1096 -328) (184 -1048 -328) 
4 252 267 (184 -1104 -320) (184 -1104 -232) (184 -1096 -232) (184 -1096 -320) 
4 252 264 (184 -1104 -232) (184 -1104 -152) (184 -1096 -152) (184 -1096 -232) 
4 252 253 (184 -1104 -152) (184 -1104 -320) (192 -1104 -320) (192 -1104 -152) 
4 253 267 (184 -1160 -344) (184 -1160 -232) (184 -1104 -232) (184 -1104 -344) 
4 253 264 (184 -1160 -232) (184 -1160 -152) (184 -1104 -152) (184 -1104 -232) 
4 253 255 (184 -1160 -152) (184 -1160 -344) (192 -1160 -344) (192 -1160 -152) 
4 254 267 (184 -1104 -368) (184 -1160 -368) (184 -1160 -352) (184 -1104 -352) 
4 255 267 (184 -1168 -344) (184 -1168 -232) (184 -1160 -232) (184 -1160 -344) 
4 255 264 (184 -1168 -232) (184 -1168 -152) (184 -1160 -152) (184 -1160 -232) 
4 255 256 (184 -1168 -152) (184 -1168 -344) (192 -1168 -344) (192 -1168 -152) 
4 256 267 (184 -1168 -368) (184 -1296 -368) (184 -1296 -232) (184 -1168 -232) 
4 256 265 (184 -1296 -232) (184 -1296 -184) (184 -1288 -184) (184 -1288 -232) 
4 256 264 (184 -1288 -152) (184 -1168 -152) (184 -1168 -232) (184 -1288 -232) 
4 256 259 (184 -1296 -232) (184 -1296 -368) (192 -1296 -368) (192 -1296 -232) 
4 256 257 (184 -1296 -152) (184 -1296 -176) (192 -1296 -176) (192 -1296 -152) 
4 257 266 (184 -1304 -152) (184 -1296 -152) (184 -1296 -176) (184 -1304 -176) 
4 257 258 (184 -1304 -152) (184 -1304 -176) (192 -1304 -176) (192 -1304 -152) 
4 258 266 (184 -1352 -152) (184 -1304 -152) (184 -1304 -224) (184 -1352 -224) 
4 259 267 (184 -1296 -368) (184 -1360 -368) (184 -1360 -232) (184 -1296 -232) 
4 260 286 (184 528 -448) (184 784 -448) (192 784 -448) (192 528 -448) 
4 260 262 (184 784 -448) (184 528 -448) (184 528 -368) (184 784 -368) 
4 261 287 (184 -1016 -448) (184 528 -448) (192 528 -448) (192 -1016 -448) 
4 261 263 (184 528 -448) (184 -1016 -448) (184 -1016 -368) (184 528 -368) 
4 262 320 (176 784 -448) (176 528 -448) (176 528 -152) (176 784 -152) 
4 262 300 (176 528 -448) (176 784 -448) (184 784 -448) (184 528 -448) 
4 263 321 (176 528 -448) (176 -1016 -448) (176 -1016 -152) (176 528 -152) 
4 263 301 (176 -1016 -448) (176 528 -448) (184 528 -448) (184 -1016 -448) 
4 263 267 (184 -1016 -368) (184 -1016 -232) (176 -1016 -232) (176 -1016 -368) 
4 263 264 (184 -1016 -232) (184 -1016 -152) (176 -1016 -152) (176 -1016 -232) 
4 264 332 (176 -1288 -152) (176 -1048 -152) (176 -1048 -232) (176 -1288 -232) 
4 264 321 (176 -1024 -152) (176 -1016 -152) (176 -1016 -232) (176 -1024 -232) 
4 264 267 (176 -1288 -232) (176 -1016 -232) (184 -1016 -232) (184 -1288 -232) 
4 264 265 (176 -1288 -232) (184 -1288 -232) (184 -1288 -184) (176 -1288 -184) 
4 265 332 (176 -1288 -184) (176 -1288 -232) (176 -1296 -232) (176 -1296 -184) 
4 265 267 (176 -1296 -232) (176 -1288 -232) (184 -1288 -232) (184 -1296 -232) 
4 265 266 (176 -1296 -232) (184 -1296 -232) (184 -1296 -184) (176 -1296 -184) 
4 266 332 (176 -1352 -152) (176 -1296 -152) (176 -1296 -232) (176 -1352 -232) 
4 266 267 (176 -1352 -232) (176 -1296 -232) (184 -1296 -232) (184 -1352 -232) 
4 267 332 (176 -1360 -368) (176 -1360 -232) (176 -1048 -232) (176 -1048 -368) 
4 267 321 (176 -1024 -232) (176 -1016 -232) (176 -1016 -368) (176 -1024 -368) 
4 268 284 (200 784 -512) (200 528 -512) (200 528 -448) (200 784 -448) 
4 268 271 (200 528 -512) (200 784 -512) (208 784 -512) (208 528 -512) 
4 269 285 (200 528 -512) (200 -1112 -512) (200 -1112 -448) (200 528 -448) 
4 269 272 (200 -1112 -512) (200 528 -512) (208 528 -512) (208 -1112 -512) 
4 270 285 (200 -1184 -504) (200 -1184 -448) (200 -1120 -448) (200 -1120 -504) 
4 271 284 (200 784 -544) (200 528 -544) (200 528 -512) (200 784 -512) 
4 271 278 (200 528 -544) (200 784 -544) (208 784 -544) (208 528 -544) 
4 272 285 (200 528 -544) (200 -1136 -544) (200 -1136 -512) (200 528 -512) 
4 272 280 (200 -1136 -544) (200 -1016 -544) (208 -1016 -544) (208 -1136 -544) 
4 272 279 (200 -1016 -544) (200 528 -544) (208 528 -544) (208 -1016 -544) 
4 273 285 (200 -1184 -536) (200 -1184 -512) (200 -1144 -512) (200 -1144 -536) 
4 274 285 (200 -1296 -448) (200 -1192 -448) (200 -1192 -488) (200 -1296 -488) 
4 274 276 (200 -1296 -488) (200 -1192 -488) (208 -1192 -488) (208 -1296 -488) 
4 275 285 (200 -1352 -448) (200 -1304 -448) (200 -1304 -480) (200 -1352 -480) 
4 276 285 (200 -1192 -544) (200 -1328 -544) (200 -1328 -488) (200 -1192 -488) 
4 276 280 (200 -1328 -544) (200 -1192 -544) (208 -1192 -544) (208 -1328 -544) 
4 277 285 (200 -1360 -536) (200 -1360 -488) (200 -1336 -488) (200 -1336 -536) 
4 278 298 (200 784 -736) (200 528 -736) (200 528 -656) (200 784 -656) 
4 278 284 (200 528 -656) (200 528 -544) (200 784 -544) (200 784 -656) 
4 278 281 (200 528 -736) (200 784 -736) (208 784 -736) (208 528 -736) 
4 279 299 (200 528 -736) (200 -1016 -736) (200 -1016 -656) (200 528 -656) 
4 279 285 (200 -1016 -656) (200 -1016 -544) (200 528 -544) (200 528 -656) 
4 279 282 (200 -1016 -736) (200 528 -736) (208 528 -736) (208 -1016 -736) 
4 279 280 (208 -1016 -656) (208 -1016 -544) (200 -1016 -544) (200 -1016 -656) 
4 280 285 (200 -1360 -656) (200 -1360 -544) (200 -1016 -544) (200 -1016 -656) 
4 281 344 (200 528 -872) (200 784 -872) (208 784 -872) (208 528 -872) 
4 281 310 (200 784 -872) (200 528 -872) (200 528 -736) (200 784 -736) 
4 282 345 (200 336 -872) (200 528 -872) (208 528 -872) (208 336 -872) 
4 282 311 (200 528 -872) (200 -1024 -872) (200 -1024 -736) (200 528 -736) 
4 283 316 (200 -1352 -872) (200 -1360 -872) (200 -1360 -736) (200 -1352 -736) 
4 283 315 (200 -1304 -872) (200 -1328 -872) (200 -1328 -736) (200 -1304 -736) 
4 283 314 (200 -1120 -872) (200 -1280 -872) (200 -1280 -736) (200 -1120 -736) 
4 283 313 (200 -1072 -872) (200 -1096 -872) (200 -1096 -736) (200 -1072 -736) 
4 283 312 (200 -1040 -872) (200 -1048 -872) (200 -1048 -736) (200 -1040 -736) 
4 284 298 (200 784 -656) (200 528 -656) (192 528 -656) (192 784 -656) 
4 284 292 (192 784 -656) (192 528 -656) (192 528 -632) (192 784 -632) 
4 284 289 (192 528 -632) (192 528 -576) (192 784 -576) (192 784 -632) 
4 284 286 (192 528 -576) (192 528 -448) (192 784 -448) (192 784 -576) 
4 285 299 (200 528 -656) (200 -1016 -656) (192 -1016 -656) (192 528 -656) 
4 285 297 (192 -1344 -656) (192 -1360 -656) (192 -1360 -448) (192 -1344 -448) 
4 285 296 (192 -1344 -568) (192 -1344 -448) (192 -1336 -448) (192 -1336 -568) 
4 285 295 (192 -1280 -656) (192 -1336 -656) (192 -1336 -632) (192 -1280 -632) 
4 285 294 (192 -1240 -656) (192 -1280 -656) (192 -1280 -640) (192 -1240 -640) 
4 285 293 (192 528 -656) (192 -1232 -656) (192 -1232 -632) (192 528 -632) 
4 285 291 (192 -1336 -632) (192 -1336 -576) (192 -1280 -576) (192 -1280 -632) 
4 285 290 (192 -1272 -576) (192 528 -576) (192 528 -632) (192 -1272 -632) 
4 285 288 (192 -1336 -568) (192 -1336 -448) (192 -1216 -448) (192 -1216 -568) 
4 285 287 (192 -1216 -448) (192 528 -448) (192 528 -576) (192 -1216 -576) 
4 286 300 (184 784 -576) (184 528 -576) (184 528 -448) (184 784 -448) 
4 286 289 (184 528 -576) (184 784 -576) (192 784 -576) (192 528 -576) 
4 287 307 (184 -1104 -576) (184 -1216 -576) (184 -1216 -528) (184 -1104 -528) 
4 287 306 (184 -1104 -544) (184 -1104 -528) (184 -1096 -528) (184 -1096 -544) 
4 287 305 (184 -1016 -576) (184 -1096 -576) (184 -1096 -552) (184 -1016 -552) 
4 287 304 (184 -1096 -544) (184 -1096 -528) (184 -1016 -528) (184 -1016 -544) 
4 287 302 (184 -1216 -528) (184 -1216 -448) (184 -1016 -448) (184 -1016 -528) 
4 287 301 (184 528 -576) (184 -1016 -576) (184 -1016 -448) (184 528 -448) 
4 287 290 (184 -1216 -576) (184 528 -576) (192 528 -576) (192 -1216 -576) 
4 287 288 (184 -1216 -448) (184 -1216 -568) (192 -1216 -568) (192 -1216 -448) 
4 288 309 (184 -1336 -568) (184 -1336 -528) (184 -1224 -528) (184 -1224 -568) 
4 288 303 (184 -1336 -520) (184 -1336 -448) (184 -1216 -448) (184 -1216 -520) 
4 288 296 (184 -1336 -448) (184 -1336 -568) (192 -1336 -568) (192 -1336 -448) 
4 289 300 (184 784 -632) (184 528 -632) (184 528 -576) (184 784 -576) 
4 289 292 (184 528 -632) (184 784 -632) (192 784 -632) (192 528 -632) 
4 290 309 (184 -1224 -632) (184 -1272 -632) (184 -1272 -576) (184 -1224 -576) 
4 290 308 (184 -1216 -632) (184 -1224 -632) (184 -1224 -576) (184 -1216 -576) 
4 290 307 (184 -1104 -632) (184 -1216 -632) (184 -1216 -576) (184 -1104 -576) 
4 290 305 (184 -1016 -632) (184 -1096 -632) (184 -1096 -576) (184 -1016 -576) 
4 290 301 (184 528 -632) (184 -1016 -632) (184 -1016 -576) (184 528 -576) 
4 290 293 (184 -1232 -632) (184 528 -632) (192 528 -632) (192 -1232 -632) 
4 291 309 (184 -1280 -632) (184 -1336 -632) (184 -1336 -576) (184 -1280 -576) 
4 291 295 (192 -1336 -632) (184 -1336 -632) (184 -1280 -632) (192 -1280 -632) 
4 292 300 (184 784 -656) (184 528 -656) (184 528 -632) (184 784 -632) 
4 292 298 (184 528 -656) (184 784 -656) (192 784 -656) (192 528 -656) 
4 293 309 (184 -1224 -656) (184 -1232 -656) (184 -1232 -632) (184 -1224 -632) 
4 293 308 (184 -1216 -656) (184 -1224 -656) (184 -1224 -632) (184 -1216 -632) 
4 293 307 (184 -1104 -656) (184 -1216 -656) (184 -1216 -632) (184 -1104 -632) 
4 293 305 (184 -1016 -656) (184 -1096 -656) (184 -1096 -632) (184 -1016 -632) 
4 293 301 (184 528 -656) (184 -1016 -656) (184 -1016 -632) (184 528 -632) 
4 293 299 (184 -1016 -656) (184 528 -656) (192 528 -656) (192 -1016 -656) 
4 294 309 (184 -1240 -656) (184 -1280 -656) (184 -1280 -640) (184 -1240 -640) 
4 294 295 (184 -1280 -656) (192 -1280 -656) (192 -1280 -640) (184 -1280 -640) 
4 295 309 (184 -1280 -656) (184 -1336 -656) (184 -1336 -632) (184 -1280 -632) 
4 296 309 (184 -1344 -568) (184 -1344 -528) (184 -1336 -528) (184 -1336 -568) 
4 296 303 (184 -1344 -520) (184 -1344 -448) (184 -1336 -448) (184 -1336 -520) 
4 296 297 (184 -1344 -448) (184 -1344 -568) (192 -1344 -568) (192 -1344 -448) 
4 297 309 (184 -1344 -656) (184 -1360 -656) (184 -1360 -528) (184 -1344 -528) 
4 297 303 (184 -1360 -520) (184 -1360 -448) (184 -1344 -448) (184 -1344 -520) 
4 298 310 (200 784 -736) (200 528 -736) (184 528 -736) (184 784 -736) 
4 298 300 (184 784 -736) (184 528 -736) (184 528 -656) (184 784 -656) 
4 299 311 (200 528 -736) (200 -1016 -736) (184 -1016 -736) (184 528 -736) 
4 299 301 (184 528 -736) (184 -1016 -736) (184 -1016 -656) (184 528 -656) 
4 300 320 (176 784 -736) (176 528 -736) (176 528 -448) (176 784 -448) 
4 300 310 (176 528 -736) (176 784 -736) (184 784 -736) (184 528 -736) 
4 301 321 (176 528 -736) (176 -1016 -736) (176 -1016 -448) (176 528 -448) 
4 301 311 (176 -1016 -736) (176 528 -736) (184 528 -736) (184 -1016 -736) 
4 301 305 (184 -1016 -656) (184 -1016 -552) (176 -1016 -552) (176 -1016 -656) 
4 301 304 (184 -1016 -544) (184 -1016 -528) (176 -1016 -528) (176 -1016 -544) 
4 301 302 (184 -1016 -528) (184 -1016 -448) (176 -1016 -448) (176 -1016 -528) 
4 302 332 (176 -1216 -448) (176 -1048 -448) (176 -1048 -528) (176 -1216 -528) 
4 302 321 (176 -1024 -448) (176 -1016 -448) (176 -1016 -528) (176 -1024 -528) 
4 302 307 (176 -1216 -528) (176 -1104 -528) (184 -1104 -528) (184 -1216 -528) 
4 302 306 (176 -1104 -528) (176 -1096 -528) (184 -1096 -528) (184 -1104 -528) 
4 302 304 (176 -1096 -528) (176 -1016 -528) (184 -1016 -528) (184 -1096 -528) 
4 302 303 (184 -1216 -520) (184 -1216 -448) (176 -1216 -448) (176 -1216 -520) 
4 303 332 (176 -1360 -520) (176 -1360 -448) (176 -1216 -448) (176 -1216 -520) 
4 304 332 (176 -1096 -528) (176 -1048 -528) (176 -1048 -544) (176 -1096 -544) 
4 304 321 (176 -1024 -528) (176 -1016 -528) (176 -1016 -544) (176 -1024 -544) 
4 304 306 (184 -1096 -544) (184 -1096 -528) (176 -1096 -528) (176 -1096 -544) 
4 305 332 (176 -1048 -656) (176 -1096 -656) (176 -1096 -552) (176 -1048 -552) 
4 305 321 (176 -1016 -552) (176 -1016 -656) (176 -1024 -656) (176 -1024 -552) 
4 306 332 (176 -1104 -528) (176 -1096 -528) (176 -1096 -544) (176 -1104 -544) 
4 306 307 (184 -1104 -544) (184 -1104 -528) (176 -1104 -528) (176 -1104 -544) 
4 307 332 (176 -1216 -528) (176 -1104 -528) (176 -1104 -656) (176 -1216 -656) 
4 307 308 (176 -1216 -656) (184 -1216 -656) (184 -1216 -568) (176 -1216 -568) 
4 308 332 (176 -1216 -568) (176 -1216 -656) (176 -1224 -656) (176 -1224 -568) 
4 308 309 (176 -1224 -656) (184 -1224 -656) (184 -1224 -568) (176 -1224 -568) 
4 309 332 (176 -1360 -656) (176 -1360 -528) (176 -1224 -528) (176 -1224 -656) 
4 310 344 (176 528 -872) (176 784 -872) (200 784 -872) (200 528 -872) 
4 310 320 (176 784 -872) (176 528 -872) (176 528 -736) (176 784 -736) 
4 311 345 (176 336 -872) (176 528 -872) (200 528 -872) (200 336 -872) 
4 311 321 (176 528 -872) (176 -1024 -872) (176 -1024 -736) (176 528 -736) 
4 312 326 (176 -1040 -872) (176 -1048 -872) (176 -1048 -736) (176 -1040 -736) 
4 313 332 (176 -1072 -872) (176 -1096 -872) (176 -1096 -736) (176 -1072 -736) 
4 314 332 (176 -1120 -872) (176 -1280 -872) (176 -1280 -736) (176 -1120 -736) 
4 315 332 (176 -1304 -872) (176 -1328 -872) (176 -1328 -736) (176 -1304 -736) 
4 316 332 (176 -1352 -872) (176 -1360 -872) (176 -1360 -736) (176 -1352 -736) 
4 317 328 (-2304 784 336) (-2304 784 335.2138976801885) (-2304 528 335.2138976801885) (-2304 528 336) 
4 317 318 (176 528 335.2138976801885) (-2304 528 335.2138976801885) (-2304 784 335.2138976801885) (176 784 335.2138976801885) 
4 318 328 (-2304 784 335.2138976801885) (-2304 784 327.21389768018673) (-2304 528 327.21389768018673) (-2304 528 335.2138976801885) 
4 318 320 (-2304 528 327.21389768018673) (-2304 784 327.21389768018673) (176 784 327.21389768018673) (176 528 327.21389768018673) 
4 318 319 (-2304 528 335.2138976801885) (-2304 528 327.21389768018673) (176 528 327.21389768018673) (176 528 335.2138976801885) 
4 319 328 (-2304 528 335.2138976801885) (-2304 528 327.21389768018673) (-2304 -1024 327.21389768018673) (-2304 -1024 335.2138976801885) 
4 319 322 (-2304 -1024 335.2138976801885) (-2304 -1024 327.21389768018673) (176 -1024 327.21389768018673) (176 -1024 335.2138976801885) 
4 320 344 (176 784 -872) (176 528 -872) (-2304 528 -872) (-2304 784 -872) 
4 320 328 (-2304 784 -872) (-2304 528 -872) (-2304 528 327.21389768018673) (-2304 784 327.21389768018673) 
4 321 347 (-1880 -1024 -872) (-2304 -1024 -872) (-2304 336 -872) (-1880 336 -872) 
4 321 345 (176 528 -872) (176 336 -872) (-2304 336 -872) (-2304 528 -872) 
4 321 327 (-2304 -1024 -736) (-2304 -1024 -872) (144 -1024 -872) (144 -1024 -736) 
4 321 325 (-2304 -1024 192) (-2304 -1024 -736) (144 -1024 -736) (144 -1024 192) 
4 321 324 (-2304 -1024 216) (-2304 -1024 192) (144 -1024 192) (144 -1024 216) 
4 321 323 (-2304 -1024 327.21389768018673) (-2304 -1024 216) (176 -1024 216) (176 -1024 327.21389768018673) 
4 322 341 (-2304 -1048 335.2138976801885) (-2304 -1048 327.21389768018673) (136 -1048 327.21389768018673) (136 -1048 335.2138976801885) 
4 322 329 (136 -1048 327.21389768018673) (176 -1048 327.21389768018673) (176 -1048 335.2138976801885) (136 -1048 335.2138976801885) 
4 322 328 (-2304 -1024 335.2138976801885) (-2304 -1024 327.21389768018673) (-2304 -1048 327.21389768018673) (-2304 -1048 335.2138976801885) 
4 323 342 (-2304 -1048 327.21389768018673) (-2304 -1048 216) (136 -1048 216) (136 -1048 327.21389768018673) 
4 323 331 (136 -1048 216) (144 -1048 216) (144 -1048 327.21389768018673) (136 -1048 327.21389768018673) 
4 323 330 (144 -1048 216) (176 -1048 216) (176 -1048 327.21389768018673) (144 -1048 327.21389768018673) 
4 323 324 (144 -1048 216) (-2304 -1048 216) (-2304 -1024 216) (144 -1024 216) 
4 324 342 (-2304 -1048 216) (-2304 -1048 192) (136 -1048 192) (136 -1048 216) 
4 324 331 (136 -1048 192) (144 -1048 192) (144 -1048 216) (136 -1048 216) 
4 324 325 (144 -1048 192) (-2304 -1048 192) (-2304 -1024 192) (144 -1024 192) 
4 325 342 (-2304 -1048 192) (-2304 -1048 -736) (136 -1048 -736) (136 -1048 192) 
4 325 331 (144 -1048 184) (144 -1048 192) (136 -1048 192) (136 -1048 184) 
4 325 327 (144 -1048 -736) (-2304 -1048 -736) (-2304 -1024 -736) (144 -1024 -736) 
4 326 332 (160 -1048 -872) (176 -1048 -872) (176 -1048 -736) (160 -1048 -736) 
4 326 327 (144 -1048 -872) (144 -1048 -736) (144 -1040 -736) (144 -1040 -872) 
4 327 347 (-1880 -1048 -872) (-2304 -1048 -872) (-2304 -1024 -872) (-1880 -1024 -872) 
4 327 342 (-2304 -1048 -736) (-2304 -1048 -872) (136 -1048 -872) (136 -1048 -736) 
4 328 348 (-2304 784 -872) (-2304 -1048 -872) (-2560 -1048 -872) (-2560 784 -872) 
4 328 343 (-2560 -1048 336) (-2560 -1048 -872) (-2304 -1048 -872) (-2304 -1048 336) 
4 329 350 (136 -1360 335.2138976801885) (136 -1360 327.21389768018673) (176 -1360 327.21389768018673) (176 -1360 335.2138976801885) 
4 329 341 (136 -1048 335.2138976801885) (136 -1048 327.21389768018673) (136 -1360 327.21389768018673) (136 -1360 335.2138976801885) 
4 330 351 (176 -1360 192.00000000000003) (176 -1360 327.21389768018673) (144 -1360 327.21389768018673) (144 -1360 192.00000000000003) 
4 330 331 (144 -1360 192.00000000000003) (144 -1360 327.21389768018673) (144 -1048 327.21389768018673) (144 -1048 216) 
4 331 351 (136 -1360 327.21389768018673) (136 -1360 184) (144 -1360 184) (144 -1360 327.21389768018673) 
4 331 342 (136 -1048 327.21389768018673) (136 -1048 184) (136 -1360 184) (136 -1360 327.21389768018673) 
4 331 340 (136 -1360 184) (136 -1352 184) (144 -1352 184) (144 -1360 184) 
4 331 338 (136 -1328 184) (136 -1304 184) (144 -1304 184) (144 -1328 184) 
4 331 336 (136 -1280 184) (136 -1120 184) (144 -1120 184) (144 -1280 184) 
4 331 334 (136 -1096 184) (136 -1072 184) (144 -1072 184) (144 -1096 184) 
4 332 339 (160 -1352 -872) (160 -1360 -872) (160 -1360 144) (160 -1352 144.6153846153846) 
4 332 337 (160 -1304 -872) (160 -1328 -872) (160 -1328 146.46153846153845) (160 -1304 148.30769230769232) 
4 332 335 (160 -1120 -872) (160 -1280 -872) (160 -1280 150.15384615384616) (160 -1120 162.46153846153848) 
4 332 333 (160 -1072 -872) (160 -1096 -872) (160 -1096 164.30769230769232) (160 -1072 166.15384615384616) 
4 333 334 (144 -1096 -872) (144 -1096 164.30769230769238) (144 -1072 166.1538461538461) (144 -1072 -872) 
4 334 342 (136 -1072 -872) (136 -1096 -872) (136 -1096 184) (136 -1072 184) 
4 335 336 (144 -1120 -872) (144 -1280 -872) (144 -1280 150.1538461538462) (144 -1120 162.46153846153845) 
4 336 342 (136 -1120 -872) (136 -1280 -872) (136 -1280 184) (136 -1120 184) 
4 337 338 (144 -1304 -872) (144 -1328 -872) (144 -1328 146.46153846153845) (144 -1304 148.30769230769226) 
4 338 342 (136 -1304 -872) (136 -1328 -872) (136 -1328 184) (136 -1304 184) 
4 339 340 (144 -1352 -872) (144 -1360 -872) (144 -1360 144) (144 -1352 144.6153846153846) 
4 340 351 (136 -1360 184) (136 -1360 176) (144 -1360 176) (144 -1360 184) 
4 340 342 (136 -1352 -872) (136 -1360 -872) (136 -1360 184) (136 -1352 184) 
4 341 350 (-2304 -1360 335.2138976801885) (-2304 -1360 327.21389768018673) (136 -1360 327.21389768018673) (136 -1360 335.2138976801885) 
4 341 343 (-2304 -1048 335.2138976801885) (-2304 -1048 327.21389768018673) (-2304 -1360 327.21389768018673) (-2304 -1360 335.2138976801885) 
4 342 354 (-2304 -1360 176) (-2304 -1360 -872) (-1880 -1360 -872) (-1880 -1360 176) 
4 342 351 (-2304 -1360 327.21389768018673) (-2304 -1360 176) (136 -1360 176) (136 -1360 327.21389768018673) 
4 342 347 (-1880 -1360 -872) (-2304 -1360 -872) (-2304 -1048 -872) (-1880 -1048 -872) 
4 343 356 (-2560 -1360 336) (-2560 -1360 -872) (-2304 -1360 -872) (-2304 -1360 336) 
4 343 348 (-2304 -1360 -872) (-2560 -1360 -872) (-2560 -1048 -872) (-2304 -1048 -872) 
4 344 349 (-2304 528 -1136) (-2304 784 -1136) (208 784 -1136) (208 528 -1136) 
4 344 348 (-2304 784 -1136) (-2304 528 -1136) (-2304 528 -872) (-2304 784 -872) 
4 345 347 (-2304 336 -872) (-2304 336 -1136) (-1880 336 -1136) (-1880 336 -872) 
4 345 346 (-1880 336 -1136) (208 336 -1136) (208 336 -888) (-1880 336 -888) 
4 346 352 (-1880 -1360 -1136) (208 -1360 -1136) (208 -1360 -888) (-1880 -1360 -888) 
4 346 347 (-1880 336 -888) (-1880 336 -1136) (-1880 -1360 -1136) (-1880 -1360 -888) 
4 347 354 (-2304 -1360 -1136) (-1880 -1360 -1136) (-1880 -1360 -872) (-2304 -1360 -872) 
4 348 356 (-2560 -1360 -1136) (-2304 -1360 -1136) (-2304 -1360 -872) (-2560 -1360 -872) 
4 348 349 (-2304 -1360 -1136) (-2376 -1360 -1136) (-2376 784 -1136) (-2304 784 -1136) 
4 349 357 (208 -1360 -1144) (208 -1360 -1136) (-2376 -1360 -1136) (-2376 -1360 -1144) 
4 350 356 (-2304 -1360 335.2138976801885) (-2304 -1360 327.21389768018673) (-2304 -1528 327.21389768018673) (-2304 -1528 335.2138976801885) 
4 350 355 (-2304 -1528 335.2138976801885) (-2304 -1528 327.21389768018673) (208 -1528 327.21389768018673) (208 -1528 335.2138976801885) 
4 351 354 (-1880 -1528 176) (-2304 -1528 176) (-2304 -1360 176) (-1880 -1360 176) 
4 351 353 (208 -1528 176) (-1880 -1528 176) (-1880 -1376 176) (208 -1376 176) 
4 352 354 (-1880 -1360 -1136) (-1880 -1376 -1136) (-1880 -1376 -888) (-1880 -1360 -888) 
4 352 353 (-1880 -1376 -888) (-1880 -1376 -1136) (208 -1376 -1136) (208 -1376 -888) 
4 353 354 (-1880 -1376 -1136) (-1880 -1528 -1136) (-1880 -1528 176) (-1880 -1376 176) 
4 355 357 (-2304 -1784 -1136) (-2304 -1528 -1136) (208 -1528 -1136) (208 -1784 -1136) 
4 355 356 (-2304 -1528 335.2138976801885) (-2304 -1528 -1136) (-2304 -1784 -1136) (-2304 -1784 335.2138976801885) 
4 356 357 (-2376 -1360 -1136) (-2304 -1360 -1136) (-2304 -1784 -1136) (-2376 -1784 -1136) 
