---- light / ericw-tools 2.0.0-alpha10 ----
LoadBSPFile: '10_a.bsp'
BSP is version Quake BSP bsp29
INFO: using built-in palette.
Loading extended texinfo flags from 10_a.texinfo.json...
Loading extended content flags from 10_a.content.json...
10 entities read, 4 are lights.
.lit colored light output requested on command line.
BSPX colored light output requested on command line.
BSPX light directions output requested on command line.

--- Options Summary ---
    "dist" was set to "1.000000" (from map)
    "anglescale" was set to "1.000000" (from map)
    "light" was set to "30.000000" (from map)
    "dirt" was set to "1" (from map)
    "minlight_dirt" was set to "1" (from command line)
    "bounce" was set to "1" (from map)
    "bouncescale" was set to "8.500000" (from map)
    "bouncecolorscale" was set to "1.000000" (from map)
    "sunlight" was set to "200.000000" (from map)
    "sunlight_color" was set to "255 196 192" (from map)
    "sunlight2" was set to "100.000000" (from map)
    "sunlight2_color" was set to "255 196 192" (from map)
    "sunlight3" was set to "0.000000" (from map)
    "sunlight3_color" was set to "255 196 192" (from map)
    "sunlight_dirt" was set to "1.000000" (from map)
    "sunlight2_dirt" was set to "1.000000" (from command line)
    "sunlight_mangle" was set to "0.13302225 -0.7544065 -0.6427876" (from map)
    "sunlight_penumbra" was set to "4.000000" (from map)
    "surflight_radiosity" was set to "1" (from command line)
    "soft" was set to "5" (from command line)
    "extra" was set to "4" (from command line)
    "world_units_per_luxel" was set to "16.000000" (from command line)
    "lightgrid" was set to "1" (from command line)
    "lightgrid_format" was set to "octree" (from command line)

Embree_TraceInit: Embree version: 4.4.0
Embree_TraceInit: 
	144 sky faces
	1760 solid faces
	244 filtered faces
	0 shadow-casting skip faces
SetupLights: 4 initial lights
SetupLights: 4 after surface lights
SetupLights: 4 after jittering
Final count: 4 lights, 129 suns in use.
       48 dirtmap vectors
0 surface light points in use.
map uses color: true
lightmap size (total): 2006648
Lighting Completed.

Writing 10_a.lit
DECOUPLED_LM BSPX lump written
     32 32 32 lightgrid_dist
     77 65 46 grid_size
     24 -1528 -1136 grid_mins
     2480 528 327.2139 grid_maxs
     1 num_styles
octree stored 221436 grid nodes + 8794 occluded = 230230 total, full stored 230230 (octree is 96.18034 percent)
octree nodes size: 9548 bytes (217 * 44)
octree leafs 1356 overhead 32544 bytes
      1089905 bytes LIGHTGRID_OCTREE
0 switchable light styles (32 max)
Writing 10_a.bsp as Quake BSP bsp29
6.891s seconds elapsed
0 empty lightmaps


