PRT2
504
501
1233
4 0 12 (488 1088 2096) (488 1024 2096) (488 1024 2112) (488 1088 2112) 
4 0 2 (488 1024 2096) (1328 1024 2096) (1328 1024 2112) (488 1024 2112) 
4 1 4 (1328 896 2096) (1408 896 2096) (1408 896 2112) (1328 896 2112) 
4 1 3 (1408 896 2096) (1328 896 2096) (1328 1024 2096) (1408 1024 2096) 
4 1 2 (1328 1024 2112) (1328 1024 2096) (1328 896 2096) (1328 896 2112) 
4 2 13 (488 1024 2096) (488 896 2096) (488 896 2112) (488 1024 2112) 
4 2 8 (488 896 2112) (488 896 2096) (1280 896 2096) (1280 896 2112) 
4 2 6 (1280 896 2096) (1328 896 2096) (1328 896 2112) (1280 896 2112) 
4 2 3 (1328 896 2096) (488 896 2096) (488 1024 2096) (1328 1024 2096) 
4 3 23 (1408 896 -16) (488 896 -16) (488 1024 -16) (1408 1024 -16) 
4 3 14 (488 1024 -16) (488 896 -16) (488 896 2096) (488 1024 2096) 
4 3 7 (1280 896 -16) (1408 896 -16) (1408 896 2096) (1280 896 2096) 
4 4 149 (1328 -536 2176) (1328 -536 2096) (1408 -536 2096) (1408 -536 2176) 
4 4 7 (1408 -536 2096) (1328 -536 2096) (1328 896 2096) (1408 896 2096) 
4 4 6 (1328 896 2112) (1328 896 2096) (1328 -536 2096) (1328 -536 2112) 
4 4 5 (1328 896 2176) (1328 896 2112) (1328 -536 2112) (1328 -536 2176) 
4 5 150 (1280 -536 2176) (1280 -536 2112) (1328 -536 2112) (1328 -536 2176) 
4 5 6 (1280 -536 2112) (1280 896 2112) (1328 896 2112) (1328 -536 2112) 
4 6 151 (1280 -536 2112) (1280 -536 2096) (1328 -536 2096) (1328 -536 2112) 
4 6 8 (1280 896 2112) (1280 896 2096) (1280 -536 2096) (1280 -536 2112) 
4 6 7 (1328 -536 2096) (1280 -536 2096) (1280 896 2096) (1328 896 2096) 
4 7 156 (1280 -536 312) (1280 -536 -16) (1408 -536 -16) (1408 -536 312) 
4 7 152 (1280 -536 2096) (1280 -536 312) (1408 -536 312) (1408 -536 2096) 
4 7 25 (1408 -536 -16) (1280 -536 -16) (1280 896 -16) (1408 896 -16) 
4 8 153 (488 -536 2112) (488 -536 2096) (1280 -536 2096) (1280 -536 2112) 
4 8 21 (488 -512 2096) (488 -536 2096) (488 -536 2112) (488 -512 2112) 
4 8 19 (488 360 2096) (488 -512 2096) (488 -512 2112) (488 360 2112) 
4 8 15 (488 896 2112) (488 896 2096) (488 360 2096) (488 360 2112) 
3 9 174 (504 -536 -16) (647.9999999999999 -536 -16) (504 -536 56.00000000000023) 
5 9 157 (647.9999999999999 -536 -16) (1280 -536 -16) (1280 -536 312) (504 -536 312) (504 -536 56.00000000000023) 
4 9 154 (1280 -536 312) (1280 -536 2096) (504 -536 2096) (504 -536 312) 
4 9 29 (1280 -536 -16) (504 -536 -16) (504 896 -16) (1280 896 -16) 
4 9 11 (504 -536 2096) (504 -512 2096) (504 -512 312) (504 -536 312) 
4 9 10 (504 -512 2096) (504 896 2096) (504 896 -16) (504 -512 -16) 
4 10 29 (488 -512 -16) (488 896 -16) (504 896 -16) (504 -512 -16) 
4 10 20 (488 -512 248) (488 -512 2096) (488 360 2096) (488 360 248) 
4 10 16 (488 896 2096) (488 896 -16) (488 360 -16) (488 360 2096) 
4 10 11 (504 -512 312) (504 -512 2096) (488 -512 2096) (488 -512 312) 
4 11 155 (488 -536 2096) (488 -536 352) (504 -536 352) (504 -536 2096) 
4 11 22 (488 -536 504) (488 -536 2096) (488 -512 2096) (488 -512 504) 
4 12 31 (104 1088 2096) (104 1024 2096) (104 1024 2112) (104 1088 2112) 
4 12 13 (104 1024 2096) (488 1024 2096) (488 1024 2112) (104 1024 2112) 
4 13 32 (104 1024 2096) (104 896 2096) (104 896 2112) (104 1024 2112) 
4 13 15 (104 896 2112) (104 896 2096) (488 896 2096) (488 896 2112) 
4 13 14 (488 896 2096) (104 896 2096) (104 1024 2096) (488 1024 2096) 
4 14 116 (104 1024 -16) (104 896 -16) (104 896 208) (104 1024 208) 
4 14 33 (104 896 208) (104 896 2096) (104 1024 2096) (104 1024 208) 
4 14 23 (104 896 -16) (104 1024 -16) (488 1024 -16) (488 896 -16) 
4 15 34 (104 896 2112) (104 896 2096) (104 360 2096) (104 360 2112) 
4 15 19 (104 360 2112) (104 360 2096) (488 360 2096) (488 360 2112) 
4 16 29 (120 896 -16) (488 896 -16) (488 360 -16) (120 360 -16) 
4 16 20 (488 360 248) (488 360 2096) (120 360 2096) (120 360 248) 
4 16 18 (120 360 248) (120 360 2096) (120 384 2096) (120 384 248) 
4 16 17 (120 384 2096) (120 896 2096) (120 896 -16) (120 384 -16) 
4 17 117 (104 896 208) (104 896 -16) (104 384 -16) (104 384 208) 
4 17 35 (104 896 2096) (104 896 208) (104 384 208) (104 384 2096) 
4 17 29 (104 384 -16) (104 896 -16) (120 896 -16) (120 384 -16) 
4 17 18 (120 384 248) (120 384 2096) (104 384 2096) (104 384 248) 
4 18 36 (104 360 248) (104 360 2096) (104 384 2096) (104 384 248) 
4 18 20 (104 360 2096) (104 360 248) (120 360 248) (120 360 2096) 
4 19 37 (104 360 2112) (104 360 2096) (104 -512 2096) (104 -512 2112) 
4 19 21 (104 -512 2112) (104 -512 2096) (488 -512 2096) (488 -512 2112) 
4 20 38 (104 360 2096) (104 360 504) (104 -512 504) (104 -512 2096) 
4 20 22 (104 -512 2096) (104 -512 504) (488 -512 504) (488 -512 2096) 
4 21 216 (104 -536 2112) (104 -536 2096) (232 -536 2096) (232 -536 2112) 
4 21 164 (232 -536 2096) (360 -536 2096) (360 -536 2112) (232 -536 2112) 
4 21 153 (360 -536 2096) (488 -536 2096) (488 -536 2112) (360 -536 2112) 
4 21 37 (104 -512 2112) (104 -512 2096) (104 -536 2096) (104 -536 2112) 
4 22 217 (104 -536 2096) (104 -536 504) (232 -536 504) (232 -536 2096) 
4 22 165 (232 -536 504) (360 -536 504) (360 -536 2096) (232 -536 2096) 
4 22 155 (360 -536 504) (488 -536 504) (488 -536 2096) (360 -536 2096) 
4 22 38 (104 -512 2096) (104 -512 504) (104 -536 504) (104 -536 2096) 
4 23 116 (104 1024 -192) (104 896 -192) (104 896 -16) (104 1024 -16) 
4 23 25 (1408 896 -16) (1280 896 -16) (1280 896 -192) (1408 896 -192) 
4 23 24 (1328 896 -192) (104 896 -192) (104 1024 -192) (1328 1024 -192) 
4 24 119 (104 896 -208) (104 896 -192) (104 1088 -192) (104 1088 -208) 
4 24 30 (1280 896 -192) (104 896 -192) (104 896 -208) (1280 896 -208) 
4 24 27 (1328 896 -208) (1328 896 -192) (1280 896 -192) (1280 896 -208) 
4 25 271 (1408 -536 -16) (1280 -536 -16) (1280 -536 -192) (1408 -536 -192) 
4 25 27 (1328 -536 -192) (1280 -536 -192) (1280 896 -192) (1328 896 -192) 
4 25 26 (1408 -536 -192) (1328 -536 -192) (1328 896 -192) (1408 896 -192) 
4 26 272 (1408 -536 -256) (1408 -536 -192) (1328 -536 -192) (1328 -536 -256) 
4 26 28 (1328 -536 -256) (1328 -536 -208) (1328 896 -208) (1328 896 -256) 
4 26 27 (1328 -536 -208) (1328 -536 -192) (1328 896 -192) (1328 896 -208) 
4 27 273 (1328 -536 -208) (1328 -536 -192) (1280 -536 -192) (1280 -536 -208) 
4 27 30 (1280 896 -192) (1280 896 -208) (1280 -536 -208) (1280 -536 -192) 
4 27 28 (1280 -536 -208) (1280 896 -208) (1328 896 -208) (1328 -536 -208) 
4 28 274 (1328 -536 -256) (1328 -536 -208) (1280 -536 -208) (1280 -536 -256) 
4 29 275 (104 -536 -16) (104 -536 -192) (1280 -536 -192) (1280 -536 -16) 
4 29 141 (104 -536 -192) (104 -536 -16) (104 -152 -16) (104 -152 -192) 
4 29 139 (104 -152 -16) (104 -112 -16) (104 -112 -192) (104 -152 -192) 
4 29 137 (104 -112 -16) (104 -72 -16) (104 -72 -192) (104 -112 -192) 
4 29 136 (104 -72 -16) (104 8 -16) (104 8 -192) (104 -72 -192) 
4 29 129 (104 8 -16) (104 48 -16) (104 48 -192) (104 8 -192) 
4 29 127 (104 48 -16) (104 88 -16) (104 88 -192) (104 48 -192) 
4 29 125 (104 88 -16) (104 128 -16) (104 128 -192) (104 88 -192) 
4 29 123 (104 128 -16) (104 168 -16) (104 168 -192) (104 128 -192) 
4 29 121 (104 168 -16) (104 360 -16) (104 360 -192) (104 168 -192) 
4 29 118 (104 360 -16) (104 384 -16) (104 384 -192) (104 360 -192) 
4 29 117 (104 384 -16) (104 896 -16) (104 896 -192) (104 384 -192) 
4 30 276 (104 -536 -192) (104 -536 -208) (1280 -536 -208) (1280 -536 -192) 
4 30 142 (104 -536 -208) (104 -536 -192) (104 -152 -192) (104 -152 -208) 
4 30 140 (104 -152 -192) (104 -112 -192) (104 -112 -208) (104 -152 -208) 
4 30 138 (104 -112 -192) (104 8 -192) (104 8 -208) (104 -112 -208) 
4 30 130 (104 8 -192) (104 360 -192) (104 360 -208) (104 8 -208) 
4 30 119 (104 360 -192) (104 896 -192) (104 896 -208) (104 360 -208) 
4 31 39 (80 1088 2096) (80 1024 2096) (80 1024 2112) (80 1088 2112) 
4 31 32 (80 1024 2096) (104 1024 2096) (104 1024 2112) (80 1024 2112) 
4 32 40 (80 1024 2096) (80 896 2096) (80 896 2112) (80 1024 2112) 
4 32 34 (80 896 2112) (80 896 2096) (104 896 2096) (104 896 2112) 
4 32 33 (104 896 2096) (80 896 2096) (80 1024 2096) (104 1024 2096) 
4 33 116 (104 1024 208) (104 896 208) (80 896 208) (80 1024 208) 
4 33 70 (80 1024 208) (80 896 208) (80 896 328) (80 1024 328) 
4 33 41 (80 896 328) (80 896 2096) (80 1024 2096) (80 1024 328) 
4 34 42 (80 896 2112) (80 896 2096) (80 360 2096) (80 360 2112) 
4 34 37 (80 360 2112) (80 360 2096) (104 360 2096) (104 360 2112) 
4 35 117 (104 896 208) (104 384 208) (80 384 208) (80 896 208) 
4 35 71 (80 896 328) (80 896 208) (80 384 208) (80 384 328) 
4 35 43 (80 896 2096) (80 896 328) (80 384 328) (80 384 2096) 
4 35 36 (104 384 2096) (80 384 2096) (80 384 248) (104 384 248) 
4 36 72 (80 360 248) (80 360 328) (80 384 328) (80 384 248) 
4 36 43 (80 360 328) (80 360 2096) (80 384 2096) (80 384 328) 
4 36 38 (80 360 2096) (80 360 504) (104 360 504) (104 360 2096) 
4 37 216 (80 -536 2112) (80 -536 2096) (104 -536 2096) (104 -536 2112) 
4 37 94 (80 -376 2096) (80 -536 2096) (80 -536 2112) (80 -376 2112) 
4 37 64 (80 -368 2096) (80 -376 2096) (80 -376 2112) (80 -368 2112) 
4 37 60 (80 -336 2096) (80 -368 2096) (80 -368 2112) (80 -336 2112) 
4 37 56 (80 -272 2096) (80 -336 2096) (80 -336 2112) (80 -272 2112) 
4 37 48 (80 48 2096) (80 -272 2096) (80 -272 2112) (80 48 2112) 
4 37 46 (80 152 2096) (80 48 2096) (80 48 2112) (80 152 2112) 
4 37 42 (80 360 2112) (80 360 2096) (80 152 2096) (80 152 2112) 
4 38 217 (80 -536 2096) (80 -536 504) (104 -536 504) (104 -536 2096) 
4 38 95 (80 -376 504) (80 -536 504) (80 -536 2096) (80 -376 2096) 
4 38 65 (80 -368 504) (80 -376 504) (80 -376 2096) (80 -368 2096) 
4 38 61 (80 -336 504) (80 -368 504) (80 -368 2096) (80 -336 2096) 
4 38 59 (80 -320 504) (80 -336 504) (80 -336 2096) (80 -320 2096) 
4 38 57 (80 -272 504) (80 -320 504) (80 -320 2096) (80 -272 2096) 
4 38 49 (80 48 504) (80 -272 504) (80 -272 2096) (80 48 2096) 
4 38 47 (80 152 504) (80 48 504) (80 48 2096) (80 152 2096) 
4 38 45 (80 336 504) (80 152 504) (80 152 2096) (80 336 2096) 
4 38 44 (80 360 2096) (80 360 504) (80 336 504) (80 336 2096) 
4 39 279 (-96 1088 2096) (-96 1024 2096) (-96 1024 2112) (-96 1088 2112) 
4 39 40 (-96 1024 2096) (80 1024 2096) (80 1024 2112) (-96 1024 2112) 
4 40 280 (-96 1024 2096) (-96 896 2096) (-96 896 2112) (-96 1024 2112) 
4 40 42 (-96 896 2112) (-96 896 2096) (80 896 2096) (80 896 2112) 
4 40 41 (80 896 2096) (-96 896 2096) (-96 1024 2096) (80 1024 2096) 
4 41 282 (-96 1024 328) (-96 896 328) (-96 896 2096) (-96 1024 2096) 
4 41 70 (-96 896 328) (-96 1024 328) (80 1024 328) (80 896 328) 
4 42 291 (-96 336 2096) (-96 152 2096) (-96 152 2112) (-96 336 2112) 
4 42 283 (-96 896 2112) (-96 896 2096) (-96 336 2096) (-96 336 2112) 
4 42 46 (-96 152 2112) (-96 152 2096) (80 152 2096) (80 152 2112) 
4 43 284 (-96 896 2096) (-96 896 328) (-96 360 328) (-96 360 2096) 
4 43 73 (-96 360 328) (-96 896 328) (-64 896 328) (-64 360 328) 
4 43 72 (80 384 328) (80 360 328) (-64 360 328) (-64 384 328) 
4 43 71 (-64 896 328) (80 896 328) (80 384 328) (-64 384 328) 
4 43 44 (80 360 504) (80 360 2096) (-96 360 2096) (-96 360 504) 
4 44 285 (-96 336 504) (-96 336 2096) (-96 360 2096) (-96 360 504) 
4 44 45 (80 336 504) (80 336 2096) (-96 336 2096) (-96 336 504) 
4 45 292 (-96 336 328) (-96 152 328) (-96 152 2096) (-96 336 2096) 
4 45 76 (-96 152 328) (-96 280 328) (-16 280 328) (-16 152 328) 
4 45 75 (-16 280 328) (80 280 328) (80 152 328) (-16 152 328) 
4 45 74 (-96 280 328) (-96 336 328) (80 336 328) (80 280 328) 
4 45 47 (-96 152 2096) (-96 152 496) (80 152 496) (80 152 2096) 
4 46 313 (-96 152 2112) (-96 152 2096) (-96 48 2096) (-96 48 2112) 
4 46 48 (-96 48 2112) (-96 48 2096) (80 48 2096) (80 48 2112) 
4 47 314 (-96 152 2096) (-96 152 496) (-96 48 496) (-96 48 2096) 
4 47 49 (-96 48 2096) (-96 48 496) (80 48 496) (80 48 2096) 
4 48 313 (-96 48 2112) (-96 48 2096) (-96 -272 2096) (-96 -272 2112) 
4 48 66 (-96 -272 2112) (-96 -272 2096) (-72 -272 2096) (-72 -272 2112) 
4 48 56 (-72 -272 2096) (80 -272 2096) (80 -272 2112) (-72 -272 2112) 
4 49 315 (-96 48 496) (-96 48 337.600000000004) (-96 -272 337.60000000000406) (-96 -272 496) 
4 49 314 (-96 48 2096) (-96 48 496) (-96 -272 496) (-96 -272 2096) 
5 49 67 (-96 -272 2096) (-96 -272 337.600000000004) (-79.9999999999633 -272 352.00000000003666) (-72 -272 359.99999999999994) (-72 -272 2096) 
4 49 57 (-72 -272 359.20000000000346) (80 -272 496.00000000000006) (80 -272 2096) (-72 -272 2096) 
4 49 54 (80 -272 496.0000000000009) (-96 -272 337.6000000000049) (-96 -256 337.6000000000049) (80 -256 496.0000000000009) 
4 49 53 (-96 -208 337.6000000000049) (-96 -192 337.6000000000049) (80 -192 496.0000000000009) (80 -208 496.0000000000009) 
4 49 52 (-96 -144 337.6000000000049) (-96 -128 337.6000000000049) (80 -128 496.0000000000009) (80 -144 496.0000000000009) 
4 49 51 (-96 -80 337.6000000000049) (-96 -64 337.6000000000049) (80 -64 496.0000000000009) (80 -80 496.0000000000009) 
4 49 50 (-96 -16 337.6000000000049) (-96 -0 337.6000000000049) (80 -0 496.0000000000009) (80 -16 496.0000000000009) 
4 50 315 (-96 -0 328) (-96 -16 328) (-96 -16 337.600000000004) (-96 -0 337.600000000004) 
4 50 55 (-48.00000000000037 -16 328) (-48.000000000000504 -0 328) (80 -0 437.7142857142866) (80 -16 437.71428571428646) 
4 51 315 (-96 -64 328) (-96 -80 328) (-96 -80 337.60000000000406) (-96 -64 337.60000000000406) 
4 51 55 (-47.99999999999982 -80 328) (-47.99999999999996 -64 328) (80 -64 437.71428571428606) (80 -80 437.71428571428595) 
4 52 315 (-96 -128 328) (-96 -144 328) (-96 -144 337.60000000000406) (-96 -128 337.60000000000406) 
4 52 55 (-47.999999999999275 -144 328) (-47.99999999999941 -128 328) (80 -128 437.71428571428555) (80 -144 437.71428571428544) 
4 53 315 (-96 -192 328) (-96 -208 328) (-96 -208 337.60000000000406) (-96 -192 337.60000000000406) 
4 53 55 (-47.99999999999873 -208 328) (-47.99999999999886 -192 328) (80 -192 437.71428571428504) (80 -208 437.7142857142849) 
4 54 315 (-96 -256 328) (-96 -272 328) (-96 -272 337.60000000000406) (-96 -256 337.60000000000406) 
3 54 67 (-96 -272 337.600000000004) (-96 -272 336) (-79.9999999999633 -272 352.00000000003666) 
4 54 55 (80 -272 437.7142857142844) (-47.99999999999818 -272 328) (-47.999999999998316 -256 328) (80 -256 437.71428571428453) 
4 55 83 (-48.0000000000014 48 328) (80 48 328) (80 -272 328) (-47.99999999999784 -272 328) 
3 55 58 (-47.99999999999785 -272 328) (80 -272 328) (80 -272 437.7142857142844) 
4 56 68 (-72 -288 2096) (-72 -336 2096) (-72 -336 2112) (-72 -288 2112) 
4 56 66 (-72 -272 2112) (-72 -272 2096) (-72 -288 2096) (-72 -288 2112) 
4 56 60 (-72 -336 2112) (-72 -336 2096) (80 -336 2096) (80 -336 2112) 
4 57 69 (-72 -320 480) (-72 -320 2096) (-72 -288 2096) (-72 -288 480) 
4 57 67 (-72 -272 2096) (-72 -272 360) (-72 -288 359.99999999999994) (-72 -288 2096) 
4 57 59 (80 -320 2096) (-72 -320 2096) (-72 -320 359.20000000000346) (80 -320 496) 
4 58 83 (-47.99999999999787 -272 328) (80 -272 328) (80 -320 328) (-47.99999999999734 -320 328) 
3 58 59 (-47.99999999999734 -320 328) (80 -320 328) (80 -320 437.71428571428396) 
4 59 83 (-48 -320 328) (80 -320 328) (80 -336 328) (-48 -336 328) 
4 59 69 (-72 -336 480) (-72 -336 2096) (-72 -320 2096) (-72 -320 480) 
4 59 63 (-72 -336 376) (-72 -336 368) (80 -336 368) (80 -336 376) 
4 59 62 (-72 -336 432) (-72 -336 424) (80 -336 424) (80 -336 432) 
4 59 61 (-72 -336 2096) (-72 -336 480) (80 -336 480) (80 -336 2096) 
4 60 68 (-72 -336 2112) (-72 -336 2096) (-72 -368 2096) (-72 -368 2112) 
4 60 64 (-72 -368 2112) (-72 -368 2096) (80 -368 2096) (80 -368 2112) 
4 61 69 (-72 -336 2096) (-72 -336 480) (-72 -368 480) (-72 -368 2096) 
4 61 65 (-72 -368 2096) (-72 -368 480) (80 -368 480) (80 -368 2096) 
4 62 65 (-72 -368 432) (-72 -368 424) (80 -368 424) (80 -368 432) 
4 63 65 (-72 -368 376) (-72 -368 368) (80 -368 368) (80 -368 376) 
4 64 94 (-72 -376 2112) (-72 -376 2096) (80 -376 2096) (80 -376 2112) 
4 64 68 (-72 -368 2112) (-72 -368 2096) (-72 -376 2096) (-72 -376 2112) 
3 65 101 (-24.000000000000057 -376 464) (-56 -376 464) (-56 -376 432.00000000000006) 
5 65 97 (-56 -376 328) (80 -376 328) (80 -376 464) (-16.00000000000007 -376 464) (-56 -376 424.00000000000006) 
4 65 95 (-72 -376 2096) (-72 -376 480) (80 -376 480) (80 -376 2096) 
4 65 83 (80 -376 328) (-48 -376 328) (-48 -368 328) (80 -368 328) 
4 65 69 (-72 -368 2096) (-72 -368 480) (-72 -376 480) (-72 -376 2096) 
4 66 313 (-96 -272 2112) (-96 -272 2096) (-96 -288 2096) (-96 -288 2112) 
4 66 68 (-96 -288 2112) (-96 -288 2096) (-72 -288 2096) (-72 -288 2112) 
4 67 315 (-96 -272 496) (-96 -272 336) (-96 -288 336) (-96 -288 496) 
4 67 314 (-96 -272 2096) (-96 -272 496) (-96 -288 496) (-96 -288 2096) 
4 67 69 (-96 -288 2096) (-96 -288 480) (-72 -288 480) (-72 -288 2096) 
4 68 389 (-96 -320 2096) (-96 -376 2096) (-96 -376 2112) (-96 -320 2112) 
4 68 350 (-96 -288 2112) (-96 -288 2096) (-96 -320 2096) (-96 -320 2112) 
4 68 94 (-96 -376 2112) (-96 -376 2096) (-72 -376 2096) (-72 -376 2112) 
4 69 390 (-96 -320 480) (-96 -376 480) (-96 -376 2096) (-96 -320 2096) 
4 69 351 (-96 -288 2096) (-96 -288 480) (-96 -320 480) (-96 -320 2096) 
4 69 95 (-96 -376 2096) (-96 -376 480) (-72 -376 480) (-72 -376 2096) 
4 70 340 (-96 1024 208) (-96 896 208) (-96 896 224) (-96 1024 224) 
4 70 282 (-96 896 224) (-96 896 328) (-96 1024 328) (-96 1024 224) 
4 70 143 (-48 896 208) (-96 896 208) (-96 1024 208) (-48 1024 208) 
4 70 116 (80 1024 208) (80 896 208) (-48 896 208) (-48 1024 208) 
4 71 144 (-48 384 208) (-64 384 208) (-64 896 208) (-48 896 208) 
4 71 117 (80 896 208) (80 384 208) (-48 384 208) (-48 896 208) 
4 71 73 (-64 896 328) (-64 896 208) (-64 384 208) (-64 384 328) 
4 71 72 (-64 384 328) (-64 384 248) (80 384 248) (80 384 328) 
4 72 73 (-64 360 248) (-64 360 328) (-64 384 328) (-64 384 248) 
4 73 342 (-96 896 208) (-96 360 208) (-96 360 224) (-96 896 224) 
4 73 284 (-96 360 224) (-96 360 328) (-96 896 328) (-96 896 224) 
4 73 146 (-64 360 208) (-96 360 208) (-96 896 208) (-64 896 208) 
4 74 296 (-96 336 272) (-96 336 224) (-96 280 224) (-96 280 272) 
4 74 292 (-96 280 328) (-96 336 328) (-96 336 272) (-96 280 272) 
4 74 78 (-96 280 224) (-64 280 224) (-64 280 272) (-96 280 272) 
4 74 76 (-16 280 272) (-16 280 328) (-96 280 328) (-96 280 272) 
4 74 75 (-16 280 224) (80 280 224) (80 280 328) (-16 280 328) 
4 75 82 (-16 152 224) (80 152 224) (80 152 320) (-16 152 320) 
4 75 81 (-16 168 224) (-16 152 224) (-16 152 272) (-16 168 272) 
4 75 77 (-16 240 224) (-16 168 224) (-16 168 272) (-16 240 272) 
4 75 76 (-16 280 328) (-16 280 272) (-16 152 272) (-16 152 328) 
4 76 292 (-96 152 328) (-96 280 328) (-96 280 272) (-96 152 272) 
4 76 82 (-16 152 272) (-16 152 320) (-48 152 320) (-48 152 272) 
4 76 81 (-16 168 272) (-16 152 272) (-96 152 272) (-96 168 272) 
4 76 80 (-56 240 272) (-56 168 272) (-96 168 272) (-96 240 272) 
4 76 79 (-64 240 272) (-96 240 272) (-96 264 272) (-64 264 272) 
4 76 78 (-96 280 272) (-64 280 272) (-64 264 272) (-96 264 272) 
4 76 77 (-16 240 272) (-16 168 272) (-56 168 272) (-56 240 272) 
4 77 81 (-56 168 224) (-16 168 224) (-16 168 272) (-56 168 272) 
4 77 80 (-56 168 248) (-56 168 272) (-56 240 272) (-56 240 248) 
4 78 296 (-96 280 272) (-96 280 224) (-96 264 224) (-96 264 272) 
4 78 79 (-64 264 248) (-64 264 272) (-96 264 272) (-96 264 248) 
4 79 297 (-96 240 248) (-96 240 272) (-96 264 272) (-96 264 248) 
4 79 80 (-64 240 248) (-64 240 272) (-96 240 272) (-96 240 248) 
4 80 297 (-96 168 248) (-96 168 272) (-96 240 272) (-96 240 248) 
4 80 81 (-56 168 248) (-56 168 272) (-96 168 272) (-96 168 248) 
4 81 298 (-96 168 224) (-96 152 224) (-96 152 272) (-96 168 272) 
4 81 82 (-48 152 224) (-16 152 224) (-16 152 272) (-48 152 272) 
4 82 83 (80 48 224) (80 48 320) (-48 48 320) (-48 48 224) 
4 83 114 (80 -376 224) (80 -376 248) (-48 -376 248) (-48 -376 224) 
4 83 97 (80 -376 248) (80 -376 328) (-48 -376 328) (-48 -376 248) 
4 83 91 (-48 48 256) (-48 48 248) (-48 -376 248) (-48 -376 256) 
4 83 86 (-48 48 296) (-48 48 256) (-48 -376 256) (-48 -376 296) 
4 83 84 (-48 48 304) (-48 48 296) (-48 -376 296) (-48 -376 304) 
4 84 97 (-48 -376 296) (-48 -376 304) (-56 -376 304) (-56 -376 296) 
4 84 86 (-64 48 296) (-48 48 296) (-48 -376 296) (-64 -376 296) 
4 84 85 (-64 48 296) (-64 8 296) (-64 8 304) (-64 48 304) 
4 85 93 (-72 48 304) (-72 48 296) (-72 8 296) (-72 8 304) 
4 85 87 (-72 8 296) (-72 48 296) (-64 48 296) (-64 8 296) 
4 86 97 (-48 -376 256) (-48 -376 296) (-56 -376 296) (-56 -376 256) 
4 86 91 (-64 48 256) (-48 48 256) (-48 -376 256) (-64 -376 256) 
4 86 90 (-64 -352 256) (-64 -376 256) (-64 -376 296) (-64 -352 296) 
4 86 89 (-64 -16 256) (-64 -344 256) (-64 -344 296) (-64 -16 296) 
4 86 88 (-64 -0 256) (-64 -8 256) (-64 -8 296) (-64 -0 296) 
4 86 87 (-64 48 256) (-64 8 256) (-64 8 296) (-64 48 296) 
4 87 93 (-72 48 296) (-72 48 256) (-72 8 256) (-72 8 296) 
4 87 92 (-72 8 256) (-72 48 256) (-64 48 256) (-64 8 256) 
4 88 93 (-72 -0 256) (-72 -8 256) (-72 -8 296) (-72 -0 296) 
4 89 93 (-72 -16 256) (-72 -288 256) (-72 -288 296) (-72 -16 296) 
4 91 97 (-56 -376 248) (-48 -376 248) (-48 -376 256) (-56 -376 256) 
4 91 92 (-64 48 248) (-64 8 248) (-64 8 256) (-64 48 256) 
4 92 93 (-72 48 256) (-72 48 248) (-72 8 248) (-72 8 256) 
4 93 315 (-96 48 304) (-96 48 248) (-96 -288 248) (-96 -288 304) 
4 94 389 (-96 -376 2112) (-96 -376 2096) (-96 -536 2096) (-96 -536 2112) 
4 94 253 (-96 -536 2112) (-96 -536 2096) (-72 -536 2096) (-72 -536 2112) 
4 94 249 (-72 -536 2096) (-48 -536 2096) (-48 -536 2112) (-72 -536 2112) 
4 94 216 (-48 -536 2096) (80 -536 2096) (80 -536 2112) (-48 -536 2112) 
4 95 390 (-96 -376 2096) (-96 -376 480) (-96 -536 480) (-96 -536 2096) 
4 95 254 (-96 -536 2096) (-96 -536 480) (-72 -536 480) (-72 -536 2096) 
4 95 250 (-72 -536 480) (-48 -536 480) (-48 -536 2096) (-72 -536 2096) 
4 95 217 (-48 -536 480) (80 -536 480) (80 -536 2096) (-48 -536 2096) 
4 95 96 (80 -480 480) (80 -536 480) (-72 -536 480) (-72 -480 480) 
4 96 250 (-72 -536 464) (-48 -536 464) (-48 -536 480) (-72 -536 480) 
4 96 217 (-48 -536 464) (80 -536 464) (80 -536 480) (-48 -536 480) 
4 96 104 (80 -528 464) (80 -536 464) (-72 -536 464) (-72 -528 464) 
4 96 103 (80 -480 464) (80 -528 464) (-72 -528 464) (-72 -480 464) 
4 97 114 (-48 -376 248) (80 -376 248) (80 -480 248) (-48 -480 248) 
4 97 113 (-56 -480 248) (80 -480 248) (80 -480 256) (-56 -480 256) 
4 97 111 (80 -480 256) (80 -480 304) (-56 -480 304) (-56 -480 256) 
4 97 110 (80 -480 304) (80 -480 312) (-56 -480 312) (-56 -480 304) 
4 97 109 (80 -480 312) (80 -480 320) (-56 -480 320) (-56 -480 312) 
4 97 105 (80 -480 320) (80 -480 344) (-56 -480 344) (-56 -480 320) 
5 97 103 (80 -480 344) (80 -480 464) (-16.00000000000007 -480 464) (-56 -480 424.00000000000006) (-56 -480 344) 
4 97 102 (-56 -416 248) (-56 -440 248) (-56 -440 424.00000000000006) (-56 -416 424.00000000000006) 
4 97 100 (-56 -448 424) (-56 -472 424) (-15.999999999999979 -472 464) (-15.999999999999979 -448 464) 
4 97 99 (-56 -416 424) (-56 -440 424) (-15.999999999999979 -440 464) (-15.999999999999979 -416 464) 
4 97 98 (-56 -384 424) (-56 -408 424) (-15.999999999999979 -408 464) (-15.999999999999979 -384 464) 
4 98 101 (-56 -384 432) (-56 -408 432) (-23.999999999999986 -408 464) (-23.999999999999986 -384 464) 
4 99 102 (-56 -440 432.00000000000006) (-56 -416 432.00000000000006) (-56 -416 424.0000000000001) (-56 -440 424.0000000000001) 
4 99 101 (-56 -416 432) (-56 -440 432) (-23.999999999999986 -440 464) (-23.999999999999986 -416 464) 
4 100 101 (-56 -448 432) (-56 -472 432) (-23.999999999999986 -472 464) (-23.999999999999986 -448 464) 
3 101 103 (-24.000000000000057 -480 464) (-56 -480 464) (-56 -480 432.00000000000006) 
4 101 102 (-56 -440 464) (-56 -416 464) (-56 -416 432.00000000000006) (-56 -440 432.00000000000006) 
4 102 390 (-96 -416 248) (-96 -440 248) (-96 -440 464) (-96 -416 464) 
4 103 105 (-72 -528 344) (-72 -480 344) (80 -480 344) (80 -528 344) 
4 103 104 (-72 -528 464) (-72 -528 352) (80 -528 352) (80 -528 464) 
4 104 250 (-48 -536 464) (-72 -536 464) (-72 -536 352) (-48 -536 352) 
4 104 217 (80 -536 352) (80 -536 464) (-48 -536 464) (-48 -536 352) 
4 105 109 (-72 -528 320) (-72 -480 320) (80 -480 320) (80 -528 320) 
4 105 108 (-72 -528 320) (-64 -528 320) (-64 -528 344) (-72 -528 344) 
4 105 107 (-56 -528 320) (64 -528 320) (64 -528 344) (-56 -528 344) 
4 105 106 (72 -528 320) (80 -528 320) (80 -528 344) (72 -528 344) 
4 109 110 (-64 -480 312) (80 -480 312) (80 -528 312) (-64 -528 312) 
4 110 251 (-48 -536 312) (-64 -536 312) (-64 -536 304) (-48 -536 304) 
4 110 238 (-24 -536 312) (-48 -536 312) (-48 -536 304) (-24 -536 304) 
4 110 235 (16 -536 312) (-24 -536 312) (-24 -536 304) (16 -536 304) 
4 110 234 (80 -536 304) (80 -536 312) (16 -536 312) (16 -536 304) 
4 110 111 (-64 -480 304) (80 -480 304) (80 -536 304) (-64 -536 304) 
4 111 251 (-48 -536 304) (-64 -536 304) (-64 -536 256) (-48 -536 256) 
4 111 238 (-24 -536 304) (-48 -536 304) (-48 -536 256) (-24 -536 256) 
4 111 235 (16 -536 304) (-24 -536 304) (-24 -536 256) (16 -536 256) 
4 111 234 (80 -536 256) (80 -536 304) (16 -536 304) (16 -536 256) 
4 111 113 (-64 -480 256) (80 -480 256) (80 -536 256) (-64 -536 256) 
4 111 112 (-64 -480 256) (-64 -528 256) (-64 -528 304) (-64 -480 304) 
4 113 251 (-64 -536 248) (-48 -536 248) (-48 -536 256) (-64 -536 256) 
4 113 238 (-48 -536 248) (-24 -536 248) (-24 -536 256) (-48 -536 256) 
4 113 235 (-24 -536 248) (16 -536 248) (16 -536 256) (-24 -536 256) 
4 113 234 (16 -536 248) (80 -536 248) (80 -536 256) (16 -536 256) 
4 113 115 (80 -512 248) (80 -536 248) (-48 -536 248) (-48 -512 248) 
4 113 114 (80 -480 248) (80 -512 248) (-48 -512 248) (-48 -480 248) 
4 114 115 (-48 -512 248) (-48 -512 224) (80 -512 224) (80 -512 248) 
4 115 238 (-24 -536 248) (-48 -536 248) (-48 -536 216) (-24 -536 216) 
4 115 235 (16 -536 248) (-24 -536 248) (-24 -536 216) (16 -536 216) 
4 115 234 (80 -536 216) (80 -536 248) (16 -536 248) (16 -536 216) 
4 116 143 (-48 1024 -192) (-48 896 -192) (-48 896 208) (-48 1024 208) 
4 116 119 (-48 896 -192) (-48 1024 -192) (104 1024 -192) (104 896 -192) 
4 117 144 (-48 896 -192) (-48 384 -192) (-48 384 208) (-48 896 208) 
4 117 118 (-48 384 -16) (-48 384 -192) (104 384 -192) (104 384 -16) 
4 118 145 (-48 384 -192) (-48 360 -192) (-48 360 -16) (-48 384 -16) 
4 118 121 (-48 360 -16) (-48 360 -192) (104 360 -192) (104 360 -16) 
4 119 148 (-48 360 -208) (-48 360 -192) (-48 1088 -192) (-48 1088 -208) 
4 119 130 (-48 360 -192) (-48 360 -208) (104 360 -208) (104 360 -192) 
4 120 122 (-48 168 192) (-48 168 120) (104 168 120) (104 168 192) 
4 121 147 (-48 360 -16) (-48 360 -192) (-48 168 -192) (-48 168 -16) 
4 121 123 (-48 168 -8) (-48 168 -192) (104 168 -192) (104 168 -8) 
4 122 124 (-48 128 192) (-48 128 112) (104 128 112) (104 128 192) 
4 123 147 (-48 168 -16) (-48 168 -192) (-48 128 -192) (-48 128 -16) 
4 123 125 (-48 128 88) (-48 128 -192) (104 128 -192) (104 128 88) 
4 124 126 (-48 88 192) (-48 88 104) (104 88 104) (104 88 192) 
4 125 147 (-48 128 -16) (-48 128 -192) (-48 88 -192) (-48 88 -16) 
4 125 127 (-48 88 80) (-48 88 -192) (104 88 -192) (104 88 80) 
4 126 128 (-48 48 192) (-48 48 96) (104 48 96) (104 48 192) 
4 127 147 (-48 88 -16) (-48 88 -192) (-48 48 -192) (-48 48 -16) 
4 127 129 (-48 48 72) (-48 48 -192) (104 48 -192) (104 48 72) 
4 128 131 (-48 8 192) (-48 8 88) (104 8 88) (104 8 192) 
4 129 147 (-48 8 -192) (-48 8 -16) (-48 48 -16) (-48 48 -192) 
4 129 136 (-48 8 56) (-48 8 -192) (104 8 -192) (104 8 56) 
4 129 132 (-48 8 64) (-48 8 56) (104 8 56) (104 8 64) 
4 130 148 (-48 8 -208) (-48 8 -192) (-48 360 -192) (-48 360 -208) 
4 130 138 (-48 8 -192) (-48 8 -208) (104 8 -208) (104 8 -192) 
4 131 133 (-48 -32 192) (-48 -32 80) (104 -32 80) (104 -32 192) 
4 132 136 (-48 -32 56) (-48 8 56) (104 8 56) (104 -32 56) 
4 133 134 (-48 -72 192) (-48 -72 72) (104 -72 72) (104 -72 192) 
4 134 246 (-48 -536 96) (-48 -536 64) (40 -536 64) (40 -536 96) 
4 134 244 (40 -536 64) (88 -536 64) (88 -536 96) (40 -536 96) 
4 134 243 (88 -536 192) (-48 -536 192) (-48 -536 96) (88 -536 96) 
4 134 241 (104 -536 64) (104 -536 112) (88 -536 112) (88 -536 64) 
4 134 239 (104 -536 112) (104 -536 192) (88 -536 192) (88 -536 112) 
4 134 135 (-48 -536 64) (-48 -112 64) (104 -112 64) (104 -536 64) 
4 135 246 (40 -536 64) (-48 -536 64) (-48 -536 56) (40 -536 56) 
4 135 244 (88 -536 64) (40 -536 64) (40 -536 56) (88 -536 56) 
4 135 241 (104 -536 56) (104 -536 64) (88 -536 64) (88 -536 56) 
4 136 147 (-48 8 -16) (-48 8 -192) (-48 -72 -192) (-48 -72 -16) 
4 136 137 (-48 -72 -192) (104 -72 -192) (104 -72 48) (-48 -72 48) 
4 137 147 (-48 -112 -192) (-48 -112 -16) (-48 -72 -16) (-48 -72 -192) 
4 137 139 (104 -112 -192) (104 -112 40) (-48 -112 40) (-48 -112 -192) 
4 138 148 (-48 -112 -208) (-48 -112 -192) (-48 8 -192) (-48 8 -208) 
4 138 140 (104 -112 -208) (104 -112 -192) (-48 -112 -192) (-48 -112 -208) 
4 139 147 (-48 -152 -192) (-48 -152 -16) (-48 -112 -16) (-48 -112 -192) 
4 139 141 (104 -152 -192) (104 -152 -16) (-48 -152 -16) (-48 -152 -192) 
4 140 148 (-48 -152 -208) (-48 -152 -192) (-48 -112 -192) (-48 -112 -208) 
4 140 142 (104 -152 -208) (104 -152 -192) (-48 -152 -192) (-48 -152 -208) 
4 141 275 (104 -536 -192) (104 -536 -16) (-48 -536 -16) (-48 -536 -192) 
4 141 147 (-48 -536 -192) (-48 -536 -16) (-48 -152 -16) (-48 -152 -192) 
4 142 276 (104 -536 -208) (104 -536 -192) (-48 -536 -192) (-48 -536 -208) 
4 142 148 (-48 -536 -208) (-48 -536 -192) (-48 -152 -192) (-48 -152 -208) 
4 143 340 (-96 1024 -192) (-96 896 -192) (-96 896 208) (-96 1024 208) 
4 143 148 (-48 1024 -192) (-48 896 -192) (-96 896 -192) (-96 1024 -192) 
4 144 146 (-64 896 208) (-64 896 -192) (-64 384 -192) (-64 384 208) 
4 144 145 (-64 384 -16) (-64 384 -192) (-48 384 -192) (-48 384 -16) 
4 145 147 (-64 360 -192) (-48 360 -192) (-48 360 -16) (-64 360 -16) 
4 145 146 (-64 384 -192) (-64 360 -192) (-64 360 -16) (-64 384 -16) 
4 146 342 (-96 896 -192) (-96 360 -192) (-96 360 208) (-96 896 208) 
4 146 147 (-96 360 -192) (-64 360 -192) (-64 360 -16) (-96 360 -16) 
4 147 467 (-96 -320 -192) (-96 -536 -192) (-96 -536 -16) (-96 -320 -16) 
4 147 383 (-96 -288 -192) (-96 -320 -192) (-96 -320 -16) (-96 -288 -16) 
4 147 343 (-96 360 -192) (-96 -288 -192) (-96 -288 -16) (-96 360 -16) 
4 147 275 (-96 -536 -16) (-96 -536 -192) (-48 -536 -192) (-48 -536 -16) 
4 148 468 (-96 -536 -208) (-96 -536 -192) (-96 -320 -192) (-96 -320 -208) 
4 148 384 (-96 -320 -192) (-96 -288 -192) (-96 -288 -208) (-96 -320 -208) 
4 148 345 (-96 -288 -192) (-96 896 -192) (-96 896 -208) (-96 -288 -208) 
4 148 341 (-96 896 -192) (-96 1088 -192) (-96 1088 -208) (-96 896 -208) 
4 148 276 (-96 -536 -192) (-96 -536 -208) (-48 -536 -208) (-48 -536 -192) 
4 149 176 (1328 -600 2176) (1328 -600 2096) (1408 -600 2096) (1408 -600 2176) 
4 149 152 (1408 -600 2096) (1328 -600 2096) (1328 -536 2096) (1408 -536 2096) 
4 149 151 (1328 -536 2112) (1328 -536 2096) (1328 -600 2096) (1328 -600 2112) 
4 149 150 (1328 -536 2176) (1328 -536 2112) (1328 -600 2112) (1328 -600 2176) 
4 150 177 (1280 -600 2176) (1280 -600 2112) (1328 -600 2112) (1328 -600 2176) 
4 150 151 (1280 -600 2112) (1280 -536 2112) (1328 -536 2112) (1328 -600 2112) 
4 151 178 (1280 -600 2112) (1280 -600 2096) (1328 -600 2096) (1328 -600 2112) 
4 151 153 (1280 -536 2112) (1280 -536 2096) (1280 -600 2096) (1280 -600 2112) 
4 151 152 (1328 -600 2096) (1280 -600 2096) (1280 -536 2096) (1328 -536 2096) 
4 152 179 (1280 -600 2096) (1280 -600 312) (1408 -600 312) (1408 -600 2096) 
4 152 156 (1408 -600 312) (1280 -600 312) (1280 -536 312) (1408 -536 312) 
4 153 180 (360 -600 2112) (360 -600 2096) (1280 -600 2096) (1280 -600 2112) 
4 153 164 (360 -536 2112) (360 -536 2096) (360 -600 2096) (360 -600 2112) 
4 154 181 (504 -600 312) (1280 -600 312) (1280 -600 2096) (504 -600 2096) 
4 154 157 (1280 -600 312) (504 -600 312) (504 -536 312) (1280 -536 312) 
4 154 155 (504 -600 352) (504 -600 2096) (504 -536 2096) (504 -536 352) 
4 155 182 (360 -600 2096) (360 -600 352) (504 -600 352) (504 -600 2096) 
4 155 165 (360 -536 2096) (360 -536 352) (360 -600 352) (360 -600 2096) 
4 156 271 (1408 -600 -16) (1280 -600 -16) (1280 -536 -16) (1408 -536 -16) 
4 156 188 (1280 -600 -16) (1408 -600 -16) (1408 -600 312) (1280 -600 312) 
4 157 275 (1280 -600 -16) (648 -600 -16) (647.9999999999999 -536 -16) (1280 -536 -16) 
5 157 189 (504 -600 55.99999999999996) (647.9999999999999 -600 -16) (1280 -600 -16) (1280 -600 312) (504 -600 312) 
4 157 174 (648 -600 -16) (504 -600 56) (504 -536 56) (648 -536 -16) 
4 158 190 (488 -600 112) (488 -600 312) (424 -600 312) (424 -600 112) 
4 158 159 (424 -600 112) (424 -600 312) (424 -536 312) (424 -536 112) 
4 159 191 (424 -600 112) (424 -600 312) (408 -600 312) (408 -600 112) 
4 159 161 (408 -600 120) (408 -600 312) (408 -536 312) (408 -536 120) 
3 160 191 (408 -600 103.99999999999997) (424 -600 95.99999999999997) (424 -600 104) 
4 160 175 (424 -600 96) (408 -600 104) (408 -536 104) (424 -536 96) 
4 161 162 (392 -600 128) (392 -600 312) (392 -536 312) (392 -536 128) 
4 162 197 (392 -600 160) (392 -600 312) (376 -600 312) (376 -600 167.11111111111114) 
4 162 163 (376 -600 136) (376 -600 312) (376 -536 312) (376 -536 136) 
4 163 197 (360 -600 312) (360 -600 174.22222222222226) (376 -600 167.11111111111111) (376 -600 312) 
4 163 171 (360 -536 168) (360 -536 144) (360 -600 144) (360 -600 168) 
4 163 167 (360 -536 200) (360 -536 168) (360 -600 168) (360 -600 200) 
4 163 166 (360 -536 312) (360 -536 200) (360 -600 200) (360 -600 312) 
4 164 216 (232 -536 2112) (232 -536 2096) (232 -600 2096) (232 -600 2112) 
4 164 180 (232 -600 2112) (232 -600 2096) (360 -600 2096) (360 -600 2112) 
4 165 217 (232 -536 2096) (232 -536 352) (232 -600 352) (232 -600 2096) 
4 165 182 (232 -600 2096) (232 -600 352) (360 -600 352) (360 -600 2096) 
4 166 222 (232 -536 312) (232 -536 208) (232 -600 208) (232 -600 312) 
4 166 201 (232 -600 312) (232 -600 232.00000000000003) (304 -600 200) (304 -600 312) 
4 166 197 (320 -600 200) (360 -600 200) (360 -600 312) (320 -600 312) 
4 166 170 (264 -600 200) (248 -600 200) (248 -536 200) (264 -536 200) 
4 166 169 (280 -600 200) (264 -600 200) (264 -536 200) (280 -536 200) 
4 166 168 (296 -600 200) (280 -600 200) (280 -536 200) (296 -536 200) 
4 166 167 (360 -536 200) (360 -600 200) (296 -600 200) (296 -536 200) 
4 167 197 (360 -600 174.22222222222226) (360 -600 200) (320 -600 200) (320 -600 192.00000000000006) 
4 167 173 (312 -536 168) (328 -536 168) (328 -600 168) (312 -600 168) 
4 167 172 (328 -536 168) (344 -536 168) (344 -600 168) (328 -600 168) 
4 167 171 (344 -536 168) (360 -536 168) (360 -600 168) (344 -600 168) 
4 167 168 (296 -600 176) (296 -600 200) (296 -536 200) (296 -536 176) 
4 168 169 (280 -600 184) (280 -600 200) (280 -536 200) (280 -536 184) 
4 169 170 (264 -600 192) (264 -600 200) (264 -536 200) (264 -536 192) 
4 171 172 (344 -600 152) (344 -600 168) (344 -536 168) (344 -536 152) 
4 172 173 (328 -600 160) (328 -600 168) (328 -536 168) (328 -536 160) 
4 174 275 (648 -600 -16) (504 -600 -16) (504 -536 -16) (647.9999999999999 -536 -16) 
3 174 189 (504 -600 -16) (647.9999999999999 -600 -16) (504 -600 55.99999999999997) 
4 175 223 (232 -536 192) (232 -536 56) (232 -600 56) (232 -600 191.99999999999994) 
4 175 202 (232 -600 176.00000000000003) (232 -600 56) (304 -600 56) (304 -600 144.00000000000003) 
4 175 198 (320 -600 56) (392 -600 56) (392 -600 103.99999999999999) (320 -600 136) 
4 175 191 (408 -600 56) (424 -600 56) (424 -600 95.99999999999997) (408 -600 103.99999999999997) 
4 176 184 (1328 -2688 2112) (1328 -2688 2096) (1408 -2688 2096) (1408 -2688 2112) 
4 176 179 (1408 -2688 2096) (1328 -2688 2096) (1328 -600 2096) (1408 -600 2096) 
4 176 178 (1328 -600 2112) (1328 -600 2096) (1328 -2688 2096) (1328 -2688 2112) 
4 176 177 (1328 -600 2176) (1328 -600 2112) (1328 -2688 2112) (1328 -2688 2176) 
4 177 178 (1280 -2688 2112) (1280 -600 2112) (1328 -600 2112) (1328 -2688 2112) 
4 178 185 (1280 -2688 2112) (1280 -2688 2096) (1328 -2688 2096) (1328 -2688 2112) 
4 178 180 (1280 -600 2112) (1280 -600 2096) (1280 -2688 2096) (1280 -2688 2112) 
4 178 179 (1328 -2688 2096) (1280 -2688 2096) (1280 -600 2096) (1328 -600 2096) 
4 179 211 (1408 -2688 312) (1280 -2688 312) (1280 -816 312) (1408 -816 312) 
4 179 188 (1280 -816 312) (1280 -600 312) (1408 -600 312) (1408 -816 312) 
4 179 187 (1280 -2688 2096) (1280 -2688 312) (1408 -2688 312) (1408 -2688 2096) 
4 180 216 (232 -600 2112) (232 -600 2096) (232 -2688 2096) (232 -2688 2112) 
4 180 185 (232 -2688 2112) (232 -2688 2096) (1280 -2688 2096) (1280 -2688 2112) 
4 181 212 (1280 -2688 312) (504 -2688 312) (504 -816 312) (1280 -816 312) 
4 181 189 (504 -816 312) (504 -600 312) (1280 -600 312) (1280 -816 312) 
4 181 183 (504 -848 312) (504 -2688 312) (504 -2688 2096) (504 -848 2096) 
4 181 182 (504 -848 352) (504 -848 2096) (504 -600 2096) (504 -600 352) 
4 182 217 (232 -600 2096) (232 -600 352) (232 -848 352) (232 -848 2096) 
4 182 183 (504 -848 352) (504 -848 2096) (232 -848 2096) (232 -848 352) 
4 183 218 (232 -848 312) (232 -2688 312) (232 -2688 2096) (232 -848 2096) 
4 183 214 (488 -2688 312) (232 -2688 312) (232 -848 312) (488 -848 312) 
4 183 213 (504 -2688 312) (488 -2688 312) (488 -848 312) (504 -848 312) 
4 184 187 (1408 -2816 2096) (1328 -2816 2096) (1328 -2688 2096) (1408 -2688 2096) 
4 184 185 (1328 -2688 2096) (1328 -2816 2096) (1328 -2816 2112) (1328 -2688 2112) 
4 185 219 (232 -2688 2112) (232 -2688 2096) (232 -2816 2096) (232 -2816 2112) 
4 185 187 (1328 -2816 2096) (232 -2816 2096) (232 -2688 2096) (1328 -2688 2096) 
4 185 186 (232 -2816 2096) (1328 -2816 2096) (1328 -2816 2112) (232 -2816 2112) 
4 186 220 (232 -2816 2096) (232 -2848 2096) (232 -2848 2112) (232 -2816 2112) 
4 187 221 (232 -2688 2096) (232 -2688 312) (232 -2816 312) (232 -2816 2096) 
4 187 215 (232 -2816 312) (232 -2688 312) (1408 -2688 312) (1408 -2816 312) 
4 188 271 (1408 -816 -16) (1280 -816 -16) (1280 -600 -16) (1408 -600 -16) 
4 188 211 (1408 -816 312) (1280 -816 312) (1280 -816 -16) (1408 -816 -16) 
4 189 275 (1280 -816 -16) (504 -816 -16) (504 -600 -16) (1280 -600 -16) 
4 189 212 (1280 -816 312) (504 -816 312) (504 -816 -16) (1280 -816 -16) 
4 190 192 (424 -816 112) (424 -816 312) (424 -752 312) (424 -752 112) 
4 190 191 (424 -752 312) (424 -600 312) (424 -600 112) (424 -752 112) 
4 191 194 (408 -616 56) (408 -752 56) (408 -752 312) (408 -616 312) 
4 191 193 (408 -752 96) (408 -752 56) (424 -752 56) (424 -752 104) 
4 191 192 (408 -752 312) (408 -752 112) (424 -752 112) (424 -752 312) 
4 192 195 (408 -816 112) (408 -816 312) (408 -752 312) (408 -752 112) 
4 193 196 (408 -752 56) (408 -816 56) (408 -816 95.99999999999999) (408 -752 96) 
4 194 199 (392 -752 312) (392 -616 312) (392 -616 56) (392 -752 56) 
4 194 196 (392 -752 87.99999999999999) (392 -752 56) (408 -752 56) (408 -752 96) 
4 194 195 (392 -752 312) (392 -752 104) (408 -752 104) (408 -752 312) 
4 195 204 (392 -816 104) (392 -816 312) (392 -752 312) (392 -752 104) 
4 196 210 (392 -816 56) (392 -816 87.99999999999999) (392 -752 87.99999999999999) (392 -752 56) 
4 197 199 (320 -608 312) (320 -608 192.00000000000006) (392 -608 160.00000000000003) (392 -608 312) 
4 198 199 (320 -608 136) (320 -608 56) (392 -608 56) (392 -608 103.99999999999999) 
3 199 210 (392 -752 56) (392 -752 87.99999999999999) (328 -752 56) 
4 199 208 (328 -752 312) (320 -752 312) (320 -752 64) (328 -752 64) 
4 199 207 (344 -752 312) (328 -752 312) (328 -752 72) (344 -752 72) 
4 199 206 (360 -752 312) (344 -752 312) (344 -752 80) (360 -752 80) 
4 199 205 (376 -752 312) (360 -752 312) (360 -752 88) (376 -752 88) 
4 199 204 (392 -752 96) (392 -752 312) (376 -752 312) (376 -752 96) 
4 199 200 (320 -616 56) (320 -752 56) (320 -752 312) (320 -616 312) 
4 200 209 (312 -752 312) (304 -752 312) (304 -752 56) (312 -752 56) 
4 200 208 (320 -752 312) (312 -752 312) (312 -752 64) (320 -752 64) 
4 200 203 (304 -616 56) (304 -752 56) (304 -752 312) (304 -616 312) 
4 201 203 (304 -608 200.00000000000003) (304 -608 312) (232 -608 312) (232 -608 232.00000000000006) 
4 202 203 (232 -608 56) (304 -608 56) (304 -608 144.00000000000003) (232 -608 176) 
4 203 224 (232 -616 56) (232 -752 56) (232 -752 312) (232 -616 312) 
4 203 209 (304 -752 312) (232 -752 312) (232 -752 56) (304 -752 56) 
4 204 205 (376 -752 312) (376 -752 96) (376 -816 96) (376 -816 312) 
4 205 206 (360 -752 312) (360 -752 88) (360 -816 88) (360 -816 312) 
4 206 207 (344 -752 312) (344 -752 80) (344 -816 80) (344 -816 312) 
4 207 208 (328 -752 312) (328 -752 72) (328 -816 72) (328 -816 312) 
4 208 209 (312 -752 312) (312 -752 64) (312 -816 64) (312 -816 312) 
4 209 224 (232 -800 312) (232 -752 312) (232 -752 56) (232 -800 56) 
4 211 271 (1408 -2688 -16) (1280 -2688 -16) (1280 -816 -16) (1408 -816 -16) 
4 211 215 (1408 -2688 312) (1280 -2688 312) (1280 -2688 -16) (1408 -2688 -16) 
4 212 275 (1280 -2688 -16) (504 -2688 -16) (504 -816 -16) (1280 -816 -16) 
4 212 213 (504 -848 -16) (504 -2688 -16) (504 -2688 312) (504 -848 312) 
4 213 275 (504 -2688 -16) (488 -2688 -16) (488 -848 -16) (504 -848 -16) 
4 213 214 (488 -848 -16) (488 -2688 -16) (488 -2688 312) (488 -848 312) 
4 214 275 (488 -2688 -16) (232 -2688 -16) (232 -848 -16) (488 -848 -16) 
4 214 228 (232 -848 -16) (232 -2688 -16) (232 -2688 312) (232 -848 312) 
4 215 277 (232 -2816 -16) (232 -2688 -16) (1408 -2688 -16) (1408 -2816 -16) 
4 215 229 (232 -2688 -16) (232 -2816 -16) (232 -2816 312) (232 -2688 312) 
4 216 266 (-48 -848 2096) (-48 -2688 2096) (-48 -2688 2112) (-48 -848 2112) 
4 216 255 (-48 -664 2096) (-48 -848 2096) (-48 -848 2112) (-48 -664 2112) 
4 216 249 (-48 -536 2112) (-48 -536 2096) (-48 -664 2096) (-48 -664 2112) 
4 216 219 (-48 -2688 2112) (-48 -2688 2096) (232 -2688 2096) (232 -2688 2112) 
4 217 259 (-48 -808 352) (-48 -848 352) (-48 -848 480) (-48 -808 480) 
4 217 257 (-48 -672 352) (-48 -808 352) (-48 -808 480) (-48 -672 480) 
4 217 256 (-48 -848 480) (-48 -848 2096) (-48 -664 2096) (-48 -664 480) 
4 217 250 (-48 -536 2096) (-48 -536 352) (-48 -664 352) (-48 -664 2096) 
4 217 218 (232 -848 352) (232 -848 2096) (-48 -848 2096) (-48 -848 352) 
4 218 267 (-48 -848 312) (-48 -2688 312) (-48 -2688 2096) (-48 -848 2096) 
4 218 247 (-48 -2688 312) (-48 -848 312) (216 -848 312) (216 -2688 312) 
4 218 228 (216 -848 312) (232 -848 312) (232 -2688 312) (216 -2688 312) 
4 219 268 (-48 -2688 2112) (-48 -2688 2096) (-48 -2816 2096) (-48 -2816 2112) 
4 219 221 (-48 -2816 2096) (-48 -2688 2096) (232 -2688 2096) (232 -2816 2096) 
4 219 220 (-48 -2816 2096) (232 -2816 2096) (232 -2816 2112) (-48 -2816 2112) 
4 220 269 (-48 -2816 2096) (-48 -2848 2096) (-48 -2848 2112) (-48 -2816 2112) 
4 221 270 (-48 -2688 2096) (-48 -2688 312) (-48 -2816 312) (-48 -2816 2096) 
4 221 248 (-48 -2816 312) (-48 -2688 312) (216 -2688 312) (216 -2816 312) 
4 221 229 (216 -2688 312) (232 -2688 312) (232 -2816 312) (216 -2816 312) 
4 222 230 (216 -600 312) (216 -536 312) (216 -536 208) (216 -600 208) 
4 223 240 (216 -536 112) (216 -536 56) (216 -600 56) (216 -600 112) 
4 223 239 (216 -536 192) (216 -536 112) (216 -600 112) (216 -600 192) 
4 224 227 (224 -616 208) (224 -616 56) (224 -800 56) (224 -800 208) 
4 224 226 (224 -616 248) (224 -616 232) (224 -800 232) (224 -800 248) 
4 224 225 (224 -616 288) (224 -616 272) (224 -800 272) (224 -800 288) 
4 225 230 (216 -800 272) (216 -800 288) (216 -616 288) (216 -616 272) 
4 226 230 (216 -800 232) (216 -800 248) (216 -616 248) (216 -616 232) 
4 227 240 (216 -800 56) (216 -800 112) (216 -616 112) (216 -616 56) 
4 227 239 (216 -800 112) (216 -800 192) (216 -616 192) (216 -616 112) 
4 228 275 (216 -2688 -16) (216 -848 -16) (232 -848 -16) (232 -2688 -16) 
4 228 247 (216 -848 -16) (216 -2688 -16) (216 -2688 312) (216 -848 312) 
4 229 277 (216 -2816 -16) (216 -2688 -16) (232 -2688 -16) (232 -2816 -16) 
4 229 248 (216 -2688 -16) (216 -2816 -16) (216 -2816 312) (216 -2688 312) 
4 230 233 (120 -776 208) (120 -816 208) (120 -816 312) (120 -776 312) 
4 230 232 (120 -616 208) (120 -744 208) (120 -744 312) (120 -616 312) 
4 230 231 (120 -536 208) (120 -584 208) (120 -584 312) (120 -536 312) 
4 231 234 (80 -536 208) (80 -584 208) (80 -584 312) (80 -536 312) 
4 232 234 (80 -616 208) (80 -744 208) (80 -744 312) (80 -616 312) 
4 233 234 (80 -776 208) (80 -816 208) (80 -816 312) (80 -776 312) 
4 234 237 (16 -784 208) (16 -816 208) (16 -816 312) (16 -784 312) 
4 234 236 (16 -784 256) (16 -784 312) (16 -744 312) (16 -744 256) 
4 234 235 (16 -536 208) (16 -744 208) (16 -744 312) (16 -536 312) 
4 235 238 (-24 -536 208) (-24 -744 208) (-24 -744 312) (-24 -536 312) 
4 235 236 (-24 -744 312) (-24 -744 256) (16 -744 256) (16 -744 312) 
4 236 238 (-24 -784 256) (-24 -784 312) (-24 -744 312) (-24 -744 256) 
4 236 237 (-24 -784 312) (-24 -784 256) (16 -784 256) (16 -784 312) 
4 237 238 (-24 -784 208) (-24 -816 208) (-24 -816 312) (-24 -784 312) 
4 238 251 (-48 -536 312) (-48 -536 248) (-48 -664 248) (-48 -664 312) 
4 239 243 (88 -816 112) (88 -816 192) (88 -536 192) (88 -536 112) 
4 239 242 (152 -816 112) (88 -816 112) (88 -760 112) (152 -760 112) 
4 239 241 (88 -696 112) (88 -536 112) (152 -536 112) (152 -696 112) 
4 239 240 (216 -816 112) (152 -816 112) (152 -536 112) (216 -536 112) 
4 240 242 (152 -760 56) (152 -816 56) (152 -816 112) (152 -760 112) 
4 240 241 (152 -536 56) (152 -696 56) (152 -696 112) (152 -536 112) 
4 241 244 (88 -536 56) (88 -696 56) (88 -696 96) (88 -536 96) 
4 241 243 (88 -696 96) (88 -696 112) (88 -536 112) (88 -536 96) 
4 242 245 (88 -784 56) (88 -816 56) (88 -816 96) (88 -784 96) 
4 242 243 (88 -816 96) (88 -816 112) (88 -760 112) (88 -760 96) 
4 243 264 (-48 -808 112) (-48 -808 176) (-48 -800 176) (-48 -800 112) 
4 243 263 (-48 -800 176) (-48 -680 176) (-48 -680 112) (-48 -800 112) 
4 243 261 (-48 -680 176) (-48 -672 176) (-48 -672 112) (-48 -680 112) 
4 243 246 (40 -816 96) (-48 -816 96) (-48 -536 96) (40 -536 96) 
4 243 245 (88 -784 96) (88 -816 96) (40 -816 96) (40 -784 96) 
4 243 244 (88 -536 96) (88 -728 96) (40 -728 96) (40 -536 96) 
4 244 246 (40 -536 56) (40 -728 56) (40 -728 96) (40 -536 96) 
4 245 246 (40 -784 56) (40 -816 56) (40 -816 96) (40 -784 96) 
4 247 275 (-48 -2688 -16) (-48 -848 -16) (216 -848 -16) (216 -2688 -16) 
4 247 267 (-48 -848 -16) (-48 -2688 -16) (-48 -2688 312) (-48 -848 312) 
4 248 277 (-48 -2816 -16) (-48 -2688 -16) (216 -2688 -16) (216 -2816 -16) 
4 248 270 (-48 -2688 -16) (-48 -2816 -16) (-48 -2816 312) (-48 -2688 312) 
4 249 255 (-72 -664 2112) (-72 -664 2096) (-48 -664 2096) (-48 -664 2112) 
4 249 253 (-72 -536 2112) (-72 -536 2096) (-72 -664 2096) (-72 -664 2112) 
4 250 256 (-72 -664 2096) (-72 -664 480) (-48 -664 480) (-48 -664 2096) 
4 250 254 (-72 -536 2096) (-72 -536 480) (-72 -664 480) (-72 -664 2096) 
4 251 252 (-64 -664 256) (-64 -664 304) (-64 -536 304) (-64 -536 256) 
4 253 389 (-96 -536 2112) (-96 -536 2096) (-96 -664 2096) (-96 -664 2112) 
4 253 255 (-96 -664 2112) (-96 -664 2096) (-72 -664 2096) (-72 -664 2112) 
4 254 390 (-96 -536 2096) (-96 -536 480) (-96 -664 480) (-96 -664 2096) 
4 254 256 (-96 -664 2096) (-96 -664 480) (-72 -664 480) (-72 -664 2096) 
4 255 473 (-96 -816 2096) (-96 -848 2096) (-96 -848 2112) (-96 -816 2112) 
4 255 393 (-96 -672 2096) (-96 -816 2096) (-96 -816 2112) (-96 -672 2112) 
4 255 389 (-96 -664 2112) (-96 -664 2096) (-96 -672 2096) (-96 -672 2112) 
4 255 266 (-96 -848 2112) (-96 -848 2096) (-48 -848 2096) (-48 -848 2112) 
4 256 474 (-96 -816 480) (-96 -848 480) (-96 -848 2096) (-96 -816 2096) 
4 256 394 (-96 -672 480) (-96 -816 480) (-96 -816 2096) (-96 -672 2096) 
4 256 390 (-96 -664 2096) (-96 -664 480) (-96 -672 480) (-96 -672 2096) 
4 256 267 (-96 -848 2096) (-96 -848 480) (-48 -848 480) (-48 -848 2096) 
4 256 260 (-96 -816 480) (-96 -808 480) (-72 -808 480) (-72 -816 480) 
4 256 259 (-48 -848 480) (-72 -848 480) (-72 -808 480) (-48 -808 480) 
4 256 257 (-96 -808 480) (-96 -672 480) (-48 -672 480) (-48 -808 480) 
4 257 260 (-72 -808 480) (-96 -808 480) (-96 -808 352) (-72 -808 352) 
4 257 259 (-48 -808 352) (-48 -808 480) (-72 -808 480) (-72 -808 352) 
4 257 258 (-72 -808 352) (-96 -808 352) (-96 -672 352) (-72 -672 352) 
4 258 260 (-72 -808 352) (-96 -808 352) (-96 -808 320) (-72 -808 320) 
4 259 267 (-48 -848 352) (-48 -848 480) (-72 -848 480) (-72 -848 352) 
4 259 260 (-72 -808 480) (-72 -808 352) (-72 -816 352) (-72 -816 480) 
4 261 263 (-56 -680 112) (-48 -680 112) (-48 -680 176) (-56 -680 176) 
4 262 396 (-96 -672 112) (-96 -680 112) (-96 -680 176) (-96 -672 176) 
4 262 263 (-96 -680 112) (-88 -680 112) (-88 -680 176) (-96 -680 176) 
4 263 396 (-96 -680 112) (-96 -800 112) (-96 -800 176) (-96 -680 176) 
4 263 265 (-96 -800 112) (-88 -800 112) (-88 -800 176) (-96 -800 176) 
4 263 264 (-56 -800 112) (-48 -800 112) (-48 -800 176) (-56 -800 176) 
4 265 396 (-96 -800 112) (-96 -808 112) (-96 -808 176) (-96 -800 176) 
4 266 486 (-96 -848 2112) (-96 -848 2096) (-96 -2688 2096) (-96 -2688 2112) 
4 266 268 (-96 -2688 2112) (-96 -2688 2096) (-48 -2688 2096) (-48 -2688 2112) 
4 267 487 (-96 -848 2096) (-96 -848 -16) (-96 -2688 -16) (-96 -2688 2096) 
4 267 275 (-96 -2688 -16) (-96 -848 -16) (-48 -848 -16) (-48 -2688 -16) 
4 268 492 (-96 -2688 2112) (-96 -2688 2096) (-96 -2816 2096) (-96 -2816 2112) 
4 268 270 (-96 -2816 2096) (-96 -2688 2096) (-48 -2688 2096) (-48 -2816 2096) 
4 268 269 (-96 -2816 2096) (-48 -2816 2096) (-48 -2816 2112) (-96 -2816 2112) 
4 269 494 (-96 -2816 2096) (-96 -2848 2096) (-96 -2848 2112) (-96 -2816 2112) 
4 270 495 (-96 -2688 2096) (-96 -2688 -16) (-96 -2816 -16) (-96 -2816 2096) 
4 270 277 (-96 -2816 -16) (-96 -2688 -16) (-48 -2688 -16) (-48 -2816 -16) 
4 271 277 (1408 -2688 -16) (1280 -2688 -16) (1280 -2688 -192) (1408 -2688 -192) 
4 271 273 (1328 -2688 -192) (1280 -2688 -192) (1280 -536 -192) (1328 -536 -192) 
4 271 272 (1408 -2688 -192) (1328 -2688 -192) (1328 -536 -192) (1408 -536 -192) 
4 272 274 (1328 -2688 -256) (1328 -2688 -208) (1328 -536 -208) (1328 -536 -256) 
4 272 273 (1328 -2688 -208) (1328 -2688 -192) (1328 -536 -192) (1328 -536 -208) 
4 273 278 (1328 -2688 -208) (1328 -2688 -192) (1280 -2688 -192) (1280 -2688 -208) 
4 273 276 (1280 -2688 -208) (1280 -2688 -192) (1280 -536 -192) (1280 -536 -208) 
4 273 274 (1280 -2688 -208) (1280 -536 -208) (1328 -536 -208) (1328 -2688 -208) 
4 275 487 (-96 -848 -192) (-96 -2688 -192) (-96 -2688 -16) (-96 -848 -16) 
4 275 480 (-96 -816 -192) (-96 -848 -192) (-96 -848 -16) (-96 -816 -16) 
4 275 467 (-96 -536 -16) (-96 -536 -192) (-96 -816 -192) (-96 -816 -16) 
4 276 496 (-96 -848 -208) (-96 -2688 -208) (-96 -2688 -192) (-96 -848 -192) 
4 276 481 (-96 -816 -208) (-96 -848 -208) (-96 -848 -192) (-96 -816 -192) 
4 276 468 (-96 -536 -192) (-96 -536 -208) (-96 -816 -208) (-96 -816 -192) 
4 276 278 (1280 -2688 -208) (1280 -2688 -192) (-96 -2688 -192) (-96 -2688 -208) 
4 277 495 (-96 -2816 -16) (-96 -2688 -16) (-96 -2688 -192) (-96 -2816 -192) 
4 277 278 (-96 -2816 -192) (-96 -2688 -192) (1328 -2688 -192) (1328 -2816 -192) 
4 278 496 (-96 -2848 -208) (-96 -2848 -192) (-96 -2688 -192) (-96 -2688 -208) 
4 279 280 (-1344 1024 2096) (-96 1024 2096) (-96 1024 2112) (-1344 1024 2112) 
4 280 288 (-1344 896 2096) (-1280 896 2096) (-1280 896 2112) (-1344 896 2112) 
4 280 283 (-1280 896 2096) (-96 896 2096) (-96 896 2112) (-1280 896 2112) 
4 280 282 (-96 896 2096) (-1344 896 2096) (-1344 1024 2096) (-96 1024 2096) 
4 280 281 (-1344 1024 2112) (-1344 1024 2096) (-1344 896 2096) (-1344 896 2112) 
4 281 289 (-1408 896 2096) (-1344 896 2096) (-1344 896 2112) (-1408 896 2112) 
4 281 282 (-1344 896 2096) (-1408 896 2096) (-1408 1024 2096) (-1344 1024 2096) 
4 282 340 (-96 1024 224) (-96 896 224) (-1408 896 224) (-1408 1024 224) 
4 282 290 (-1408 896 224) (-1280 896 224) (-1280 896 2096) (-1408 896 2096) 
4 283 303 (-1280 336 2112) (-1280 336 2096) (-464 336 2096) (-464 336 2112) 
4 283 291 (-464 336 2096) (-96 336 2096) (-96 336 2112) (-464 336 2112) 
4 283 288 (-1280 896 2112) (-1280 896 2096) (-1280 336 2096) (-1280 336 2112) 
4 284 342 (-752 896 224) (-96 896 224) (-96 360 224) (-752 360 224) 
4 284 286 (-752 360 2096) (-752 896 2096) (-752 896 224) (-752 360 224) 
4 284 285 (-752 360 2096) (-752 360 504) (-96 360 504) (-96 360 2096) 
4 285 307 (-704 336 2096) (-752 336 2096) (-752 336 504) (-704 336 504) 
4 285 306 (-528 336 2096) (-704 336 2096) (-704 336 504) (-528 336 504) 
4 285 304 (-464 336 2096) (-528 336 2096) (-528 336 504) (-464 336 504) 
4 285 295 (-328 336 2096) (-464 336 2096) (-464 336 504) (-328 336 504) 
4 285 293 (-264 336 2096) (-328 336 2096) (-328 336 504) (-264 336 504) 
4 285 292 (-96 336 504) (-96 336 2096) (-264 336 2096) (-264 336 504) 
4 285 286 (-752 336 504) (-752 336 2096) (-752 360 2096) (-752 360 504) 
4 286 344 (-1280 896 224) (-752 896 224) (-752 336 224) (-1280 336 224) 
4 286 308 (-1280 336 2096) (-1280 336 224) (-752 336 224) (-752 336 2096) 
4 287 309 (-1344 336 2176) (-1344 336 2112) (-1280 336 2112) (-1280 336 2176) 
4 287 289 (-1344 896 2176) (-1344 896 2112) (-1344 336 2112) (-1344 336 2176) 
4 287 288 (-1344 336 2112) (-1344 896 2112) (-1280 896 2112) (-1280 336 2112) 
4 288 310 (-1344 336 2112) (-1344 336 2096) (-1280 336 2096) (-1280 336 2112) 
4 288 290 (-1344 896 2096) (-1280 896 2096) (-1280 336 2096) (-1344 336 2096) 
4 288 289 (-1344 896 2112) (-1344 896 2096) (-1344 336 2096) (-1344 336 2112) 
4 289 311 (-1408 336 2176) (-1408 336 2096) (-1344 336 2096) (-1344 336 2176) 
4 289 290 (-1408 896 2096) (-1344 896 2096) (-1344 336 2096) (-1408 336 2096) 
4 290 346 (-1408 896 224) (-1280 896 224) (-1280 336 224) (-1408 336 224) 
4 290 312 (-1408 336 224) (-1280 336 224) (-1280 336 2096) (-1408 336 2096) 
4 291 321 (-464 152 2112) (-464 152 2096) (-264 152 2096) (-264 152 2112) 
4 291 313 (-264 152 2096) (-96 152 2096) (-96 152 2112) (-264 152 2112) 
4 291 303 (-464 336 2112) (-464 336 2096) (-464 152 2096) (-464 152 2112) 
4 292 316 (-264 152 272) (-168 152 272) (-168 152 432) (-264 152 432) 
4 292 314 (-96 152 496) (-96 152 2096) (-264 152 2096) (-264 152 496) 
4 292 302 (-256 152 272) (-264 152 272) (-264 336 272) (-256 336 272) 
4 292 301 (-208 152 272) (-256 152 272) (-256 288 272) (-208 288 272) 
4 292 300 (-256 328 272) (-256 336 272) (-208 336 272) (-208 328 272) 
4 292 299 (-104 152 272) (-208 152 272) (-208 336 272) (-104 336 272) 
4 292 298 (-96 152 272) (-104 152 272) (-104 168 272) (-96 168 272) 
4 292 297 (-104 168 272) (-104 264 272) (-96 264 272) (-96 168 272) 
4 292 296 (-104 264 272) (-104 336 272) (-96 336 272) (-96 264 272) 
4 292 294 (-264 336 272) (-264 152 272) (-264 152 432) (-264 336 432) 
4 292 293 (-264 152 496) (-264 152 2096) (-264 336 2096) (-264 336 496) 
4 293 322 (-264 152 496) (-264 152 2096) (-328 152 2096) (-328 152 496) 
4 293 295 (-328 152 496) (-328 152 2096) (-328 336 2096) (-328 336 496) 
4 294 302 (-264 152 272) (-328 152 272) (-328 336 272) (-264 336 272) 
4 294 295 (-328 336 272) (-328 152 272) (-328 152 432) (-328 336 432) 
4 295 322 (-464 152 2096) (-464 152 496) (-328 152 496) (-328 152 2096) 
4 295 305 (-464 336 432) (-464 336 272) (-464 152 272) (-464 152 432) 
4 295 304 (-464 336 2096) (-464 336 496) (-464 152 496) (-464 152 2096) 
4 295 302 (-328 152 272) (-464 152 272) (-464 336 272) (-328 336 272) 
4 296 299 (-104 264 272) (-104 336 272) (-104 336 224) (-104 264 224) 
4 296 297 (-104 264 272) (-104 264 248) (-96 264 248) (-96 264 272) 
4 297 299 (-104 168 272) (-104 264 272) (-104 264 248) (-104 168 248) 
4 297 298 (-104 168 272) (-104 168 248) (-96 168 248) (-96 168 272) 
4 298 299 (-104 152 224) (-104 152 272) (-104 168 272) (-104 168 224) 
4 299 316 (-208 152 224) (-168 152 224) (-168 152 272) (-208 152 272) 
4 299 301 (-208 152 224) (-208 152 272) (-208 288 272) (-208 288 224) 
4 299 300 (-208 328 272) (-208 336 272) (-208 336 224) (-208 328 224) 
4 300 302 (-256 328 272) (-256 336 272) (-256 336 224) (-256 328 224) 
4 301 316 (-256 152 224) (-208 152 224) (-208 152 272) (-256 152 272) 
4 301 302 (-256 152 224) (-256 152 272) (-256 288 272) (-256 288 224) 
4 302 316 (-264 152 224) (-256 152 224) (-256 152 272) (-264 152 272) 
4 302 305 (-464 336 272) (-464 336 224) (-464 152 224) (-464 152 272) 
4 303 333 (-1280 152 2112) (-1280 152 2096) (-704 152 2096) (-704 152 2112) 
4 303 329 (-704 152 2096) (-528 152 2096) (-528 152 2112) (-704 152 2112) 
4 303 321 (-528 152 2096) (-464 152 2096) (-464 152 2112) (-528 152 2112) 
4 303 310 (-1280 336 2112) (-1280 336 2096) (-1280 152 2096) (-1280 152 2112) 
4 304 322 (-464 152 496) (-464 152 2096) (-528 152 2096) (-528 152 496) 
4 304 306 (-528 152 496) (-528 152 2096) (-528 336 2096) (-528 336 496) 
4 305 306 (-528 152 224) (-528 152 432) (-528 336 432) (-528 336 224) 
4 306 331 (-704 152 224) (-528 152 224) (-528 152 432) (-704 152 432) 
4 306 330 (-528 152 496) (-528 152 2096) (-704 152 2096) (-704 152 496) 
4 306 307 (-704 152 504) (-704 152 2096) (-704 336 2096) (-704 336 504) 
4 307 334 (-704 152 504) (-704 152 2096) (-752 152 2096) (-752 152 504) 
4 307 308 (-752 152 504) (-752 152 2096) (-752 336 2096) (-752 336 504) 
4 308 344 (-1280 336 224) (-752 336 224) (-752 152 224) (-1280 152 224) 
4 308 335 (-1280 152 2096) (-1280 152 224) (-752 152 224) (-752 152 2096) 
4 309 336 (-1344 152 2176) (-1344 152 2112) (-1280 152 2112) (-1280 152 2176) 
4 309 311 (-1344 336 2176) (-1344 336 2112) (-1344 152 2112) (-1344 152 2176) 
4 309 310 (-1344 152 2112) (-1344 336 2112) (-1280 336 2112) (-1280 152 2112) 
4 310 337 (-1344 152 2112) (-1344 152 2096) (-1280 152 2096) (-1280 152 2112) 
4 310 312 (-1344 336 2096) (-1280 336 2096) (-1280 152 2096) (-1344 152 2096) 
4 310 311 (-1344 336 2112) (-1344 336 2096) (-1344 152 2096) (-1344 152 2112) 
4 311 338 (-1408 152 2176) (-1408 152 2096) (-1344 152 2096) (-1344 152 2176) 
4 311 312 (-1408 336 2096) (-1344 336 2096) (-1344 152 2096) (-1408 152 2096) 
4 312 346 (-1408 336 224) (-1280 336 224) (-1280 152 224) (-1408 152 224) 
4 312 339 (-1408 152 224) (-1280 152 224) (-1280 152 2096) (-1408 152 2096) 
4 313 350 (-264 -288 2112) (-264 -288 2096) (-96 -288 2096) (-96 -288 2112) 
4 313 321 (-264 152 2112) (-264 152 2096) (-264 -288 2096) (-264 -288 2112) 
4 314 351 (-264 -288 2096) (-264 -288 496) (-96 -288 496) (-96 -288 2096) 
4 314 322 (-264 152 2096) (-264 152 496) (-264 -288 496) (-264 -288 2096) 
4 314 320 (-208 -288 496) (-264 -288 496) (-264 -224 496) (-208 -224 496) 
4 314 319 (-264 -224 496) (-264 -160 496) (-208 -160 496) (-208 -224 496) 
4 314 318 (-168 -288 496) (-208 -288 496) (-208 -160 496) (-168 -160 496) 
4 314 317 (-264 -160 496) (-264 48 496) (-168 48 496) (-168 -160 496) 
4 314 315 (-96 -288 496) (-168 -288 496) (-168 48 496) (-96 48 496) 
4 315 359 (-168 -288 224) (-152 -288 224) (-152 -288 312) (-168 -288 312) 
4 315 358 (-144 -288 224) (-128 -288 224) (-128 -288 312) (-144 -288 312) 
4 315 357 (-120 -288 224) (-104 -288 224) (-104 -288 312) (-120 -288 312) 
4 315 351 (-96 -288 480) (-96 -288 496) (-168 -288 496) (-168 -288 480) 
4 315 318 (-168 -288 496) (-168 -160 496) (-168 -160 224) (-168 -288 224) 
4 315 317 (-168 -160 496) (-168 48 496) (-168 48 224) (-168 -160 224) 
4 316 317 (-168 48 224) (-168 48 432) (-264 48 432) (-264 48 224) 
4 317 324 (-264 48 224) (-264 -160 224) (-264 -160 432) (-264 48 432) 
4 317 319 (-208 -160 496) (-264 -160 496) (-264 -160 272) (-208 -160 272) 
4 317 318 (-168 -160 224) (-168 -160 496) (-208 -160 496) (-208 -160 224) 
4 318 361 (-208 -288 224) (-200 -288 224) (-200 -288 312) (-208 -288 312) 
4 318 360 (-192 -288 224) (-176 -288 224) (-176 -288 312) (-192 -288 312) 
4 318 351 (-168 -288 480) (-168 -288 496) (-208 -288 496) (-208 -288 480) 
4 318 320 (-208 -224 224) (-208 -288 224) (-208 -288 496) (-208 -224 496) 
4 318 319 (-208 -160 496) (-208 -160 272) (-208 -224 272) (-208 -224 496) 
4 319 324 (-264 -224 272) (-264 -224 432) (-264 -160 432) (-264 -160 272) 
4 319 320 (-208 -224 272) (-208 -224 496) (-264 -224 496) (-264 -224 272) 
4 320 363 (-264 -288 312) (-264 -288 224) (-248 -288 224) (-248 -288 312) 
4 320 362 (-240 -288 224) (-224 -288 224) (-224 -288 312) (-240 -288 312) 
4 320 361 (-216 -288 224) (-208 -288 224) (-208 -288 312) (-216 -288 312) 
4 320 351 (-264 -288 496) (-264 -288 480) (-208 -288 480) (-208 -288 496) 
4 320 324 (-264 -224 224) (-264 -288 224) (-264 -288 432) (-264 -224 432) 
4 321 350 (-528 -288 2112) (-528 -288 2096) (-264 -288 2096) (-264 -288 2112) 
4 321 329 (-528 152 2112) (-528 152 2096) (-528 -288 2096) (-528 -288 2112) 
4 322 351 (-528 -288 2096) (-528 -288 496) (-264 -288 496) (-264 -288 2096) 
4 322 332 (-528 48 496) (-528 -288 496) (-528 -288 2096) (-528 48 2096) 
4 322 330 (-528 152 2096) (-528 152 496) (-528 48 496) (-528 48 2096) 
4 322 323 (-464 48 496) (-328 48 496) (-328 -288 496) (-464 -288 496) 
4 323 351 (-328 -288 480) (-328 -288 496) (-464 -288 496) (-464 -288 480) 
4 323 328 (-464 48 432) (-400 48 432) (-400 -288 432) (-464 -288 432) 
4 323 327 (-344 -176 432) (-344 -288 432) (-400 -288 432) (-400 -176 432) 
4 323 326 (-344 -112 432) (-344 -176 432) (-400 -176 432) (-400 -112 432) 
4 323 325 (-400 48 432) (-344 48 432) (-344 -112 432) (-400 -112 432) 
4 323 324 (-344 48 432) (-328 48 432) (-328 -288 432) (-344 -288 432) 
4 324 366 (-336 -288 224) (-320 -288 224) (-320 -288 312) (-336 -288 312) 
4 324 365 (-312 -288 224) (-296 -288 224) (-296 -288 312) (-312 -288 312) 
4 324 364 (-288 -288 224) (-272 -288 224) (-272 -288 312) (-288 -288 312) 
4 324 327 (-344 -288 432) (-344 -176 432) (-344 -176 224) (-344 -288 224) 
4 324 326 (-344 -176 432) (-344 -112 432) (-344 -112 272) (-344 -176 272) 
4 324 325 (-344 -112 432) (-344 48 432) (-344 48 224) (-344 -112 224) 
4 325 328 (-400 -112 432) (-400 48 432) (-400 48 224) (-400 -112 224) 
4 325 326 (-400 -112 432) (-400 -112 272) (-344 -112 272) (-344 -112 432) 
4 326 328 (-400 -176 432) (-400 -112 432) (-400 -112 272) (-400 -176 272) 
4 326 327 (-400 -176 432) (-400 -176 272) (-344 -176 272) (-344 -176 432) 
4 327 368 (-392 -288 224) (-368 -288 224) (-368 -288 312) (-392 -288 312) 
4 327 367 (-360 -288 224) (-344 -288 224) (-344 -288 312) (-360 -288 312) 
4 327 328 (-400 -288 432) (-400 -176 432) (-400 -176 224) (-400 -288 224) 
4 328 373 (-512 -288 224) (-496 -288 224) (-496 -288 312) (-512 -288 312) 
4 328 372 (-488 -288 224) (-472 -288 224) (-472 -288 312) (-488 -288 312) 
4 328 371 (-464 -288 224) (-448 -288 224) (-448 -288 312) (-464 -288 312) 
4 328 370 (-440 -288 224) (-424 -288 224) (-424 -288 312) (-440 -288 312) 
4 328 369 (-416 -288 224) (-400 -288 224) (-400 -288 312) (-416 -288 312) 
4 328 332 (-528 48 224) (-528 -288 224) (-528 -288 432) (-528 48 432) 
4 329 350 (-704 -288 2112) (-704 -288 2096) (-528 -288 2096) (-528 -288 2112) 
4 329 333 (-704 152 2112) (-704 152 2096) (-704 -288 2096) (-704 -288 2112) 
4 330 334 (-704 152 2096) (-704 152 504) (-704 48 504) (-704 48 2096) 
4 330 332 (-528 48 496) (-528 48 2096) (-704 48 2096) (-704 48 496) 
4 331 332 (-528 48 224) (-528 48 432) (-704 48 432) (-704 48 224) 
4 332 374 (-704 -288 312) (-704 -288 224) (-616 -288 224) (-616 -288 312) 
4 332 351 (-704 -288 2096) (-704 -288 480) (-528 -288 480) (-528 -288 2096) 
4 332 334 (-704 -288 504) (-704 -288 2096) (-704 48 2096) (-704 48 504) 
4 333 350 (-1280 -288 2112) (-1280 -288 2096) (-704 -288 2096) (-704 -288 2112) 
4 333 337 (-1280 152 2112) (-1280 152 2096) (-1280 -288 2096) (-1280 -288 2112) 
4 334 351 (-704 -288 504) (-704 -288 2096) (-752 -288 2096) (-752 -288 504) 
4 334 335 (-752 -288 2096) (-752 152 2096) (-752 152 504) (-752 -288 504) 
4 335 351 (-1280 -288 2096) (-1280 -288 480) (-752 -288 480) (-752 -288 2096) 
4 335 344 (-752 -288 224) (-1280 -288 224) (-1280 152 224) (-752 152 224) 
4 336 352 (-1344 -288 2176) (-1344 -288 2112) (-1280 -288 2112) (-1280 -288 2176) 
4 336 338 (-1344 152 2176) (-1344 152 2112) (-1344 -288 2112) (-1344 -288 2176) 
4 336 337 (-1344 -288 2112) (-1344 152 2112) (-1280 152 2112) (-1280 -288 2112) 
4 337 353 (-1344 -288 2112) (-1344 -288 2096) (-1280 -288 2096) (-1280 -288 2112) 
4 337 339 (-1344 152 2096) (-1280 152 2096) (-1280 -288 2096) (-1344 -288 2096) 
4 337 338 (-1344 152 2112) (-1344 152 2096) (-1344 -288 2096) (-1344 -288 2112) 
4 338 354 (-1408 -288 2176) (-1408 -288 2096) (-1344 -288 2096) (-1344 -288 2176) 
4 338 339 (-1408 152 2096) (-1344 152 2096) (-1344 -288 2096) (-1408 -288 2096) 
4 339 375 (-1408 -288 224) (-1280 -288 224) (-1280 -288 312) (-1408 -288 312) 
4 339 356 (-1280 -288 312) (-1280 -288 480) (-1408 -288 480) (-1408 -288 312) 
4 339 355 (-1280 -288 480) (-1280 -288 2096) (-1408 -288 2096) (-1408 -288 480) 
4 339 346 (-1280 -288 224) (-1408 -288 224) (-1408 152 224) (-1280 152 224) 
4 340 346 (-1408 896 -192) (-1280 896 -192) (-1280 896 224) (-1408 896 224) 
4 340 341 (-96 896 -192) (-1344 896 -192) (-1344 1024 -192) (-96 1024 -192) 
4 341 347 (-1280 896 -192) (-1344 896 -192) (-1344 896 -208) (-1280 896 -208) 
4 341 345 (-96 896 -208) (-96 896 -192) (-1280 896 -192) (-1280 896 -208) 
4 342 344 (-752 896 224) (-752 896 -192) (-752 360 -192) (-752 360 224) 
4 342 343 (-752 360 208) (-752 360 -192) (-96 360 -192) (-96 360 208) 
4 343 383 (-96 -288 -192) (-96 -288 -16) (-752 -288 -16) (-752 -288 -192) 
4 343 344 (-752 360 -192) (-752 -288 -192) (-752 -288 208) (-752 360 208) 
4 344 383 (-1280 -288 -16) (-1280 -288 -192) (-752 -288 -192) (-752 -288 -16) 
4 345 384 (-96 -288 -208) (-96 -288 -192) (-1280 -288 -192) (-1280 -288 -208) 
4 345 347 (-1280 896 -192) (-1280 896 -208) (-1280 -288 -208) (-1280 -288 -192) 
4 346 385 (-1408 -288 -192) (-1280 -288 -192) (-1280 -288 -16) (-1408 -288 -16) 
4 346 382 (-1280 -288 -16) (-1280 -288 216) (-1408 -288 216) (-1408 -288 -16) 
4 346 381 (-1280 -288 216) (-1280 -288 224) (-1408 -288 224) (-1408 -288 216) 
4 346 349 (-1408 896 -192) (-1344 896 -192) (-1344 -288 -192) (-1408 -288 -192) 
4 346 347 (-1344 896 -192) (-1280 896 -192) (-1280 -288 -192) (-1344 -288 -192) 
4 347 386 (-1280 -288 -208) (-1280 -288 -192) (-1344 -288 -192) (-1344 -288 -208) 
4 347 349 (-1344 -288 -208) (-1344 -288 -192) (-1344 896 -192) (-1344 896 -208) 
4 347 348 (-1344 -288 -208) (-1344 896 -208) (-1280 896 -208) (-1280 -288 -208) 
4 348 387 (-1280 -288 -256) (-1280 -288 -208) (-1344 -288 -208) (-1344 -288 -256) 
4 348 349 (-1344 -288 -256) (-1344 -288 -208) (-1344 896 -208) (-1344 896 -256) 
4 349 388 (-1344 -288 -256) (-1344 -288 -192) (-1408 -288 -192) (-1408 -288 -256) 
4 350 426 (-1280 -320 2112) (-1280 -320 2096) (-1000 -320 2096) (-1000 -320 2112) 
4 350 424 (-1000 -320 2096) (-864 -320 2096) (-864 -320 2112) (-1000 -320 2112) 
4 350 417 (-864 -320 2096) (-704 -320 2096) (-704 -320 2112) (-864 -320 2112) 
4 350 404 (-704 -320 2096) (-616 -320 2096) (-616 -320 2112) (-704 -320 2112) 
4 350 398 (-616 -320 2096) (-200 -320 2096) (-200 -320 2112) (-616 -320 2112) 
4 350 389 (-200 -320 2096) (-96 -320 2096) (-96 -320 2112) (-200 -320 2112) 
4 350 353 (-1280 -288 2112) (-1280 -288 2096) (-1280 -320 2096) (-1280 -320 2112) 
4 351 427 (-1280 -320 2096) (-1280 -320 480) (-1000 -320 480) (-1000 -320 2096) 
4 351 425 (-1000 -320 480) (-864 -320 480) (-864 -320 2096) (-1000 -320 2096) 
4 351 419 (-864 -320 480) (-720 -320 480) (-720 -320 2096) (-864 -320 2096) 
4 351 418 (-720 -320 480) (-704 -320 480) (-704 -320 2096) (-720 -320 2096) 
4 351 405 (-704 -320 480) (-616 -320 480) (-616 -320 2096) (-704 -320 2096) 
4 351 400 (-616 -320 480) (-600 -320 480) (-600 -320 2096) (-616 -320 2096) 
4 351 399 (-600 -320 480) (-200 -320 480) (-200 -320 2096) (-600 -320 2096) 
4 351 392 (-200 -320 480) (-112 -320 480) (-112 -320 2096) (-200 -320 2096) 
4 351 390 (-112 -320 480) (-96 -320 480) (-96 -320 2096) (-112 -320 2096) 
4 352 428 (-1344 -320 2176) (-1344 -320 2112) (-1280 -320 2112) (-1280 -320 2176) 
4 352 354 (-1344 -288 2176) (-1344 -288 2112) (-1344 -320 2112) (-1344 -320 2176) 
4 352 353 (-1344 -320 2112) (-1344 -288 2112) (-1280 -288 2112) (-1280 -320 2112) 
4 353 429 (-1344 -320 2112) (-1344 -320 2096) (-1280 -320 2096) (-1280 -320 2112) 
4 353 355 (-1344 -288 2096) (-1280 -288 2096) (-1280 -320 2096) (-1344 -320 2096) 
4 353 354 (-1344 -288 2112) (-1344 -288 2096) (-1344 -320 2096) (-1344 -320 2112) 
4 354 430 (-1408 -320 2176) (-1408 -320 2096) (-1344 -320 2096) (-1344 -320 2176) 
4 354 355 (-1408 -288 2096) (-1344 -288 2096) (-1344 -320 2096) (-1408 -320 2096) 
4 355 431 (-1408 -320 480) (-1280 -320 480) (-1280 -320 2096) (-1408 -320 2096) 
4 355 356 (-1280 -320 480) (-1408 -320 480) (-1408 -288 480) (-1280 -288 480) 
4 356 431 (-1408 -320 312) (-1280 -320 312) (-1280 -320 480) (-1408 -320 480) 
4 356 375 (-1280 -320 312) (-1408 -320 312) (-1408 -288 312) (-1280 -288 312) 
4 357 392 (-120 -320 216) (-112 -320 216) (-112 -320 312) (-120 -320 312) 
4 357 390 (-112 -320 216) (-104 -320 216) (-104 -320 312) (-112 -320 312) 
4 358 392 (-144 -320 216) (-128 -320 216) (-128 -320 312) (-144 -320 312) 
4 359 392 (-168 -320 216) (-152 -320 216) (-152 -320 312) (-168 -320 312) 
4 360 392 (-192 -320 216) (-176 -320 216) (-176 -320 312) (-192 -320 312) 
4 361 402 (-216 -320 216) (-200 -320 216) (-200 -320 248) (-216 -320 248) 
4 361 401 (-200 -320 248) (-200 -320 280) (-216 -320 280) (-216 -320 248) 
4 361 399 (-200 -320 280) (-200 -320 312) (-216 -320 312) (-216 -320 280) 
4 362 402 (-240 -320 216) (-224 -320 216) (-224 -320 248) (-240 -320 248) 
4 362 401 (-224 -320 248) (-224 -320 280) (-240 -320 280) (-240 -320 248) 
4 362 399 (-224 -320 280) (-224 -320 312) (-240 -320 312) (-240 -320 280) 
4 363 402 (-264 -320 216) (-248 -320 216) (-248 -320 248) (-264 -320 248) 
4 363 401 (-248 -320 248) (-248 -320 280) (-264 -320 280) (-264 -320 248) 
4 363 399 (-248 -320 280) (-248 -320 312) (-264 -320 312) (-264 -320 280) 
4 364 402 (-288 -320 216) (-272 -320 216) (-272 -320 248) (-288 -320 248) 
4 364 401 (-272 -320 248) (-272 -320 280) (-288 -320 280) (-288 -320 248) 
4 364 399 (-272 -320 280) (-272 -320 312) (-288 -320 312) (-288 -320 280) 
4 365 402 (-312 -320 216) (-296 -320 216) (-296 -320 248) (-312 -320 248) 
4 365 401 (-296 -320 248) (-296 -320 280) (-312 -320 280) (-312 -320 248) 
4 365 399 (-296 -320 280) (-296 -320 312) (-312 -320 312) (-312 -320 280) 
4 366 402 (-336 -320 216) (-320 -320 216) (-320 -320 248) (-336 -320 248) 
4 366 401 (-320 -320 248) (-320 -320 280) (-336 -320 280) (-336 -320 248) 
4 366 399 (-320 -320 280) (-320 -320 312) (-336 -320 312) (-336 -320 280) 
4 367 402 (-360 -320 216) (-344 -320 216) (-344 -320 248) (-360 -320 248) 
4 367 401 (-344 -320 248) (-344 -320 280) (-360 -320 280) (-360 -320 248) 
4 367 399 (-344 -320 280) (-344 -320 312) (-360 -320 312) (-360 -320 280) 
4 368 402 (-392 -320 216) (-368 -320 216) (-368 -320 248) (-392 -320 248) 
4 368 401 (-368 -320 248) (-368 -320 280) (-392 -320 280) (-392 -320 248) 
4 368 399 (-368 -320 280) (-368 -320 312) (-392 -320 312) (-392 -320 280) 
4 369 402 (-416 -320 216) (-400 -320 216) (-400 -320 248) (-416 -320 248) 
4 369 401 (-400 -320 248) (-400 -320 280) (-416 -320 280) (-416 -320 248) 
4 369 399 (-400 -320 280) (-400 -320 312) (-416 -320 312) (-416 -320 280) 
4 370 402 (-440 -320 216) (-424 -320 216) (-424 -320 248) (-440 -320 248) 
4 370 401 (-424 -320 248) (-424 -320 280) (-440 -320 280) (-440 -320 248) 
4 370 399 (-424 -320 280) (-424 -320 312) (-440 -320 312) (-440 -320 280) 
4 371 402 (-464 -320 216) (-448 -320 216) (-448 -320 248) (-464 -320 248) 
4 371 401 (-448 -320 248) (-448 -320 280) (-464 -320 280) (-464 -320 248) 
4 371 399 (-448 -320 280) (-448 -320 312) (-464 -320 312) (-464 -320 280) 
4 372 402 (-488 -320 216) (-472 -320 216) (-472 -320 248) (-488 -320 248) 
4 372 401 (-472 -320 248) (-472 -320 280) (-488 -320 280) (-488 -320 248) 
4 372 399 (-472 -320 280) (-472 -320 312) (-488 -320 312) (-488 -320 280) 
4 373 402 (-512 -320 216) (-496 -320 216) (-496 -320 248) (-512 -320 248) 
4 373 401 (-496 -320 248) (-496 -320 280) (-512 -320 280) (-512 -320 248) 
4 373 399 (-496 -320 280) (-496 -320 312) (-512 -320 312) (-512 -320 280) 
4 374 406 (-704 -320 224) (-616 -320 224) (-616 -320 312) (-704 -320 312) 
4 374 380 (-696 -288 224) (-688 -288 224) (-688 -320 224) (-696 -320 224) 
4 374 379 (-680 -288 224) (-672 -288 224) (-672 -320 224) (-680 -320 224) 
4 374 378 (-664 -288 224) (-656 -288 224) (-656 -320 224) (-664 -320 224) 
4 374 377 (-648 -288 224) (-640 -288 224) (-640 -320 224) (-648 -320 224) 
4 374 376 (-632 -288 224) (-624 -288 224) (-624 -320 224) (-632 -320 224) 
4 375 431 (-1408 -320 224) (-1280 -320 224) (-1280 -320 312) (-1408 -320 312) 
4 375 381 (-1408 -288 224) (-1280 -288 224) (-1280 -320 224) (-1408 -320 224) 
4 381 431 (-1408 -320 216) (-1280 -320 216) (-1280 -320 224) (-1408 -320 224) 
4 381 382 (-1280 -320 216) (-1408 -320 216) (-1408 -288 216) (-1280 -288 216) 
4 382 469 (-1408 -320 -16) (-1280 -320 -16) (-1280 -320 56) (-1408 -320 56) 
4 382 431 (-1280 -320 56) (-1280 -320 216) (-1408 -320 216) (-1408 -320 56) 
4 382 385 (-1280 -320 -16) (-1408 -320 -16) (-1408 -288 -16) (-1280 -288 -16) 
4 383 467 (-96 -320 -192) (-96 -320 -16) (-1280 -320 -16) (-1280 -320 -192) 
4 384 468 (-96 -320 -208) (-96 -320 -192) (-1280 -320 -192) (-1280 -320 -208) 
4 384 386 (-1280 -320 -208) (-1280 -320 -192) (-1280 -288 -192) (-1280 -288 -208) 
4 385 469 (-1408 -320 -192) (-1280 -320 -192) (-1280 -320 -16) (-1408 -320 -16) 
4 385 388 (-1408 -288 -192) (-1344 -288 -192) (-1344 -320 -192) (-1408 -320 -192) 
4 385 386 (-1344 -288 -192) (-1280 -288 -192) (-1280 -320 -192) (-1344 -320 -192) 
4 386 470 (-1280 -320 -208) (-1280 -320 -192) (-1344 -320 -192) (-1344 -320 -208) 
4 386 388 (-1344 -320 -208) (-1344 -320 -192) (-1344 -288 -192) (-1344 -288 -208) 
4 386 387 (-1344 -320 -208) (-1344 -288 -208) (-1280 -288 -208) (-1280 -320 -208) 
4 387 471 (-1280 -320 -256) (-1280 -320 -208) (-1344 -320 -208) (-1344 -320 -256) 
4 387 388 (-1344 -320 -256) (-1344 -320 -208) (-1344 -288 -208) (-1344 -288 -256) 
4 388 472 (-1344 -320 -256) (-1344 -320 -192) (-1408 -320 -192) (-1408 -320 -256) 
4 389 398 (-200 -320 2112) (-200 -320 2096) (-200 -672 2096) (-200 -672 2112) 
4 389 393 (-200 -672 2112) (-200 -672 2096) (-96 -672 2096) (-96 -672 2112) 
4 390 394 (-96 -672 480) (-96 -672 2096) (-112 -672 2096) (-112 -672 480) 
4 390 392 (-112 -672 216) (-112 -672 2096) (-112 -320 2096) (-112 -320 216) 
4 390 391 (-96 -672 216) (-112 -672 216) (-112 -648 216) (-96 -664 216) 
4 391 396 (-96 -672 112) (-96 -672 192) (-112 -672 192) (-112 -672 112) 
4 391 392 (-112 -648 56) (-112 -672 56) (-112 -672 216) (-112 -648 216) 
4 392 402 (-200 -320 248) (-200 -320 56) (-200 -672 56) (-200 -672 248) 
4 392 401 (-200 -320 280) (-200 -320 248) (-200 -672 248) (-200 -672 280) 
4 392 399 (-200 -320 2096) (-200 -320 280) (-200 -672 280) (-200 -672 2096) 
4 392 397 (-200 -672 112) (-200 -672 56) (-144 -672 56) (-144 -672 112) 
4 392 396 (-200 -672 192) (-200 -672 112) (-112 -672 112) (-112 -672 192) 
4 392 395 (-200 -672 480) (-200 -672 192) (-144 -672 192) (-144 -672 480) 
4 392 394 (-200 -672 2096) (-200 -672 480) (-112 -672 480) (-112 -672 2096) 
4 393 473 (-200 -816 2112) (-200 -816 2096) (-96 -816 2096) (-96 -816 2112) 
4 393 398 (-200 -672 2112) (-200 -672 2096) (-200 -816 2096) (-200 -816 2112) 
4 394 474 (-200 -816 2096) (-200 -816 480) (-96 -816 480) (-96 -816 2096) 
4 394 399 (-200 -672 2096) (-200 -672 480) (-200 -816 480) (-200 -816 2096) 
3 394 395 (-200 -760.0000000000001 480) (-200 -672 480) (-144 -672 480) 
4 395 402 (-200 -672 248) (-200 -672 192) (-200 -760.0000000000001 192) (-200 -760.0000000000001 248) 
4 395 401 (-200 -672 280) (-200 -672 248) (-200 -760.0000000000001 248) (-200 -760.0000000000001 280) 
4 395 399 (-200 -672 480) (-200 -672 280) (-200 -760.0000000000001 280) (-200 -760.0000000000001 480) 
3 395 396 (-200 -760.0000000000001 192) (-200 -672 192) (-144 -672 192) 
4 396 402 (-200 -672 192) (-200 -672 112) (-200 -816 112) (-200 -816 192) 
3 396 397 (-200 -760.0000000000001 112) (-200 -672 112) (-144 -672 112) 
4 397 402 (-200 -672 112) (-200 -672 56) (-200 -760.0000000000001 56) (-200 -760.0000000000001 112) 
4 398 473 (-616 -816 2112) (-616 -816 2096) (-200 -816 2096) (-200 -816 2112) 
4 398 404 (-616 -320 2112) (-616 -320 2096) (-616 -816 2096) (-616 -816 2112) 
4 399 474 (-200 -816 480) (-200 -816 2096) (-600 -816 2096) (-600 -816 480) 
4 399 401 (-600 -320 280) (-200 -320 280) (-200 -816 280) (-600 -816 280) 
4 399 400 (-600 -816 312) (-600 -816 2096) (-600 -320 2096) (-600 -320 312) 
4 400 474 (-616 -816 2096) (-616 -816 480) (-600 -816 480) (-600 -816 2096) 
4 400 405 (-616 -320 2096) (-616 -320 328) (-616 -816 328) (-616 -816 2096) 
4 401 410 (-616 -744 248) (-616 -816 248) (-616 -816 280) (-616 -744 280) 
4 401 406 (-616 -320 280) (-616 -320 248) (-616 -736 248) (-616 -736 280) 
4 401 402 (-600 -320 248) (-200 -320 248) (-200 -816 248) (-600 -816 248) 
4 402 403 (-600 -320 56) (-600 -816 56) (-600 -816 216) (-600 -320 216) 
4 403 412 (-616 -320 208) (-616 -320 56) (-616 -816 56) (-616 -816 208) 
4 404 473 (-704 -816 2112) (-704 -816 2096) (-616 -816 2096) (-616 -816 2112) 
4 404 453 (-704 -728 2096) (-704 -816 2096) (-704 -816 2112) (-704 -728 2112) 
4 404 432 (-704 -608 2096) (-704 -728 2096) (-704 -728 2112) (-704 -608 2112) 
4 404 417 (-704 -320 2112) (-704 -320 2096) (-704 -608 2096) (-704 -608 2112) 
4 405 474 (-704 -816 2096) (-704 -816 480) (-616 -816 480) (-616 -816 2096) 
4 405 454 (-704 -728 328) (-704 -816 328) (-704 -816 2096) (-704 -728 2096) 
4 405 433 (-704 -608 328) (-704 -728 328) (-704 -728 2096) (-704 -608 2096) 
4 405 418 (-704 -320 2096) (-704 -320 328) (-704 -608 328) (-704 -608 2096) 
4 406 454 (-704 -728 224) (-704 -736 224) (-704 -736 312) (-704 -728 312) 
4 406 409 (-704 -736 224) (-656 -736 224) (-656 -736 312) (-704 -736 312) 
4 406 408 (-648 -736 224) (-640 -736 224) (-640 -736 312) (-648 -736 312) 
4 406 407 (-632 -736 224) (-624 -736 224) (-624 -736 312) (-632 -736 312) 
4 407 410 (-624 -744 248) (-624 -744 312) (-632 -744 312) (-632 -744 248) 
4 408 411 (-648 -744 224) (-640 -744 224) (-640 -744 312) (-648 -744 312) 
4 409 454 (-704 -736 224) (-704 -744 224) (-704 -744 312) (-704 -736 312) 
4 409 411 (-704 -744 224) (-656 -744 224) (-656 -744 312) (-704 -744 312) 
4 410 411 (-632 -744 312) (-632 -744 248) (-632 -816 248) (-632 -816 312) 
4 411 454 (-704 -744 224) (-704 -816 224) (-704 -816 312) (-704 -744 312) 
4 412 414 (-640 -408 56) (-640 -816 56) (-640 -816 208) (-640 -408 208) 
4 412 413 (-640 -408 64) (-640 -408 208) (-640 -320 208) (-640 -320 64) 
4 413 415 (-664 -408 80) (-664 -408 208) (-664 -320 208) (-664 -320 80) 
4 413 414 (-640 -408 64) (-640 -408 208) (-664 -408 208) (-664 -408 64) 
4 414 416 (-664 -408 56) (-664 -816 56) (-664 -816 208) (-664 -408 208) 
4 415 420 (-704 -320 208) (-704 -320 96) (-704 -408 96) (-704 -408 208) 
4 415 416 (-664 -408 80) (-664 -408 208) (-704 -408 208) (-704 -408 80) 
4 416 451 (-704 -608 56) (-704 -728 56) (-704 -728 152) (-704 -608 152) 
4 416 441 (-704 -728 152) (-704 -728 160) (-704 -608 160) (-704 -608 152) 
4 417 432 (-864 -608 2112) (-864 -608 2096) (-704 -608 2096) (-704 -608 2112) 
4 417 424 (-864 -320 2112) (-864 -320 2096) (-864 -608 2096) (-864 -608 2112) 
4 418 433 (-704 -608 312) (-704 -608 2096) (-720 -608 2096) (-720 -608 312) 
4 418 419 (-720 -608 312) (-720 -608 2096) (-720 -320 2096) (-720 -320 312) 
4 419 434 (-864 -608 2096) (-864 -608 216) (-720 -608 216) (-720 -608 2096) 
4 419 425 (-864 -320 2096) (-864 -320 216) (-864 -608 216) (-864 -608 2096) 
4 419 423 (-864 -408 216) (-864 -320 216) (-824 -320 216) (-824 -408 216) 
4 419 422 (-824 -320 216) (-784 -320 216) (-784 -408 216) (-824 -408 216) 
4 419 421 (-784 -320 216) (-744 -320 216) (-744 -408 216) (-784 -408 216) 
4 419 420 (-744 -320 216) (-720 -320 216) (-720 -408 216) (-744 -408 216) 
4 420 421 (-744 -408 112) (-744 -408 216) (-744 -320 216) (-744 -320 112) 
4 421 422 (-784 -408 128) (-784 -408 216) (-784 -320 216) (-784 -320 128) 
4 422 423 (-824 -408 144) (-824 -408 216) (-824 -320 216) (-824 -320 144) 
4 423 425 (-864 -320 216) (-864 -320 160) (-864 -408 160) (-864 -408 216) 
4 424 432 (-1000 -608 2112) (-1000 -608 2096) (-864 -608 2096) (-864 -608 2112) 
4 424 426 (-1000 -320 2112) (-1000 -320 2096) (-1000 -608 2096) (-1000 -608 2112) 
4 425 436 (-1000 -608 216) (-1000 -608 160) (-864 -608 160) (-864 -608 216) 
4 425 434 (-1000 -608 2096) (-1000 -608 216) (-864 -608 216) (-864 -608 2096) 
4 425 427 (-1000 -320 2096) (-1000 -320 480) (-1000 -608 480) (-1000 -608 2096) 
4 426 432 (-1280 -608 2112) (-1280 -608 2096) (-1000 -608 2096) (-1000 -608 2112) 
4 426 429 (-1280 -320 2112) (-1280 -320 2096) (-1280 -608 2096) (-1280 -608 2112) 
4 427 435 (-1280 -608 2096) (-1280 -608 480) (-1000 -608 480) (-1000 -608 2096) 
4 428 437 (-1344 -608 2176) (-1344 -608 2112) (-1280 -608 2112) (-1280 -608 2176) 
4 428 430 (-1344 -320 2176) (-1344 -320 2112) (-1344 -608 2112) (-1344 -608 2176) 
4 428 429 (-1344 -608 2112) (-1344 -320 2112) (-1280 -320 2112) (-1280 -608 2112) 
4 429 438 (-1344 -608 2112) (-1344 -608 2096) (-1280 -608 2096) (-1280 -608 2112) 
4 429 431 (-1344 -320 2096) (-1280 -320 2096) (-1280 -608 2096) (-1344 -608 2096) 
4 429 430 (-1344 -320 2112) (-1344 -320 2096) (-1344 -608 2096) (-1344 -608 2112) 
4 430 439 (-1408 -608 2176) (-1408 -608 2096) (-1344 -608 2096) (-1344 -608 2176) 
4 430 431 (-1408 -320 2096) (-1344 -320 2096) (-1344 -608 2096) (-1408 -608 2096) 
4 431 469 (-1408 -320 56) (-1280 -320 56) (-1280 -608 56) (-1408 -608 56) 
4 431 452 (-1408 -608 56) (-1280 -608 56) (-1280 -608 152) (-1408 -608 152) 
4 431 450 (-1280 -608 152) (-1280 -608 160) (-1408 -608 160) (-1408 -608 152) 
4 431 440 (-1280 -608 160) (-1280 -608 2096) (-1408 -608 2096) (-1408 -608 160) 
4 432 461 (-1280 -728 2112) (-1280 -728 2096) (-1000 -728 2096) (-1000 -728 2112) 
4 432 459 (-1000 -728 2096) (-824 -728 2096) (-824 -728 2112) (-1000 -728 2112) 
4 432 457 (-824 -728 2096) (-784 -728 2096) (-784 -728 2112) (-824 -728 2112) 
4 432 455 (-784 -728 2096) (-744 -728 2096) (-744 -728 2112) (-784 -728 2112) 
4 432 453 (-744 -728 2096) (-704 -728 2096) (-704 -728 2112) (-744 -728 2112) 
4 432 438 (-1280 -608 2112) (-1280 -608 2096) (-1280 -728 2096) (-1280 -728 2112) 
4 433 454 (-704 -728 312) (-704 -728 2096) (-720 -728 2096) (-720 -728 312) 
4 433 434 (-720 -728 312) (-720 -728 2096) (-720 -608 2096) (-720 -608 312) 
4 434 460 (-1000 -728 216) (-824 -728 216) (-824 -728 2096) (-1000 -728 2096) 
4 434 458 (-824 -728 216) (-784 -728 216) (-784 -728 2096) (-824 -728 2096) 
4 434 456 (-784 -728 216) (-744 -728 216) (-744 -728 2096) (-784 -728 2096) 
4 434 454 (-744 -728 216) (-720 -728 216) (-720 -728 2096) (-744 -728 2096) 
4 434 436 (-864 -728 216) (-1000 -728 216) (-1000 -608 216) (-864 -608 216) 
4 434 435 (-1000 -728 480) (-1000 -728 2096) (-1000 -608 2096) (-1000 -608 480) 
4 435 462 (-1280 -728 2096) (-1280 -728 480) (-1000 -728 480) (-1000 -728 2096) 
4 436 460 (-1000 -728 160) (-864 -728 160) (-864 -728 216) (-1000 -728 216) 
4 436 449 (-984 -728 160) (-992 -728 160) (-992 -608 160) (-984 -608 160) 
4 436 448 (-968 -728 160) (-976 -728 160) (-976 -608 160) (-968 -608 160) 
4 436 447 (-952 -728 160) (-960 -728 160) (-960 -608 160) (-952 -608 160) 
4 436 446 (-936 -728 160) (-944 -728 160) (-944 -608 160) (-936 -608 160) 
4 436 445 (-920 -728 160) (-928 -728 160) (-928 -608 160) (-920 -608 160) 
4 436 444 (-904 -728 160) (-912 -728 160) (-912 -608 160) (-904 -608 160) 
4 436 443 (-888 -728 160) (-896 -728 160) (-896 -608 160) (-888 -608 160) 
4 436 442 (-872 -728 160) (-880 -728 160) (-880 -608 160) (-872 -608 160) 
4 437 463 (-1344 -728 2176) (-1344 -728 2112) (-1280 -728 2112) (-1280 -728 2176) 
4 437 439 (-1344 -608 2176) (-1344 -608 2112) (-1344 -728 2112) (-1344 -728 2176) 
4 437 438 (-1344 -728 2112) (-1344 -608 2112) (-1280 -608 2112) (-1280 -728 2112) 
4 438 464 (-1344 -728 2112) (-1344 -728 2096) (-1280 -728 2096) (-1280 -728 2112) 
4 438 440 (-1344 -608 2096) (-1280 -608 2096) (-1280 -728 2096) (-1344 -728 2096) 
4 438 439 (-1344 -608 2112) (-1344 -608 2096) (-1344 -728 2096) (-1344 -728 2112) 
4 439 465 (-1408 -728 2176) (-1408 -728 2096) (-1344 -728 2096) (-1344 -728 2176) 
4 439 440 (-1408 -608 2096) (-1344 -608 2096) (-1344 -728 2096) (-1408 -728 2096) 
4 440 466 (-1408 -728 160) (-1280 -728 160) (-1280 -728 2096) (-1408 -728 2096) 
4 440 450 (-1280 -728 160) (-1408 -728 160) (-1408 -608 160) (-1280 -608 160) 
4 441 451 (-704 -728 152) (-864 -728 152) (-864 -608 152) (-704 -608 152) 
4 442 451 (-872 -728 152) (-880 -728 152) (-880 -608 152) (-872 -608 152) 
4 443 451 (-888 -728 152) (-896 -728 152) (-896 -608 152) (-888 -608 152) 
4 444 451 (-904 -728 152) (-912 -728 152) (-912 -608 152) (-904 -608 152) 
4 445 451 (-920 -728 152) (-928 -728 152) (-928 -608 152) (-920 -608 152) 
4 446 451 (-936 -728 152) (-944 -728 152) (-944 -608 152) (-936 -608 152) 
4 447 451 (-952 -728 152) (-960 -728 152) (-960 -608 152) (-952 -608 152) 
4 448 451 (-968 -728 152) (-976 -728 152) (-976 -608 152) (-968 -608 152) 
4 449 451 (-984 -728 152) (-992 -728 152) (-992 -608 152) (-984 -608 152) 
4 450 466 (-1408 -728 152) (-1280 -728 152) (-1280 -728 160) (-1408 -728 160) 
4 450 452 (-1280 -728 152) (-1408 -728 152) (-1408 -608 152) (-1280 -608 152) 
4 452 469 (-1408 -608 56) (-1280 -608 56) (-1280 -728 56) (-1408 -728 56) 
4 452 466 (-1408 -728 56) (-1280 -728 56) (-1280 -728 152) (-1408 -728 152) 
4 453 473 (-744 -816 2112) (-744 -816 2096) (-704 -816 2096) (-704 -816 2112) 
4 453 455 (-744 -728 2112) (-744 -728 2096) (-744 -816 2096) (-744 -816 2112) 
4 454 474 (-744 -816 2096) (-744 -816 480) (-704 -816 480) (-704 -816 2096) 
4 454 456 (-744 -728 2096) (-744 -728 208) (-744 -816 208) (-744 -816 2096) 
4 455 473 (-784 -816 2112) (-784 -816 2096) (-744 -816 2096) (-744 -816 2112) 
4 455 457 (-784 -728 2112) (-784 -728 2096) (-784 -816 2096) (-784 -816 2112) 
4 456 474 (-784 -816 2096) (-784 -816 480) (-744 -816 480) (-744 -816 2096) 
4 456 458 (-784 -728 2096) (-784 -728 192) (-784 -816 192) (-784 -816 2096) 
4 457 473 (-824 -816 2112) (-824 -816 2096) (-784 -816 2096) (-784 -816 2112) 
4 457 459 (-824 -728 2112) (-824 -728 2096) (-824 -816 2096) (-824 -816 2112) 
4 458 474 (-824 -816 2096) (-824 -816 480) (-784 -816 480) (-784 -816 2096) 
4 458 460 (-824 -728 2096) (-824 -728 176) (-824 -816 176) (-824 -816 2096) 
4 459 473 (-1000 -816 2112) (-1000 -816 2096) (-824 -816 2096) (-824 -816 2112) 
4 459 461 (-1000 -728 2112) (-1000 -728 2096) (-1000 -816 2096) (-1000 -816 2112) 
4 460 474 (-1000 -816 2096) (-1000 -816 480) (-824 -816 480) (-824 -816 2096) 
4 460 462 (-1000 -728 2096) (-1000 -728 480) (-1000 -816 480) (-1000 -816 2096) 
4 461 473 (-1280 -816 2112) (-1280 -816 2096) (-1000 -816 2096) (-1000 -816 2112) 
4 461 464 (-1280 -728 2112) (-1280 -728 2096) (-1280 -816 2096) (-1280 -816 2112) 
4 462 474 (-1280 -816 2096) (-1280 -816 480) (-1000 -816 480) (-1000 -816 2096) 
4 463 475 (-1344 -816 2176) (-1344 -816 2112) (-1280 -816 2112) (-1280 -816 2176) 
4 463 465 (-1344 -728 2176) (-1344 -728 2112) (-1344 -816 2112) (-1344 -816 2176) 
4 463 464 (-1344 -816 2112) (-1344 -728 2112) (-1280 -728 2112) (-1280 -816 2112) 
4 464 476 (-1344 -816 2112) (-1344 -816 2096) (-1280 -816 2096) (-1280 -816 2112) 
4 464 466 (-1344 -728 2096) (-1280 -728 2096) (-1280 -816 2096) (-1344 -816 2096) 
4 464 465 (-1344 -728 2112) (-1344 -728 2096) (-1344 -816 2096) (-1344 -816 2112) 
4 465 477 (-1408 -816 2176) (-1408 -816 2096) (-1344 -816 2096) (-1344 -816 2176) 
4 465 466 (-1408 -728 2096) (-1344 -728 2096) (-1344 -816 2096) (-1408 -816 2096) 
4 466 479 (-1408 -816 56) (-1280 -816 56) (-1280 -816 480) (-1408 -816 480) 
4 466 478 (-1280 -816 480) (-1280 -816 2096) (-1408 -816 2096) (-1408 -816 480) 
4 466 469 (-1280 -816 56) (-1408 -816 56) (-1408 -728 56) (-1280 -728 56) 
4 467 480 (-96 -816 -192) (-96 -816 -16) (-1280 -816 -16) (-1280 -816 -192) 
4 468 481 (-96 -816 -208) (-96 -816 -192) (-1280 -816 -192) (-1280 -816 -208) 
4 468 470 (-1280 -816 -208) (-1280 -816 -192) (-1280 -320 -192) (-1280 -320 -208) 
4 469 482 (-1408 -816 -192) (-1280 -816 -192) (-1280 -816 -16) (-1408 -816 -16) 
4 469 479 (-1280 -816 -16) (-1280 -816 56) (-1408 -816 56) (-1408 -816 -16) 
4 469 472 (-1408 -320 -192) (-1344 -320 -192) (-1344 -816 -192) (-1408 -816 -192) 
4 469 470 (-1344 -320 -192) (-1280 -320 -192) (-1280 -816 -192) (-1344 -816 -192) 
4 470 483 (-1280 -816 -208) (-1280 -816 -192) (-1344 -816 -192) (-1344 -816 -208) 
4 470 472 (-1344 -816 -208) (-1344 -816 -192) (-1344 -320 -192) (-1344 -320 -208) 
4 470 471 (-1344 -816 -208) (-1344 -320 -208) (-1280 -320 -208) (-1280 -816 -208) 
4 471 484 (-1280 -816 -256) (-1280 -816 -208) (-1344 -816 -208) (-1344 -816 -256) 
4 471 472 (-1344 -816 -256) (-1344 -816 -208) (-1344 -320 -208) (-1344 -320 -256) 
4 472 485 (-1344 -816 -256) (-1344 -816 -192) (-1408 -816 -192) (-1408 -816 -256) 
4 473 486 (-1280 -848 2112) (-1280 -848 2096) (-96 -848 2096) (-96 -848 2112) 
4 473 476 (-1280 -816 2112) (-1280 -816 2096) (-1280 -848 2096) (-1280 -848 2112) 
4 474 487 (-1280 -848 2096) (-1280 -848 480) (-96 -848 480) (-96 -848 2096) 
4 475 488 (-1344 -848 2176) (-1344 -848 2112) (-1280 -848 2112) (-1280 -848 2176) 
4 475 477 (-1344 -816 2176) (-1344 -816 2112) (-1344 -848 2112) (-1344 -848 2176) 
4 475 476 (-1344 -848 2112) (-1344 -816 2112) (-1280 -816 2112) (-1280 -848 2112) 
4 476 489 (-1344 -848 2112) (-1344 -848 2096) (-1280 -848 2096) (-1280 -848 2112) 
4 476 478 (-1344 -816 2096) (-1280 -816 2096) (-1280 -848 2096) (-1344 -848 2096) 
4 476 477 (-1344 -816 2112) (-1344 -816 2096) (-1344 -848 2096) (-1344 -848 2112) 
4 477 490 (-1408 -848 2176) (-1408 -848 2096) (-1344 -848 2096) (-1344 -848 2176) 
4 477 478 (-1408 -816 2096) (-1344 -816 2096) (-1344 -848 2096) (-1408 -848 2096) 
4 478 491 (-1408 -848 480) (-1280 -848 480) (-1280 -848 2096) (-1408 -848 2096) 
4 478 479 (-1280 -848 480) (-1408 -848 480) (-1408 -816 480) (-1280 -816 480) 
4 479 491 (-1408 -848 -16) (-1280 -848 -16) (-1280 -848 480) (-1408 -848 480) 
4 479 482 (-1280 -848 -16) (-1408 -848 -16) (-1408 -816 -16) (-1280 -816 -16) 
4 480 487 (-96 -848 -192) (-96 -848 -16) (-1280 -848 -16) (-1280 -848 -192) 
4 481 496 (-96 -848 -208) (-96 -848 -192) (-1280 -848 -192) (-1280 -848 -208) 
4 481 483 (-1280 -848 -208) (-1280 -848 -192) (-1280 -816 -192) (-1280 -816 -208) 
4 482 491 (-1408 -848 -192) (-1280 -848 -192) (-1280 -848 -16) (-1408 -848 -16) 
4 482 485 (-1408 -816 -192) (-1344 -816 -192) (-1344 -848 -192) (-1408 -848 -192) 
4 482 483 (-1344 -816 -192) (-1280 -816 -192) (-1280 -848 -192) (-1344 -848 -192) 
4 483 497 (-1280 -848 -208) (-1280 -848 -192) (-1344 -848 -192) (-1344 -848 -208) 
4 483 485 (-1344 -848 -208) (-1344 -848 -192) (-1344 -816 -192) (-1344 -816 -208) 
4 483 484 (-1344 -848 -208) (-1344 -816 -208) (-1280 -816 -208) (-1280 -848 -208) 
4 484 498 (-1280 -848 -256) (-1280 -848 -208) (-1344 -848 -208) (-1344 -848 -256) 
4 484 485 (-1344 -848 -256) (-1344 -848 -208) (-1344 -816 -208) (-1344 -816 -256) 
4 485 499 (-1344 -848 -256) (-1344 -848 -192) (-1408 -848 -192) (-1408 -848 -256) 
4 486 492 (-1280 -2688 2112) (-1280 -2688 2096) (-96 -2688 2096) (-96 -2688 2112) 
4 486 489 (-1280 -848 2112) (-1280 -848 2096) (-1280 -2688 2096) (-1280 -2688 2112) 
4 488 490 (-1344 -848 2176) (-1344 -848 2112) (-1344 -2688 2112) (-1344 -2688 2176) 
4 488 489 (-1344 -2688 2112) (-1344 -848 2112) (-1280 -848 2112) (-1280 -2688 2112) 
4 489 492 (-1344 -2688 2112) (-1344 -2688 2096) (-1280 -2688 2096) (-1280 -2688 2112) 
4 489 491 (-1344 -848 2096) (-1280 -848 2096) (-1280 -2688 2096) (-1344 -2688 2096) 
4 489 490 (-1344 -848 2112) (-1344 -848 2096) (-1344 -2688 2096) (-1344 -2688 2112) 
4 490 493 (-1408 -2688 2112) (-1408 -2688 2096) (-1344 -2688 2096) (-1344 -2688 2112) 
4 490 491 (-1408 -848 2096) (-1344 -848 2096) (-1344 -2688 2096) (-1408 -2688 2096) 
4 491 499 (-1408 -848 -192) (-1344 -848 -192) (-1344 -2688 -192) (-1408 -2688 -192) 
4 491 497 (-1344 -848 -192) (-1280 -848 -192) (-1280 -2688 -192) (-1344 -2688 -192) 
4 491 495 (-1408 -2688 -192) (-1280 -2688 -192) (-1280 -2688 2096) (-1408 -2688 2096) 
4 492 495 (-1344 -2688 2096) (-96 -2688 2096) (-96 -2816 2096) (-1344 -2816 2096) 
4 492 494 (-1344 -2816 2096) (-96 -2816 2096) (-96 -2816 2112) (-1344 -2816 2112) 
4 492 493 (-1344 -2688 2096) (-1344 -2816 2096) (-1344 -2816 2112) (-1344 -2688 2112) 
4 493 495 (-1408 -2688 2096) (-1344 -2688 2096) (-1344 -2816 2096) (-1408 -2816 2096) 
4 495 500 (-1344 -2688 -192) (-1280 -2688 -192) (-1280 -2816 -192) (-1344 -2816 -192) 
4 495 496 (-1280 -2688 -192) (-96 -2688 -192) (-96 -2816 -192) (-1280 -2816 -192) 
4 496 500 (-1280 -2848 -208) (-1280 -2848 -192) (-1280 -2688 -192) (-1280 -2688 -208) 
4 496 497 (-1280 -2688 -192) (-1280 -848 -192) (-1280 -848 -208) (-1280 -2688 -208) 
4 497 500 (-1280 -2688 -208) (-1280 -2688 -192) (-1344 -2688 -192) (-1344 -2688 -208) 
4 497 499 (-1344 -2688 -208) (-1344 -2688 -192) (-1344 -848 -192) (-1344 -848 -208) 
4 497 498 (-1280 -2688 -208) (-1344 -2688 -208) (-1344 -848 -208) (-1280 -848 -208) 
4 498 499 (-1344 -2688 -256) (-1344 -2688 -208) (-1344 -848 -208) (-1344 -848 -256) 
0 -1
1 -1
2 -1
3 -1
4 -1
5 -1
6 -1
7 -1
8 -1
9 -1
10 -1
11 -1
12 -1
13 -1
14 -1
15 -1
16 -1
17 -1
18 -1
19 -1
20 -1
21 -1
22 -1
23 -1
24 -1
25 -1
26 -1
27 -1
28 -1
29 -1
30 -1
31 -1
32 -1
33 -1
34 -1
35 -1
36 -1
37 -1
38 -1
39 -1
40 -1
41 -1
42 -1
43 -1
44 -1
45 -1
46 -1
47 -1
48 -1
49 -1
50 -1
51 -1
52 -1
53 -1
54 -1
55 -1
56 -1
57 -1
58 -1
59 -1
60 -1
61 -1
62 -1
63 -1
64 -1
65 -1
66 -1
67 -1
68 -1
69 -1
70 -1
71 -1
72 -1
73 -1
74 -1
75 -1
76 -1
77 -1
78 -1
79 -1
80 -1
81 -1
82 -1
83 -1
84 -1
85 -1
86 -1
87 -1
88 -1
89 -1
90 -1
91 -1
92 -1
93 -1
94 -1
95 -1
96 -1
97 -1
98 -1
99 -1
100 -1
101 -1
102 -1
103 -1
104 -1
105 -1
106 -1
107 -1
108 -1
109 -1
110 -1
111 -1
112 -1
113 -1
114 -1
115 -1
116 -1
117 -1
118 -1
119 -1
120 -1
121 -1
122 -1
123 -1
124 -1
125 -1
126 -1
127 -1
128 -1
129 -1
130 -1
131 -1
132 -1
133 -1
134 -1
135 -1
136 -1
137 -1
138 -1
139 -1
140 -1
141 -1
142 -1
143 -1
144 -1
145 -1
146 -1
147 -1
148 -1
149 -1
150 -1
151 -1
152 -1
153 -1
154 -1
155 -1
156 -1
157 -1
158 -1
159 -1
160 -1
161 -1
162 -1
163 -1
164 -1
165 -1
166 -1
167 -1
168 -1
169 -1
170 -1
171 -1
172 -1
173 -1
174 -1
175 -1
176 -1
177 -1
178 -1
179 -1
180 -1
181 -1
182 -1
183 -1
184 -1
185 -1
186 -1
187 -1
188 -1
189 -1
190 -1
191 -1
192 -1
193 -1
194 -1
195 -1
196 -1
197 -1
198 -1
199 -1
200 -1
201 -1
202 -1
203 -1
204 -1
205 -1
206 -1
207 -1
208 -1
209 -1
210 -1
211 -1
212 -1
213 -1
214 -1
215 -1
216 -1
217 -1
218 -1
219 -1
220 -1
221 -1
222 -1
223 -1
224 -1
225 -1
226 -1
227 -1
228 -1
229 -1
230 -1
231 -1
232 -1
233 -1
234 -1
235 -1
236 -1
237 -1
238 -1
239 -1
240 -1
241 -1
242 -1
243 -1
244 -1
245 -1
246 -1
247 -1
248 -1
249 -1
250 -1
251 -1
252 -1
253 -1
254 -1
255 -1
256 -1
257 -1
258 -1
259 -1
260 -1
261 -1
262 -1
263 264 265 -1
266 -1
267 -1
268 -1
269 -1
270 -1
271 -1
272 -1
273 -1
274 -1
275 -1
276 -1
277 -1
278 -1
279 -1
280 -1
281 -1
282 -1
283 -1
284 -1
285 -1
286 -1
287 -1
288 -1
289 -1
290 -1
291 -1
292 -1
293 -1
294 -1
295 -1
296 -1
297 -1
298 -1
299 -1
300 -1
301 -1
302 -1
303 -1
304 -1
305 -1
306 -1
307 -1
308 -1
309 -1
310 -1
311 -1
312 -1
313 -1
314 -1
315 -1
316 -1
317 -1
318 -1
319 -1
320 -1
321 -1
322 -1
323 -1
324 -1
325 -1
326 -1
327 -1
328 -1
329 -1
330 -1
331 -1
332 -1
333 -1
334 -1
335 -1
336 -1
337 -1
338 -1
339 -1
340 -1
341 -1
342 -1
343 -1
344 -1
345 -1
346 -1
347 -1
348 -1
349 -1
350 -1
351 -1
352 -1
353 -1
354 -1
355 -1
356 -1
357 -1
358 -1
359 -1
360 -1
361 -1
362 -1
363 -1
364 -1
365 -1
366 -1
367 -1
368 -1
369 -1
370 -1
371 -1
372 -1
373 -1
374 -1
375 -1
376 -1
377 -1
378 -1
379 -1
380 -1
381 -1
382 -1
383 -1
384 -1
385 -1
386 -1
387 -1
388 -1
389 -1
390 -1
391 -1
392 -1
393 -1
394 -1
395 -1
396 -1
397 -1
398 -1
399 -1
400 -1
401 -1
402 -1
403 404 -1
405 -1
406 -1
407 -1
408 -1
409 -1
410 -1
411 -1
412 -1
413 -1
414 -1
415 -1
416 -1
417 -1
418 -1
419 -1
420 -1
421 -1
422 -1
423 -1
424 -1
425 -1
426 -1
427 -1
428 -1
429 -1
430 -1
431 -1
432 -1
433 -1
434 -1
435 -1
436 -1
437 -1
438 -1
439 -1
440 -1
441 -1
442 -1
443 -1
444 -1
445 -1
446 -1
447 -1
448 -1
449 -1
450 -1
451 -1
452 -1
453 -1
454 -1
455 -1
456 -1
457 -1
458 -1
459 -1
460 -1
461 -1
462 -1
463 -1
464 -1
465 -1
466 -1
467 -1
468 -1
469 -1
470 -1
471 -1
472 -1
473 -1
474 -1
475 -1
476 -1
477 -1
478 -1
479 -1
480 -1
481 -1
482 -1
483 -1
484 -1
485 -1
486 -1
487 -1
488 -1
489 -1
490 -1
491 -1
492 -1
493 -1
494 -1
495 -1
496 -1
497 -1
498 -1
499 -1
500 -1
501 -1
502 -1
503 -1
