---- qbsp / ericw-tools 2.0.0-alpha10-72-g67e9fd3b-dirty ----

--- Options Summary ---
    "forcegoodtree" was set to "1" (from command line)
    "wrbrushes" was set to "1" (from command line)

Input file: /home/kai/projects/disruptor/resources/maps/10/10.map
Output file: /home/kai/projects/disruptor/resources/maps/10/10.bsp

INFO: using built-in palette.
      272 entities
       14 unique textures
      102 texinfos
    1,100 unique planes

INFO: world extents calculated to 5608 units
      728 brushes
    4,430 sides
      125 side bevels

            0 texture frames added
Processing hull 0...
      6 DETAIL_WALL | DETAIL brushes
     25 WINDOW | MIRROR_INSIDE_SET | TRANSLUCENT | DETAIL brushes
      6 SKY brushes
    673 SOLID brushes
    710 brushes total
    4,322 visible sides
INFO: calculating BSP for 710 brushes with 4322 sides
      710 brushes
    4,316 visible faces
        6 non-visible faces
    2,416 nodes
        1 non-visible nodes
    2,416 expensive split nodes
    2,417 leaves
       11 SOLID | SKY leafs
        6 DETAIL_WALL | DETAIL leafs
       66 WINDOW | MIRROR_INSIDE_SET | TRANSLUCENT | DETAIL leafs
      925 SOLID leafs
       33 SOLID | WINDOW | MIRROR_INSIDE_SET leafs
      188 SKY leafs
    1,188 EMPTY leafs
    2,417 leafs total
    22 max tree height
    14 avg tree height
    11,824 tree portals
    173 outside leaves
    0 detail filled leafs
      710 brushes
    2,689 visible faces
    1,633 non-visible faces
    2,642 nodes
      434 non-visible nodes
    2,642 expensive split nodes
    2,643 leaves
       15 SOLID | SKY leafs
        6 DETAIL_WALL | DETAIL leafs
       64 WINDOW | MIRROR_INSIDE_SET | TRANSLUCENT | DETAIL leafs
    1,020 SOLID leafs
       33 SOLID | WINDOW | MIRROR_INSIDE_SET leafs
      221 SKY leafs
    1,284 EMPTY leafs
    2,643 leafs total
    22 max tree height
    14 avg tree height
    12,744 tree portals
    284 outside leaves
    0 detail filled leafs
    12,744 tree portals
    11,112 sides visible
    5,551 makefaces
    1,228 merged
    1,819 subdivided
    232 nodes pruned
    1,285 player-occupiable leaves
    1,192 clusters of leaves
    3,364 vis portals
fixing up cluster at 1824 -72 -520
fixing up cluster at 1744 -312 -824
fixing up cluster at 1744 -552 -824
fixing up cluster at 1732 -72 -520
fixing up cluster at 1272 -440 192
fixing up cluster at 1272 -584 192
fixing up cluster at 1204 -508 192
fixing up cluster at 1120 -508 192
fixing up cluster at 1060 -500 223.99999999999983
fixing up cluster at 1056 -500 120
fixing up cluster at 1023.9999999999998 -500 231.9999999999999
fixing up cluster at 1012 -500 180
fixing up cluster at 1024 -508 -380
fixing up cluster at 1024 -584 -312
fixing up cluster at 1024 -652 -252
fixing up cluster at 916 -252 -440
fixing up cluster at 448 120 -440
fixing up cluster at 396 120 -556
fixing up cluster at 448 120 -636
fixing up cluster at 396 120 -716
fixing up cluster at 332 120 -796
fixing up cluster at 2152 -804 44
fixing up cluster at 2152 -876 104
fixing up cluster at 2152 -940 68
fixing up cluster at 1968 -804 204
fixing up cluster at 1616 -1204 228
fixing up cluster at 1616 -1204 192
fixing up cluster at 1616 -1204 156
fixing up cluster at 1556 -1204 228
fixing up cluster at 1556 -1204 192
fixing up cluster at 1556 -1204 156
fixing up cluster at 1496 -1204 228
fixing up cluster at 1496 -1204 192
fixing up cluster at 1496 -1204 156
fixing up cluster at 1804 -1204 -64
fixing up cluster at 1772 -1204 -64
fixing up cluster at 1740 -1204 -64
fixing up cluster at 1708 -1204 -64
fixing up cluster at 1676 -1204 -64
fixing up cluster at 1644 -1204 -64
fixing up cluster at 1612 -1204 -64
fixing up cluster at 1580 -1204 -64
fixing up cluster at 1548 -1204 -64
fixing up cluster at 1516 -1204 -64
fixing up cluster at 1484 -1204 -64
fixing up cluster at 1452 -1204 -64
fixing up cluster at 1420 -1204 -64
fixing up cluster at 1388 -1204 -64
fixing up cluster at 1356 -1204 -64
fixing up cluster at 1324 -1204 -64
fixing up cluster at 1916 -1064 -516
fixing up cluster at 1916 -1304 -516
fixing up cluster at 1884 -932 -520
fixing up cluster at 1804 -932 -516
fixing up cluster at 1808 -1176 -516
fixing up cluster at 1444 -916 -516
fixing up cluster at 872 -1204 228
fixing up cluster at 872 -1204 192
fixing up cluster at 872 -1204 156
fixing up cluster at 816 -1204 228
fixing up cluster at 816 -1204 192
fixing up cluster at 816 -1204 156
fixing up cluster at 1300 -1348 12.000000000000028
fixing up cluster at 1300 -1348 -148
       15 SOLID | SKY leafs
       64 WINDOW | MIRROR_INSIDE_SET | TRANSLUCENT | DETAIL leafs
    1,000 EMPTY leafs
       32 SOLID | WINDOW | MIRROR_INSIDE_SET leafs
      221 SKY leafs
    1,079 SOLID leafs
    2,411 leafs total
    22 max tree height
    13 avg tree height
     5,139 edges added by tjunctions
     5,945 faces optimized through MWT
    17,132 triangles computed from MWT
     1,194 faces created via optimization of MWT triangles
    16,578 edges
     7,166 faces
Processing hull 1...
Processing hull 2...
Writing 10.bsp as Quake BSP bsp29
Wrote 10.bsp

count   lump name    byte size 
     19 models             1216
    697 planes            13940
   8363 vertexes         100356
   2518 nodes             60432
     74 texinfos           2960
   7274 faces            145480
   5010 clipnodes         40080
   1412 leafs             39536
   8846 marksurfaces      17692
  16795 edges             67180
  31923 surfedges        127692
     14 textures         707748
        lightdata             0
        visdata               0
        entdata           27312

BSPX lump name   byte size 
BRUSHLIST             23680

0.668s seconds elapsed


